Archive member included to satisfy reference by file (symbol)

C:/ST/STM32CubeIDE_1.14.1/STM32CubeIDE/plugins/com.st.stm32cube.ide.mcu.externaltools.gnu-tools-for-stm32.11.3.rel1.win32_1.1.100.202309141235/tools/bin/../lib/gcc/arm-none-eabi/11.3.1/../../../../arm-none-eabi/lib/thumb/v7e-m+fp/hard\libc_nano.a(libc_a-exit.o)
                              C:/ST/STM32CubeIDE_1.14.1/STM32CubeIDE/plugins/com.st.stm32cube.ide.mcu.externaltools.gnu-tools-for-stm32.11.3.rel1.win32_1.1.100.202309141235/tools/bin/../lib/gcc/arm-none-eabi/11.3.1/../../../../arm-none-eabi/lib/thumb/v7e-m+fp/hard/crt0.o (exit)
C:/ST/STM32CubeIDE_1.14.1/STM32CubeIDE/plugins/com.st.stm32cube.ide.mcu.externaltools.gnu-tools-for-stm32.11.3.rel1.win32_1.1.100.202309141235/tools/bin/../lib/gcc/arm-none-eabi/11.3.1/../../../../arm-none-eabi/lib/thumb/v7e-m+fp/hard\libc_nano.a(libc_a-findfp.o)
                              C:/ST/STM32CubeIDE_1.14.1/STM32CubeIDE/plugins/com.st.stm32cube.ide.mcu.externaltools.gnu-tools-for-stm32.11.3.rel1.win32_1.1.100.202309141235/tools/bin/../lib/gcc/arm-none-eabi/11.3.1/../../../../arm-none-eabi/lib/thumb/v7e-m+fp/hard\libc_nano.a(libc_a-exit.o) (__stdio_exit_handler)
C:/ST/STM32CubeIDE_1.14.1/STM32CubeIDE/plugins/com.st.stm32cube.ide.mcu.externaltools.gnu-tools-for-stm32.11.3.rel1.win32_1.1.100.202309141235/tools/bin/../lib/gcc/arm-none-eabi/11.3.1/../../../../arm-none-eabi/lib/thumb/v7e-m+fp/hard\libc_nano.a(libc_a-fwalk.o)
                              C:/ST/STM32CubeIDE_1.14.1/STM32CubeIDE/plugins/com.st.stm32cube.ide.mcu.externaltools.gnu-tools-for-stm32.11.3.rel1.win32_1.1.100.202309141235/tools/bin/../lib/gcc/arm-none-eabi/11.3.1/../../../../arm-none-eabi/lib/thumb/v7e-m+fp/hard\libc_nano.a(libc_a-findfp.o) (_fwalk_sglue)
C:/ST/STM32CubeIDE_1.14.1/STM32CubeIDE/plugins/com.st.stm32cube.ide.mcu.externaltools.gnu-tools-for-stm32.11.3.rel1.win32_1.1.100.202309141235/tools/bin/../lib/gcc/arm-none-eabi/11.3.1/../../../../arm-none-eabi/lib/thumb/v7e-m+fp/hard\libc_nano.a(libc_a-stdio.o)
                              C:/ST/STM32CubeIDE_1.14.1/STM32CubeIDE/plugins/com.st.stm32cube.ide.mcu.externaltools.gnu-tools-for-stm32.11.3.rel1.win32_1.1.100.202309141235/tools/bin/../lib/gcc/arm-none-eabi/11.3.1/../../../../arm-none-eabi/lib/thumb/v7e-m+fp/hard\libc_nano.a(libc_a-findfp.o) (__sread)
C:/ST/STM32CubeIDE_1.14.1/STM32CubeIDE/plugins/com.st.stm32cube.ide.mcu.externaltools.gnu-tools-for-stm32.11.3.rel1.win32_1.1.100.202309141235/tools/bin/../lib/gcc/arm-none-eabi/11.3.1/../../../../arm-none-eabi/lib/thumb/v7e-m+fp/hard\libc_nano.a(libc_a-memset.o)
                              C:/ST/STM32CubeIDE_1.14.1/STM32CubeIDE/plugins/com.st.stm32cube.ide.mcu.externaltools.gnu-tools-for-stm32.11.3.rel1.win32_1.1.100.202309141235/tools/bin/../lib/gcc/arm-none-eabi/11.3.1/../../../../arm-none-eabi/lib/thumb/v7e-m+fp/hard/crt0.o (memset)
C:/ST/STM32CubeIDE_1.14.1/STM32CubeIDE/plugins/com.st.stm32cube.ide.mcu.externaltools.gnu-tools-for-stm32.11.3.rel1.win32_1.1.100.202309141235/tools/bin/../lib/gcc/arm-none-eabi/11.3.1/../../../../arm-none-eabi/lib/thumb/v7e-m+fp/hard\libc_nano.a(libc_a-closer.o)
                              C:/ST/STM32CubeIDE_1.14.1/STM32CubeIDE/plugins/com.st.stm32cube.ide.mcu.externaltools.gnu-tools-for-stm32.11.3.rel1.win32_1.1.100.202309141235/tools/bin/../lib/gcc/arm-none-eabi/11.3.1/../../../../arm-none-eabi/lib/thumb/v7e-m+fp/hard\libc_nano.a(libc_a-stdio.o) (_close_r)
C:/ST/STM32CubeIDE_1.14.1/STM32CubeIDE/plugins/com.st.stm32cube.ide.mcu.externaltools.gnu-tools-for-stm32.11.3.rel1.win32_1.1.100.202309141235/tools/bin/../lib/gcc/arm-none-eabi/11.3.1/../../../../arm-none-eabi/lib/thumb/v7e-m+fp/hard\libc_nano.a(libc_a-reent.o)
                              C:/ST/STM32CubeIDE_1.14.1/STM32CubeIDE/plugins/com.st.stm32cube.ide.mcu.externaltools.gnu-tools-for-stm32.11.3.rel1.win32_1.1.100.202309141235/tools/bin/../lib/gcc/arm-none-eabi/11.3.1/../../../../arm-none-eabi/lib/thumb/v7e-m+fp/hard\libc_nano.a(libc_a-closer.o) (errno)
C:/ST/STM32CubeIDE_1.14.1/STM32CubeIDE/plugins/com.st.stm32cube.ide.mcu.externaltools.gnu-tools-for-stm32.11.3.rel1.win32_1.1.100.202309141235/tools/bin/../lib/gcc/arm-none-eabi/11.3.1/../../../../arm-none-eabi/lib/thumb/v7e-m+fp/hard\libc_nano.a(libc_a-impure.o)
                              C:/ST/STM32CubeIDE_1.14.1/STM32CubeIDE/plugins/com.st.stm32cube.ide.mcu.externaltools.gnu-tools-for-stm32.11.3.rel1.win32_1.1.100.202309141235/tools/bin/../lib/gcc/arm-none-eabi/11.3.1/../../../../arm-none-eabi/lib/thumb/v7e-m+fp/hard\libc_nano.a(libc_a-reent.o) (_impure_ptr)
C:/ST/STM32CubeIDE_1.14.1/STM32CubeIDE/plugins/com.st.stm32cube.ide.mcu.externaltools.gnu-tools-for-stm32.11.3.rel1.win32_1.1.100.202309141235/tools/bin/../lib/gcc/arm-none-eabi/11.3.1/../../../../arm-none-eabi/lib/thumb/v7e-m+fp/hard\libc_nano.a(libc_a-lseekr.o)
[...]
Memory Configuration

Name             Origin             Length             Attributes
FLASH            0x0000000008000000 0x0000000000080000 xr
RAM              0x0000000020000008 0x000000000002fff8 xrw
RAM_SHARED       0x0000000020030000 0x0000000000002800 xrw
*default*        0x0000000000000000 0xffffffffffffffff

Linker script and memory map

LOAD C:/ST/STM32CubeIDE_1.14.1/STM32CubeIDE/plugins/com.st.stm32cube.ide.mcu.externaltools.gnu-tools-for-stm32.11.3.rel1.win32_1.1.100.202309141235/tools/bin/../lib/gcc/arm-none-eabi/11.3.1/thumb/v7e-m+fp/hard/crti.o
LOAD C:/ST/STM32CubeIDE_1.14.1/STM32CubeIDE/plugins/com.st.stm32cube.ide.mcu.externaltools.gnu-tools-for-stm32.11.3.rel1.win32_1.1.100.202309141235/tools/bin/../lib/gcc/arm-none-eabi/11.3.1/thumb/v7e-m+fp/hard/crtbegin.o
LOAD C:/ST/STM32CubeIDE_1.14.1/STM32CubeIDE/plugins/com.st.stm32cube.ide.mcu.externaltools.gnu-tools-for-stm32.11.3.rel1.win32_1.1.100.202309141235/tools/bin/../lib/gcc/arm-none-eabi/11.3.1/../../../../arm-none-eabi/lib/thumb/v7e-m+fp/hard/crt0.o
LOAD ./Core/Src/gpio.o
LOAD ./Core/Src/main.o
LOAD ./Core/Src/memorymap.o
LOAD ./Core/Src/stm32wbxx_hal_msp.o
LOAD ./Core/Src/stm32wbxx_it.o
LOAD ./Core/Src/syscalls.o
LOAD ./Core/Src/sysmem.o
LOAD ./Core/Src/system_stm32wbxx.o
LOAD ./Core/Src/tim.o
LOAD ./Core/Src/usart.o
LOAD ./Core/Src/usb.o
LOAD ./Core/Startup/startup_stm32wb55rgvx.o
LOAD ./Drivers/STM32WBxx_HAL_Driver/Src/stm32wbxx_hal.o
LOAD ./Drivers/STM32WBxx_HAL_Driver/Src/stm32wbxx_hal_cortex.o
LOAD ./Drivers/STM32WBxx_HAL_Driver/Src/stm32wbxx_hal_dma.o
LOAD ./Drivers/STM32WBxx_HAL_Driver/Src/stm32wbxx_hal_dma_ex.o
LOAD ./Drivers/STM32WBxx_HAL_Driver/Src/stm32wbxx_hal_exti.o
LOAD ./Drivers/STM32WBxx_HAL_Driver/Src/stm32wbxx_hal_flash.o
LOAD ./Drivers/STM32WBxx_HAL_Driver/Src/stm32wbxx_hal_flash_ex.o
LOAD ./Drivers/STM32WBxx_HAL_Driver/Src/stm32wbxx_hal_gpio.o
LOAD ./Drivers/STM32WBxx_HAL_Driver/Src/stm32wbxx_hal_hsem.o
LOAD ./Drivers/STM32WBxx_HAL_Driver/Src/stm32wbxx_hal_pcd.o
LOAD ./Drivers/STM32WBxx_HAL_Driver/Src/stm32wbxx_hal_pcd_ex.o
LOAD ./Drivers/STM32WBxx_HAL_Driver/Src/stm32wbxx_hal_pwr.o
LOAD ./Drivers/STM32WBxx_HAL_Driver/Src/stm32wbxx_hal_pwr_ex.o
LOAD ./Drivers/STM32WBxx_HAL_Driver/Src/stm32wbxx_hal_rcc.o
LOAD ./Drivers/STM32WBxx_HAL_Driver/Src/stm32wbxx_hal_rcc_ex.o
LOAD ./Drivers/STM32WBxx_HAL_Driver/Src/stm32wbxx_hal_tim.o
LOAD ./Drivers/STM32WBxx_HAL_Driver/Src/stm32wbxx_hal_tim_ex.o
LOAD ./Drivers/STM32WBxx_HAL_Driver/Src/stm32wbxx_hal_uart.o
LOAD ./Drivers/STM32WBxx_HAL_Driver/Src/stm32wbxx_hal_uart_ex.o
LOAD ./Drivers/STM32WBxx_HAL_Driver/Src/stm32wbxx_ll_rcc.o
LOAD ./Drivers/STM32WBxx_HAL_Driver/Src/stm32wbxx_ll_usb.o
START GROUP
LOAD C:/ST/STM32CubeIDE_1.14.1/STM32CubeIDE/plugins/com.st.stm32cube.ide.mcu.externaltools.gnu-tools-for-stm32.11.3.rel1.win32_1.1.100.202309141235/tools/bin/../lib/gcc/arm-none-eabi/11.3.1/../../../../arm-none-eabi/lib/thumb/v7e-m+fp/hard\libc_nano.a
LOAD C:/ST/STM32CubeIDE_1.14.1/STM32CubeIDE/plugins/com.st.stm32cube.ide.mcu.externaltools.gnu-tools-for-stm32.11.3.rel1.win32_1.1.100.202309141235/tools/bin/../lib/gcc/arm-none-eabi/11.3.1/../../../../arm-none-eabi/lib/thumb/v7e-m+fp/hard\libm.a
END GROUP
START GROUP
LOAD C:/ST/STM32CubeIDE_1.14.1/STM32CubeIDE/plugins/com.st.stm32cube.ide.mcu.externaltools.gnu-tools-for-stm32.11.3.rel1.win32_1.1.100.202309141235/tools/bin/../lib/gcc/arm-none-eabi/11.3.1/thumb/v7e-m+fp/hard\libgcc.a
LOAD C:/ST/STM32CubeIDE_1.14.1/STM32CubeIDE/plugins/com.st.stm32cube.ide.mcu.externaltools.gnu-tools-for-stm32.11.3.rel1.win32_1.1.100.202309141235/tools/bin/../lib/gcc/arm-none-eabi/11.3.1/../../../../arm-none-eabi/lib/thumb/v7e-m+fp/hard\libc_nano.a
END GROUP
START GROUP
LOAD C:/ST/STM32CubeIDE_1.14.1/STM32CubeIDE/plugins/com.st.stm32cube.ide.mcu.externaltools.gnu-tools-for-stm32.11.3.rel1.win32_1.1.100.202309141235/tools/bin/../lib/gcc/arm-none-eabi/11.3.1/thumb/v7e-m+fp/hard\libgcc.a
LOAD C:/ST/STM32CubeIDE_1.14.1/STM32CubeIDE/plugins/com.st.stm32cube.ide.mcu.externaltools.gnu-tools-for-stm32.11.3.rel1.win32_1.1.100.202309141235/tools/bin/../lib/gcc/arm-none-eabi/11.3.1/../../../../arm-none-eabi/lib/thumb/v7e-m+fp/hard\libc_nano.a
LOAD C:/ST/STM32CubeIDE_1.14.1/STM32CubeIDE/plugins/com.st.stm32cube.ide.mcu.externaltools.gnu-tools-for-stm32.11.3.rel1.win32_1.1.100.202309141235/tools/bin/../lib/gcc/arm-none-eabi/11.3.1/../../../../arm-none-eabi/lib/thumb/v7e-m+fp/hard\libnosys.a
END GROUP
START GROUP
LOAD C:/ST/STM32CubeIDE_1.14.1/STM32CubeIDE/plugins/com.st.stm32cube.ide.mcu.externaltools.gnu-tools-for-stm32.11.3.rel1.win32_1.1.100.202309141235/tools/bin/../lib/gcc/arm-none-eabi/11.3.1/thumb/v7e-m+fp/hard\libgcc.a
LOAD C:/ST/STM32CubeIDE_1.14.1/STM32CubeIDE/plugins/com.st.stm32cube.ide.mcu.externaltools.gnu-tools-for-stm32.11.3.rel1.win32_1.1.100.202309141235/tools/bin/../lib/gcc/arm-none-eabi/11.3.1/../../../../arm-none-eabi/lib/thumb/v7e-m+fp/hard\libc_nano.a
LOAD C:/ST/STM32CubeIDE_1.14.1/STM32CubeIDE/plugins/com.st.stm32cube.ide.mcu.externaltools.gnu-tools-for-stm32.11.3.rel1.win32_1.1.100.202309141235/tools/bin/../lib/gcc/arm-none-eabi/11.3.1/../../../../arm-none-eabi/lib/thumb/v7e-m+fp/hard\libnosys.a
END GROUP
LOAD C:/ST/STM32CubeIDE_1.14.1/STM32CubeIDE/plugins/com.st.stm32cube.ide.mcu.externaltools.gnu-tools-for-stm32.11.3.rel1.win32_1.1.100.202309141235/tools/bin/../lib/gcc/arm-none-eabi/11.3.1/thumb/v7e-m+fp/hard/crtend.o
LOAD C:/ST/STM32CubeIDE_1.14.1/STM32CubeIDE/plugins/com.st.stm32cube.ide.mcu.externaltools.gnu-tools-for-stm32.11.3.rel1.win32_1.1.100.202309141235/tools/bin/../lib/gcc/arm-none-eabi/11.3.1/thumb/v7e-m+fp/hard/crtn.o
                0x0000000020030000                _estack = (ORIGIN (RAM) + LENGTH (RAM))
                0x0000000000000200                _Min_Heap_Size = 0x200
                0x0000000000000400                _Min_Stack_Size = 0x400

.isr_vector     0x0000000008000000      0x13c
                0x0000000008000000                . = ALIGN (0x4)
 *(.isr_vector)
 .isr_vector    0x0000000008000000      0x13c ./Core/Startup/startup_stm32wb55rgvx.o
                0x0000000008000000                g_pfnVectors
                0x000000000800013c                . = ALIGN (0x4)

.text           0x000000000800013c     0x4b9c
                0x000000000800013c                . = ALIGN (0x4)
 *(.text)
 .text          0x000000000800013c       0x40 C:/ST/STM32CubeIDE_1.14.1/STM32CubeIDE/plugins/com.st.stm32cube.ide.mcu.externaltools.gnu-tools-for-stm32.11.3.rel1.win32_1.1.100.202309141235/tools/bin/../lib/gcc/arm-none-eabi/11.3.1/thumb/v7e-m+fp/hard/crtbegin.o
 .text          0x000000000800017c       0x30 C:/ST/STM32CubeIDE_1.14.1/STM32CubeIDE/plugins/com.st.stm32cube.ide.mcu.externaltools.gnu-tools-for-stm32.11.3.rel1.win32_1.1.100.202309141235/tools/bin/../lib/gcc/arm-none-eabi/11.3.1/thumb/v7e-m+fp/hard\libgcc.a(_aeabi_uldivmod.o)
                0x000000000800017c                __aeabi_uldivmod
 .text          0x00000000080001ac      0x2c8 C:/ST/STM32CubeIDE_1.14.1/STM32CubeIDE/plugins/com.st.stm32cube.ide.mcu.externaltools.gnu-tools-for-stm32.11.3.rel1.win32_1.1.100.202309141235/tools/bin/../lib/gcc/arm-none-eabi/11.3.1/thumb/v7e-m+fp/hard\libgcc.a(_udivmoddi4.o)
                0x00000000080001ac                __udivmoddi4
 .text          0x0000000008000474        0x4 C:/ST/STM32CubeIDE_1.14.1/STM32CubeIDE/plugins/com.st.stm32cube.ide.mcu.externaltools.gnu-tools-for-stm32.11.3.rel1.win32_1.1.100.202309141235/tools/bin/../lib/gcc/arm-none-eabi/11.3.1/thumb/v7e-m+fp/hard\libgcc.a(_dvmd_tls.o)
                0x0000000008000474                __aeabi_idiv0
                0x0000000008000474                __aeabi_ldiv0
 *(.text*)
 .text.LL_AHB2_GRP1_EnableClock
                0x0000000008000478       0x32 ./Core/Src/gpio.o
 *fill*         0x00000000080004aa        0x2 
 .text.MX_GPIO_Init
                0x00000000080004ac       0xd8 ./Core/Src/gpio.o
                0x00000000080004ac                MX_GPIO_Init
 .text.LL_RCC_LSE_SetDriveCapability
                0x0000000008000584       0x2c ./Core/Src/main.o
 .text.main     0x00000000080005b0       0x80 ./Core/Src/main.o
                0x00000000080005b0                main
 .text.SystemClock_Config
                0x0000000008000630       0xe8 ./Core/Src/main.o
                0x0000000008000630                SystemClock_Config
 .text.PeriphCommonClock_Config
                0x0000000008000718       0x3a ./Core/Src/main.o
                0x0000000008000718                PeriphCommonClock_Config
 .text.Error_Handler
                0x0000000008000752        0xa ./Core/Src/main.o
                0x0000000008000752                Error_Handler
 .text.HAL_MspInit
                0x000000000800075c        0xe ./Core/Src/stm32wbxx_hal_msp.o
                0x000000000800075c                HAL_MspInit
 .text.NMI_Handler
                0x000000000800076a        0x6 ./Core/Src/stm32wbxx_it.o
                0x000000000800076a                NMI_Handler
 .text.HardFault_Handler
                0x0000000008000770        0x6 ./Core/Src/stm32wbxx_it.o
                0x0000000008000770                HardFault_Handler
 .text.MemManage_Handler
                0x0000000008000776        0x6 ./Core/Src/stm32wbxx_it.o
                0x0000000008000776                MemManage_Handler
 .text.BusFault_Handler
                0x000000000800077c        0x6 ./Core/Src/stm32wbxx_it.o
                0x000000000800077c                BusFault_Handler
 .text.UsageFault_Handler
                0x0000000008000782        0x6 ./Core/Src/stm32wbxx_it.o
                0x0000000008000782                UsageFault_Handler
 .text.SVC_Handler
                0x0000000008000788        0xe ./Core/Src/stm32wbxx_it.o
                0x0000000008000788                SVC_Handler
 .text.DebugMon_Handler
                0x0000000008000796        0xe ./Core/Src/stm32wbxx_it.o
                0x0000000008000796                DebugMon_Handler
 .text.PendSV_Handler
                0x00000000080007a4        0xe ./Core/Src/stm32wbxx_it.o
                0x00000000080007a4                PendSV_Handler
 .text.SysTick_Handler
                0x00000000080007b2        0xc ./Core/Src/stm32wbxx_it.o
                0x00000000080007b2                SysTick_Handler
 *fill*         0x00000000080007be        0x2 
 .text.SystemInit
                0x00000000080007c0       0xa4 ./Core/Src/system_stm32wbxx.o
                0x00000000080007c0                SystemInit
 .text.LL_AHB2_GRP1_EnableClock
                0x0000000008000864       0x32 ./Core/Src/tim.o
 .text.LL_APB1_GRP1_EnableClock
                0x0000000008000896       0x32 ./Core/Src/tim.o
 .text.MX_TIM2_Init
                0x00000000080008c8      0x104 ./Core/Src/tim.o
                0x00000000080008c8                MX_TIM2_Init
 .text.HAL_TIM_Base_MspInit
                0x00000000080009cc       0x20 ./Core/Src/tim.o
                0x00000000080009cc                HAL_TIM_Base_MspInit
 .text.HAL_TIM_MspPostInit
                0x00000000080009ec       0x54 ./Core/Src/tim.o
                0x00000000080009ec                HAL_TIM_MspPostInit
 .text.LL_AHB2_GRP1_EnableClock
                0x0000000008000a40       0x32 ./Core/Src/usart.o
 .text.LL_APB2_GRP1_EnableClock
                0x0000000008000a72       0x32 ./Core/Src/usart.o
 .text.MX_USART1_UART_Init
                0x0000000008000aa4       0x9c ./Core/Src/usart.o
                0x0000000008000aa4                MX_USART1_UART_Init
 .text.HAL_UART_MspInit
                0x0000000008000b40       0x8c ./Core/Src/usart.o
                0x0000000008000b40                HAL_UART_MspInit
 .text.LL_AHB2_GRP1_EnableClock
                0x0000000008000bcc       0x32 ./Core/Src/usb.o
 .text.LL_APB1_GRP1_EnableClock
                0x0000000008000bfe       0x32 ./Core/Src/usb.o
 .text.MX_USB_PCD_Init
                0x0000000008000c30       0x50 ./Core/Src/usb.o
                0x0000000008000c30                MX_USB_PCD_Init
 .text.HAL_PCD_MspInit
                0x0000000008000c80       0xac ./Core/Src/usb.o
                0x0000000008000c80                HAL_PCD_MspInit
 .text.data_initializers
                0x0000000008000d2c       0x18 ./Core/Startup/startup_stm32wb55rgvx.o
 .text.Reset_Handler
                0x0000000008000d44       0x58 ./Core/Startup/startup_stm32wb55rgvx.o
                0x0000000008000d44                Reset_Handler
 .text.Default_Handler
                0x0000000008000d9c        0x2 ./Core/Startup/startup_stm32wb55rgvx.o
                0x0000000008000d9c                RTC_Alarm_IRQHandler
                0x0000000008000d9c                EXTI2_IRQHandler
                0x0000000008000d9c                TIM1_CC_IRQHandler
                0x0000000008000d9c                TSC_IRQHandler
                0x0000000008000d9c                USB_HP_IRQHandler
                0x0000000008000d9c                EXTI3_IRQHandler
                0x0000000008000d9c                LPTIM2_IRQHandler
                0x0000000008000d9c                I2C3_ER_IRQHandler
                0x0000000008000d9c                EXTI0_IRQHandler
                0x0000000008000d9c                FPU_IRQHandler
                0x0000000008000d9c                TIM1_UP_TIM16_IRQHandler
                0x0000000008000d9c                AES1_IRQHandler
                0x0000000008000d9c                SPI1_IRQHandler
                0x0000000008000d9c                PWR_SOTF_BLEACT_802ACT_RFPHASE_IRQHandler
                0x0000000008000d9c                DMA2_Channel2_IRQHandler
                0x0000000008000d9c                DMA1_Channel4_IRQHandler
                0x0000000008000d9c                ADC1_IRQHandler
                0x0000000008000d9c                PKA_IRQHandler
                0x0000000008000d9c                DMA1_Channel7_IRQHandler
                0x0000000008000d9c                LCD_IRQHandler
                0x0000000008000d9c                IPCC_C1_TX_IRQHandler
                0x0000000008000d9c                DMA2_Channel1_IRQHandler
                0x0000000008000d9c                QUADSPI_IRQHandler
                0x0000000008000d9c                I2C1_EV_IRQHandler
                0x0000000008000d9c                DMAMUX1_OVR_IRQHandler
                0x0000000008000d9c                DMA1_Channel6_IRQHandler
                0x0000000008000d9c                DMA2_Channel4_IRQHandler
                0x0000000008000d9c                RCC_IRQHandler
                0x0000000008000d9c                DMA1_Channel1_IRQHandler
                0x0000000008000d9c                Default_Handler
                0x0000000008000d9c                DMA2_Channel7_IRQHandler
                0x0000000008000d9c                EXTI15_10_IRQHandler
                0x0000000008000d9c                IPCC_C1_RX_IRQHandler
                0x0000000008000d9c                C2SEV_PWR_C2H_IRQHandler
                0x0000000008000d9c                AES2_IRQHandler
                0x0000000008000d9c                I2C3_EV_IRQHandler
                0x0000000008000d9c                EXTI9_5_IRQHandler
                0x0000000008000d9c                RTC_WKUP_IRQHandler
                0x0000000008000d9c                PVD_PVM_IRQHandler
                0x0000000008000d9c                SPI2_IRQHandler
                0x0000000008000d9c                DMA2_Channel5_IRQHandler
                0x0000000008000d9c                CRS_IRQHandler
                0x0000000008000d9c                DMA1_Channel5_IRQHandler
                0x0000000008000d9c                USB_LP_IRQHandler
                0x0000000008000d9c                EXTI4_IRQHandler
                0x0000000008000d9c                RNG_IRQHandler
                0x0000000008000d9c                TIM1_TRG_COM_TIM17_IRQHandler
                0x0000000008000d9c                TAMP_STAMP_LSECSS_IRQHandler
                0x0000000008000d9c                DMA1_Channel3_IRQHandler
                0x0000000008000d9c                COMP_IRQHandler
                0x0000000008000d9c                HSEM_IRQHandler
                0x0000000008000d9c                WWDG_IRQHandler
                0x0000000008000d9c                LPUART1_IRQHandler
                0x0000000008000d9c                DMA2_Channel6_IRQHandler
                0x0000000008000d9c                TIM2_IRQHandler
                0x0000000008000d9c                TIM1_BRK_IRQHandler
                0x0000000008000d9c                EXTI1_IRQHandler
                0x0000000008000d9c                DMA1_Channel2_IRQHandler
                0x0000000008000d9c                FLASH_IRQHandler
                0x0000000008000d9c                USART1_IRQHandler
                0x0000000008000d9c                I2C1_ER_IRQHandler
                0x0000000008000d9c                LPTIM1_IRQHandler
                0x0000000008000d9c                SAI1_IRQHandler
                0x0000000008000d9c                DMA2_Channel3_IRQHandler
 *fill*         0x0000000008000d9e        0x2 
 .text.HAL_Init
                0x0000000008000da0       0x40 ./Drivers/STM32WBxx_HAL_Driver/Src/stm32wbxx_hal.o
                0x0000000008000da0                HAL_Init
 .text.HAL_InitTick
                0x0000000008000de0       0x74 ./Drivers/STM32WBxx_HAL_Driver/Src/stm32wbxx_hal.o
                0x0000000008000de0                HAL_InitTick
 .text.HAL_IncTick
                0x0000000008000e54       0x28 ./Drivers/STM32WBxx_HAL_Driver/Src/stm32wbxx_hal.o
                0x0000000008000e54                HAL_IncTick
 .text.HAL_GetTick
                0x0000000008000e7c       0x18 ./Drivers/STM32WBxx_HAL_Driver/Src/stm32wbxx_hal.o
                0x0000000008000e7c                HAL_GetTick
 .text.HAL_GetTickPrio
                0x0000000008000e94       0x18 ./Drivers/STM32WBxx_HAL_Driver/Src/stm32wbxx_hal.o
                0x0000000008000e94                HAL_GetTickPrio
 .text.HAL_Delay
                0x0000000008000eac       0x48 ./Drivers/STM32WBxx_HAL_Driver/Src/stm32wbxx_hal.o
                0x0000000008000eac                HAL_Delay
 .text.__NVIC_SetPriorityGrouping
                0x0000000008000ef4       0x48 ./Drivers/STM32WBxx_HAL_Driver/Src/stm32wbxx_hal_cortex.o
 .text.__NVIC_GetPriorityGrouping
                0x0000000008000f3c       0x1c ./Drivers/STM32WBxx_HAL_Driver/Src/stm32wbxx_hal_cortex.o
 .text.__NVIC_SetPriority
                0x0000000008000f58       0x54 ./Drivers/STM32WBxx_HAL_Driver/Src/stm32wbxx_hal_cortex.o
 .text.NVIC_EncodePriority
                0x0000000008000fac       0x66 ./Drivers/STM32WBxx_HAL_Driver/Src/stm32wbxx_hal_cortex.o
 *fill*         0x0000000008001012        0x2 
 .text.SysTick_Config
                0x0000000008001014       0x44 ./Drivers/STM32WBxx_HAL_Driver/Src/stm32wbxx_hal_cortex.o
 .text.HAL_NVIC_SetPriorityGrouping
                0x0000000008001058       0x16 ./Drivers/STM32WBxx_HAL_Driver/Src/stm32wbxx_hal_cortex.o
                0x0000000008001058                HAL_NVIC_SetPriorityGrouping
 .text.HAL_NVIC_SetPriority
                0x000000000800106e       0x34 ./Drivers/STM32WBxx_HAL_Driver/Src/stm32wbxx_hal_cortex.o
                0x000000000800106e                HAL_NVIC_SetPriority
 .text.HAL_SYSTICK_Config
                0x00000000080010a2       0x18 ./Drivers/STM32WBxx_HAL_Driver/Src/stm32wbxx_hal_cortex.o
                0x00000000080010a2                HAL_SYSTICK_Config
 *fill*         0x00000000080010ba        0x2 
 .text.HAL_GPIO_Init
                0x00000000080010bc      0x2e0 ./Drivers/STM32WBxx_HAL_Driver/Src/stm32wbxx_hal_gpio.o
                0x00000000080010bc                HAL_GPIO_Init
 .text.HAL_GPIO_WritePin
                0x000000000800139c       0x30 ./Drivers/STM32WBxx_HAL_Driver/Src/stm32wbxx_hal_gpio.o
                0x000000000800139c                HAL_GPIO_WritePin
 .text.HAL_PCD_Init
                0x00000000080013cc      0x19c ./Drivers/STM32WBxx_HAL_Driver/Src/stm32wbxx_hal_pcd.o
                0x00000000080013cc                HAL_PCD_Init
 .text.HAL_PCDEx_ActivateLPM
                0x0000000008001568       0x54 ./Drivers/STM32WBxx_HAL_Driver/Src/stm32wbxx_hal_pcd_ex.o
                0x0000000008001568                HAL_PCDEx_ActivateLPM
 .text.HAL_PWR_EnableBkUpAccess
                0x00000000080015bc       0x20 ./Drivers/STM32WBxx_HAL_Driver/Src/stm32wbxx_hal_pwr.o
                0x00000000080015bc                HAL_PWR_EnableBkUpAccess
 .text.HAL_PWREx_GetVoltageRange
                0x00000000080015dc       0x1c ./Drivers/STM32WBxx_HAL_Driver/Src/stm32wbxx_hal_pwr_ex.o
                0x00000000080015dc                HAL_PWREx_GetVoltageRange
 .text.LL_RCC_HSE_IsEnabledDiv2
                0x00000000080015f8       0x24 ./Drivers/STM32WBxx_HAL_Driver/Src/stm32wbxx_hal_rcc.o
 .text.LL_RCC_HSE_Enable
                0x000000000800161c       0x1e ./Drivers/STM32WBxx_HAL_Driver/Src/stm32wbxx_hal_rcc.o
 .text.LL_RCC_HSE_Disable
                0x000000000800163a       0x1e ./Drivers/STM32WBxx_HAL_Driver/Src/stm32wbxx_hal_rcc.o
 .text.LL_RCC_HSE_IsReady
                0x0000000008001658       0x24 ./Drivers/STM32WBxx_HAL_Driver/Src/stm32wbxx_hal_rcc.o
 .text.LL_RCC_HSI_Enable
                0x000000000800167c       0x1e ./Drivers/STM32WBxx_HAL_Driver/Src/stm32wbxx_hal_rcc.o
 .text.LL_RCC_HSI_Disable
                0x000000000800169a       0x1e ./Drivers/STM32WBxx_HAL_Driver/Src/stm32wbxx_hal_rcc.o
 .text.LL_RCC_HSI_IsReady
                0x00000000080016b8       0x24 ./Drivers/STM32WBxx_HAL_Driver/Src/stm32wbxx_hal_rcc.o
 .text.LL_RCC_HSI_SetCalibTrimming
                0x00000000080016dc       0x2a ./Drivers/STM32WBxx_HAL_Driver/Src/stm32wbxx_hal_rcc.o
 .text.LL_RCC_HSI48_Enable
                0x0000000008001706       0x22 ./Drivers/STM32WBxx_HAL_Driver/Src/stm32wbxx_hal_rcc.o
 .text.LL_RCC_HSI48_Disable
                0x0000000008001728       0x22 ./Drivers/STM32WBxx_HAL_Driver/Src/stm32wbxx_hal_rcc.o
 .text.LL_RCC_HSI48_IsReady
                0x000000000800174a       0x24 ./Drivers/STM32WBxx_HAL_Driver/Src/stm32wbxx_hal_rcc.o
 .text.LL_RCC_LSE_Enable
                0x000000000800176e       0x22 ./Drivers/STM32WBxx_HAL_Driver/Src/stm32wbxx_hal_rcc.o
 .text.LL_RCC_LSE_Disable
                0x0000000008001790       0x22 ./Drivers/STM32WBxx_HAL_Driver/Src/stm32wbxx_hal_rcc.o
 .text.LL_RCC_LSE_EnableBypass
                0x00000000080017b2       0x22 ./Drivers/STM32WBxx_HAL_Driver/Src/stm32wbxx_hal_rcc.o
 .text.LL_RCC_LSE_DisableBypass
                0x00000000080017d4       0x22 ./Drivers/STM32WBxx_HAL_Driver/Src/stm32wbxx_hal_rcc.o
 .text.LL_RCC_LSE_IsReady
                0x00000000080017f6       0x24 ./Drivers/STM32WBxx_HAL_Driver/Src/stm32wbxx_hal_rcc.o
 .text.LL_RCC_LSI1_Enable
                0x000000000800181a       0x22 ./Drivers/STM32WBxx_HAL_Driver/Src/stm32wbxx_hal_rcc.o
 .text.LL_RCC_LSI1_Disable
                0x000000000800183c       0x22 ./Drivers/STM32WBxx_HAL_Driver/Src/stm32wbxx_hal_rcc.o
 .text.LL_RCC_LSI1_IsReady
                0x000000000800185e       0x24 ./Drivers/STM32WBxx_HAL_Driver/Src/stm32wbxx_hal_rcc.o
 .text.LL_RCC_LSI2_Enable
                0x0000000008001882       0x22 ./Drivers/STM32WBxx_HAL_Driver/Src/stm32wbxx_hal_rcc.o
 .text.LL_RCC_LSI2_Disable
                0x00000000080018a4       0x22 ./Drivers/STM32WBxx_HAL_Driver/Src/stm32wbxx_hal_rcc.o
 .text.LL_RCC_LSI2_IsReady
                0x00000000080018c6       0x24 ./Drivers/STM32WBxx_HAL_Driver/Src/stm32wbxx_hal_rcc.o
 .text.LL_RCC_LSI2_SetTrimming
                0x00000000080018ea       0x2e ./Drivers/STM32WBxx_HAL_Driver/Src/stm32wbxx_hal_rcc.o
 .text.LL_RCC_MSI_Enable
                0x0000000008001918       0x1e ./Drivers/STM32WBxx_HAL_Driver/Src/stm32wbxx_hal_rcc.o
 .text.LL_RCC_MSI_Disable
                0x0000000008001936       0x1e ./Drivers/STM32WBxx_HAL_Driver/Src/stm32wbxx_hal_rcc.o
 .text.LL_RCC_MSI_IsReady
                0x0000000008001954       0x22 ./Drivers/STM32WBxx_HAL_Driver/Src/stm32wbxx_hal_rcc.o
 .text.LL_RCC_MSI_SetRange
                0x0000000008001976       0x28 ./Drivers/STM32WBxx_HAL_Driver/Src/stm32wbxx_hal_rcc.o
 .text.LL_RCC_MSI_GetRange
                0x000000000800199e       0x2a ./Drivers/STM32WBxx_HAL_Driver/Src/stm32wbxx_hal_rcc.o
 .text.LL_RCC_MSI_SetCalibTrimming
                0x00000000080019c8       0x2a ./Drivers/STM32WBxx_HAL_Driver/Src/stm32wbxx_hal_rcc.o
 .text.LL_RCC_SetSysClkSource
                0x00000000080019f2       0x28 ./Drivers/STM32WBxx_HAL_Driver/Src/stm32wbxx_hal_rcc.o
 .text.LL_RCC_GetSysClkSource
                0x0000000008001a1a       0x18 ./Drivers/STM32WBxx_HAL_Driver/Src/stm32wbxx_hal_rcc.o
 .text.LL_RCC_SetAHBPrescaler
                0x0000000008001a32       0x28 ./Drivers/STM32WBxx_HAL_Driver/Src/stm32wbxx_hal_rcc.o
 .text.LL_C2_RCC_SetAHBPrescaler
                0x0000000008001a5a       0x2c ./Drivers/STM32WBxx_HAL_Driver/Src/stm32wbxx_hal_rcc.o
 .text.LL_RCC_SetAHB4Prescaler
                0x0000000008001a86       0x2e ./Drivers/STM32WBxx_HAL_Driver/Src/stm32wbxx_hal_rcc.o
 .text.LL_RCC_SetAPB1Prescaler
                0x0000000008001ab4       0x28 ./Drivers/STM32WBxx_HAL_Driver/Src/stm32wbxx_hal_rcc.o
 .text.LL_RCC_SetAPB2Prescaler
                0x0000000008001adc       0x28 ./Drivers/STM32WBxx_HAL_Driver/Src/stm32wbxx_hal_rcc.o
 .text.LL_RCC_GetAHBPrescaler
                0x0000000008001b04       0x18 ./Drivers/STM32WBxx_HAL_Driver/Src/stm32wbxx_hal_rcc.o
 .text.LL_RCC_GetAHB4Prescaler
                0x0000000008001b1c       0x1c ./Drivers/STM32WBxx_HAL_Driver/Src/stm32wbxx_hal_rcc.o
 .text.LL_RCC_GetAPB1Prescaler
                0x0000000008001b38       0x18 ./Drivers/STM32WBxx_HAL_Driver/Src/stm32wbxx_hal_rcc.o
 .text.LL_RCC_GetAPB2Prescaler
                0x0000000008001b50       0x18 ./Drivers/STM32WBxx_HAL_Driver/Src/stm32wbxx_hal_rcc.o
 .text.LL_RCC_PLL_Enable
                0x0000000008001b68       0x1e ./Drivers/STM32WBxx_HAL_Driver/Src/stm32wbxx_hal_rcc.o
 .text.LL_RCC_PLL_Disable
                0x0000000008001b86       0x1e ./Drivers/STM32WBxx_HAL_Driver/Src/stm32wbxx_hal_rcc.o
 .text.LL_RCC_PLL_IsReady
                0x0000000008001ba4       0x24 ./Drivers/STM32WBxx_HAL_Driver/Src/stm32wbxx_hal_rcc.o
 .text.LL_RCC_PLL_GetN
                0x0000000008001bc8       0x1a ./Drivers/STM32WBxx_HAL_Driver/Src/stm32wbxx_hal_rcc.o
 .text.LL_RCC_PLL_GetR
                0x0000000008001be2       0x18 ./Drivers/STM32WBxx_HAL_Driver/Src/stm32wbxx_hal_rcc.o
 .text.LL_RCC_PLL_GetDivider
                0x0000000008001bfa       0x18 ./Drivers/STM32WBxx_HAL_Driver/Src/stm32wbxx_hal_rcc.o
 .text.LL_RCC_PLL_GetMainSource
                0x0000000008001c12       0x18 ./Drivers/STM32WBxx_HAL_Driver/Src/stm32wbxx_hal_rcc.o
 .text.LL_RCC_IsActiveFlag_HPRE
                0x0000000008001c2a       0x24 ./Drivers/STM32WBxx_HAL_Driver/Src/stm32wbxx_hal_rcc.o
 .text.LL_RCC_IsActiveFlag_C2HPRE
                0x0000000008001c4e       0x26 ./Drivers/STM32WBxx_HAL_Driver/Src/stm32wbxx_hal_rcc.o
 .text.LL_RCC_IsActiveFlag_SHDHPRE
                0x0000000008001c74       0x26 ./Drivers/STM32WBxx_HAL_Driver/Src/stm32wbxx_hal_rcc.o
 .text.LL_RCC_IsActiveFlag_PPRE1
                0x0000000008001c9a       0x24 ./Drivers/STM32WBxx_HAL_Driver/Src/stm32wbxx_hal_rcc.o
 .text.LL_RCC_IsActiveFlag_PPRE2
                0x0000000008001cbe       0x24 ./Drivers/STM32WBxx_HAL_Driver/Src/stm32wbxx_hal_rcc.o
 *fill*         0x0000000008001ce2        0x2 
 .text.HAL_RCC_OscConfig
                0x0000000008001ce4      0x6e8 ./Drivers/STM32WBxx_HAL_Driver/Src/stm32wbxx_hal_rcc.o
                0x0000000008001ce4                HAL_RCC_OscConfig
 .text.HAL_RCC_ClockConfig
                0x00000000080023cc      0x280 ./Drivers/STM32WBxx_HAL_Driver/Src/stm32wbxx_hal_rcc.o
                0x00000000080023cc                HAL_RCC_ClockConfig
 .text.HAL_RCC_GetSysClockFreq
                0x000000000800264c       0xd8 ./Drivers/STM32WBxx_HAL_Driver/Src/stm32wbxx_hal_rcc.o
                0x000000000800264c                HAL_RCC_GetSysClockFreq
 .text.HAL_RCC_GetHCLKFreq
                0x0000000008002724       0x28 ./Drivers/STM32WBxx_HAL_Driver/Src/stm32wbxx_hal_rcc.o
                0x0000000008002724                HAL_RCC_GetHCLKFreq
 .text.HAL_RCC_GetPCLK1Freq
                0x000000000800274c       0x2c ./Drivers/STM32WBxx_HAL_Driver/Src/stm32wbxx_hal_rcc.o
                0x000000000800274c                HAL_RCC_GetPCLK1Freq
 .text.HAL_RCC_GetPCLK2Freq
                0x0000000008002778       0x2c ./Drivers/STM32WBxx_HAL_Driver/Src/stm32wbxx_hal_rcc.o
                0x0000000008002778                HAL_RCC_GetPCLK2Freq
 .text.RCC_SetFlashLatencyFromMSIRange
                0x00000000080027a4       0x70 ./Drivers/STM32WBxx_HAL_Driver/Src/stm32wbxx_hal_rcc.o
 .text.RCC_SetFlashLatency
                0x0000000008002814       0xf8 ./Drivers/STM32WBxx_HAL_Driver/Src/stm32wbxx_hal_rcc.o
 .text.LL_RCC_LSE_IsEnabled
                0x000000000800290c       0x24 ./Drivers/STM32WBxx_HAL_Driver/Src/stm32wbxx_hal_rcc_ex.o
 .text.LL_RCC_LSE_IsReady
                0x0000000008002930       0x24 ./Drivers/STM32WBxx_HAL_Driver/Src/stm32wbxx_hal_rcc_ex.o
 .text.LL_RCC_MSI_EnablePLLMode
                0x0000000008002954       0x1e ./Drivers/STM32WBxx_HAL_Driver/Src/stm32wbxx_hal_rcc_ex.o
 .text.LL_RCC_SetRFWKPClockSource
                0x0000000008002972       0x2c ./Drivers/STM32WBxx_HAL_Driver/Src/stm32wbxx_hal_rcc_ex.o
 .text.LL_RCC_SetSMPSClockSource
                0x000000000800299e       0x28 ./Drivers/STM32WBxx_HAL_Driver/Src/stm32wbxx_hal_rcc_ex.o
 .text.LL_RCC_SetSMPSPrescaler
                0x00000000080029c6       0x28 ./Drivers/STM32WBxx_HAL_Driver/Src/stm32wbxx_hal_rcc_ex.o
 .text.LL_RCC_SetUSARTClockSource
                0x00000000080029ee       0x2c ./Drivers/STM32WBxx_HAL_Driver/Src/stm32wbxx_hal_rcc_ex.o
 .text.LL_RCC_SetLPUARTClockSource
                0x0000000008002a1a       0x2c ./Drivers/STM32WBxx_HAL_Driver/Src/stm32wbxx_hal_rcc_ex.o
 .text.LL_RCC_SetI2CClockSource
                0x0000000008002a46       0x3a ./Drivers/STM32WBxx_HAL_Driver/Src/stm32wbxx_hal_rcc_ex.o
 .text.LL_RCC_SetLPTIMClockSource
                0x0000000008002a80       0x34 ./Drivers/STM32WBxx_HAL_Driver/Src/stm32wbxx_hal_rcc_ex.o
 .text.LL_RCC_SetSAIClockSource
                0x0000000008002ab4       0x2c ./Drivers/STM32WBxx_HAL_Driver/Src/stm32wbxx_hal_rcc_ex.o
 .text.LL_RCC_SetRNGClockSource
                0x0000000008002ae0       0x2c ./Drivers/STM32WBxx_HAL_Driver/Src/stm32wbxx_hal_rcc_ex.o
 .text.LL_RCC_SetCLK48ClockSource
                0x0000000008002b0c       0x2c ./Drivers/STM32WBxx_HAL_Driver/Src/stm32wbxx_hal_rcc_ex.o
 .text.LL_RCC_SetUSBClockSource
                0x0000000008002b38       0x16 ./Drivers/STM32WBxx_HAL_Driver/Src/stm32wbxx_hal_rcc_ex.o
 .text.LL_RCC_SetADCClockSource
                0x0000000008002b4e       0x2c ./Drivers/STM32WBxx_HAL_Driver/Src/stm32wbxx_hal_rcc_ex.o
 .text.LL_RCC_SetRTCClockSource
                0x0000000008002b7a       0x2c ./Drivers/STM32WBxx_HAL_Driver/Src/stm32wbxx_hal_rcc_ex.o
 .text.LL_RCC_GetRTCClockSource
                0x0000000008002ba6       0x1a ./Drivers/STM32WBxx_HAL_Driver/Src/stm32wbxx_hal_rcc_ex.o
 .text.LL_RCC_ForceBackupDomainReset
                0x0000000008002bc0       0x22 ./Drivers/STM32WBxx_HAL_Driver/Src/stm32wbxx_hal_rcc_ex.o
 .text.LL_RCC_ReleaseBackupDomainReset
                0x0000000008002be2       0x22 ./Drivers/STM32WBxx_HAL_Driver/Src/stm32wbxx_hal_rcc_ex.o
 .text.LL_RCC_PLLSAI1_Enable
                0x0000000008002c04       0x1e ./Drivers/STM32WBxx_HAL_Driver/Src/stm32wbxx_hal_rcc_ex.o
 .text.LL_RCC_PLLSAI1_Disable
                0x0000000008002c22       0x1e ./Drivers/STM32WBxx_HAL_Driver/Src/stm32wbxx_hal_rcc_ex.o
 .text.LL_RCC_PLLSAI1_IsReady
                0x0000000008002c40       0x24 ./Drivers/STM32WBxx_HAL_Driver/Src/stm32wbxx_hal_rcc_ex.o
 .text.HAL_RCCEx_PeriphCLKConfig
                0x0000000008002c64      0x2ec ./Drivers/STM32WBxx_HAL_Driver/Src/stm32wbxx_hal_rcc_ex.o
                0x0000000008002c64                HAL_RCCEx_PeriphCLKConfig
 .text.HAL_RCCEx_EnableMSIPLLMode
                0x0000000008002f50        0xc ./Drivers/STM32WBxx_HAL_Driver/Src/stm32wbxx_hal_rcc_ex.o
                0x0000000008002f50                HAL_RCCEx_EnableMSIPLLMode
 .text.RCCEx_PLLSAI1_ConfigNP
                0x0000000008002f5c       0xb6 ./Drivers/STM32WBxx_HAL_Driver/Src/stm32wbxx_hal_rcc_ex.o
 .text.RCCEx_PLLSAI1_ConfigNQ
                0x0000000008003012       0xb6 ./Drivers/STM32WBxx_HAL_Driver/Src/stm32wbxx_hal_rcc_ex.o
 .text.RCCEx_PLLSAI1_ConfigNR
                0x00000000080030c8       0xb6 ./Drivers/STM32WBxx_HAL_Driver/Src/stm32wbxx_hal_rcc_ex.o
 .text.HAL_TIM_Base_Init
                0x000000000800317e       0xae ./Drivers/STM32WBxx_HAL_Driver/Src/stm32wbxx_hal_tim.o
                0x000000000800317e                HAL_TIM_Base_Init
 .text.HAL_TIM_PWM_Init
                0x000000000800322c       0xae ./Drivers/STM32WBxx_HAL_Driver/Src/stm32wbxx_hal_tim.o
                0x000000000800322c                HAL_TIM_PWM_Init
 .text.HAL_TIM_PWM_MspInit
                0x00000000080032da       0x14 ./Drivers/STM32WBxx_HAL_Driver/Src/stm32wbxx_hal_tim.o
                0x00000000080032da                HAL_TIM_PWM_MspInit
 *fill*         0x00000000080032ee        0x2 
 .text.HAL_TIM_PWM_Start
                0x00000000080032f0      0x1b4 ./Drivers/STM32WBxx_HAL_Driver/Src/stm32wbxx_hal_tim.o
                0x00000000080032f0                HAL_TIM_PWM_Start
 .text.HAL_TIM_PWM_ConfigChannel
                0x00000000080034a4      0x228 ./Drivers/STM32WBxx_HAL_Driver/Src/stm32wbxx_hal_tim.o
                0x00000000080034a4                HAL_TIM_PWM_ConfigChannel
 .text.HAL_TIM_ConfigClockSource
                0x00000000080036cc      0x192 ./Drivers/STM32WBxx_HAL_Driver/Src/stm32wbxx_hal_tim.o
                0x00000000080036cc                HAL_TIM_ConfigClockSource
 *fill*         0x000000000800385e        0x2 
 .text.TIM_Base_SetConfig
                0x0000000008003860       0xe0 ./Drivers/STM32WBxx_HAL_Driver/Src/stm32wbxx_hal_tim.o
                0x0000000008003860                TIM_Base_SetConfig
 .text.TIM_OC1_SetConfig
                0x0000000008003940       0xf8 ./Drivers/STM32WBxx_HAL_Driver/Src/stm32wbxx_hal_tim.o
 .text.TIM_OC2_SetConfig
                0x0000000008003a38       0xf4 ./Drivers/STM32WBxx_HAL_Driver/Src/stm32wbxx_hal_tim.o
                0x0000000008003a38                TIM_OC2_SetConfig
 .text.TIM_OC3_SetConfig
                0x0000000008003b2c       0xf0 ./Drivers/STM32WBxx_HAL_Driver/Src/stm32wbxx_hal_tim.o
 .text.TIM_OC4_SetConfig
                0x0000000008003c1c       0xbc ./Drivers/STM32WBxx_HAL_Driver/Src/stm32wbxx_hal_tim.o
 .text.TIM_OC5_SetConfig
                0x0000000008003cd8       0xb0 ./Drivers/STM32WBxx_HAL_Driver/Src/stm32wbxx_hal_tim.o
 .text.TIM_OC6_SetConfig
                0x0000000008003d88       0xb4 ./Drivers/STM32WBxx_HAL_Driver/Src/stm32wbxx_hal_tim.o
 .text.TIM_TI1_ConfigInputStage
                0x0000000008003e3c       0x5e ./Drivers/STM32WBxx_HAL_Driver/Src/stm32wbxx_hal_tim.o
 .text.TIM_TI2_ConfigInputStage
                0x0000000008003e9a       0x60 ./Drivers/STM32WBxx_HAL_Driver/Src/stm32wbxx_hal_tim.o
 .text.TIM_ITRx_SetConfig
                0x0000000008003efa       0x3a ./Drivers/STM32WBxx_HAL_Driver/Src/stm32wbxx_hal_tim.o
 .text.TIM_ETR_SetConfig
                0x0000000008003f34       0x40 ./Drivers/STM32WBxx_HAL_Driver/Src/stm32wbxx_hal_tim.o
                0x0000000008003f34                TIM_ETR_SetConfig
 .text.TIM_CCxChannelCmd
                0x0000000008003f74       0x4a ./Drivers/STM32WBxx_HAL_Driver/Src/stm32wbxx_hal_tim.o
                0x0000000008003f74                TIM_CCxChannelCmd
 *fill*         0x0000000008003fbe        0x2 
 .text.HAL_TIMEx_MasterConfigSynchronization
                0x0000000008003fc0       0xc0 ./Drivers/STM32WBxx_HAL_Driver/Src/stm32wbxx_hal_tim_ex.o
                0x0000000008003fc0                HAL_TIMEx_MasterConfigSynchronization
 .text.LL_RCC_GetUSARTClockSource
                0x0000000008004080       0x20 ./Drivers/STM32WBxx_HAL_Driver/Src/stm32wbxx_hal_uart.o
 .text.LL_RCC_GetLPUARTClockSource
                0x00000000080040a0       0x20 ./Drivers/STM32WBxx_HAL_Driver/Src/stm32wbxx_hal_uart.o
 .text.HAL_UART_Init
                0x00000000080040c0       0xa0 ./Drivers/STM32WBxx_HAL_Driver/Src/stm32wbxx_hal_uart.o
                0x00000000080040c0                HAL_UART_Init
 .text.UART_SetConfig
                0x0000000008004160      0x450 ./Drivers/STM32WBxx_HAL_Driver/Src/stm32wbxx_hal_uart.o
                0x0000000008004160                UART_SetConfig
 .text.UART_AdvFeatureConfig
                0x00000000080045b0      0x144 ./Drivers/STM32WBxx_HAL_Driver/Src/stm32wbxx_hal_uart.o
                0x00000000080045b0                UART_AdvFeatureConfig
 .text.UART_CheckIdleState
                0x00000000080046f4      0x154 ./Drivers/STM32WBxx_HAL_Driver/Src/stm32wbxx_hal_uart.o
                0x00000000080046f4                UART_CheckIdleState
 .text.UART_WaitOnFlagUntilTimeout
                0x0000000008004848       0xda ./Drivers/STM32WBxx_HAL_Driver/Src/stm32wbxx_hal_uart.o
                0x0000000008004848                UART_WaitOnFlagUntilTimeout
 .text.UART_EndRxTransfer
                0x0000000008004922       0xcc ./Drivers/STM32WBxx_HAL_Driver/Src/stm32wbxx_hal_uart.o
 .text.HAL_UARTEx_DisableFifoMode
                0x00000000080049ee       0x72 ./Drivers/STM32WBxx_HAL_Driver/Src/stm32wbxx_hal_uart_ex.o
                0x00000000080049ee                HAL_UARTEx_DisableFifoMode
 .text.HAL_UARTEx_SetTxFifoThreshold
                0x0000000008004a60       0x7c ./Drivers/STM32WBxx_HAL_Driver/Src/stm32wbxx_hal_uart_ex.o
                0x0000000008004a60                HAL_UARTEx_SetTxFifoThreshold
 .text.HAL_UARTEx_SetRxFifoThreshold
                0x0000000008004adc       0x7c ./Drivers/STM32WBxx_HAL_Driver/Src/stm32wbxx_hal_uart_ex.o
                0x0000000008004adc                HAL_UARTEx_SetRxFifoThreshold
 .text.UARTEx_SetNbDataToProcess
                0x0000000008004b58       0x9c ./Drivers/STM32WBxx_HAL_Driver/Src/stm32wbxx_hal_uart_ex.o
 .text.USB_DisableGlobalInt
                0x0000000008004bf4       0x36 ./Drivers/STM32WBxx_HAL_Driver/Src/stm32wbxx_ll_usb.o
                0x0000000008004bf4                USB_DisableGlobalInt
 .text.USB_DevInit
                0x0000000008004c2a       0x3c ./Drivers/STM32WBxx_HAL_Driver/Src/stm32wbxx_ll_usb.o
                0x0000000008004c2a                USB_DevInit
 .text.memset   0x0000000008004c66       0x10 C:/ST/STM32CubeIDE_1.14.1/STM32CubeIDE/plugins/com.st.stm32cube.ide.mcu.externaltools.gnu-tools-for-stm32.11.3.rel1.win32_1.1.100.202309141235/tools/bin/../lib/gcc/arm-none-eabi/11.3.1/../../../../arm-none-eabi/lib/thumb/v7e-m+fp/hard\libc_nano.a(libc_a-memset.o)
                0x0000000008004c66                memset
 *fill*         0x0000000008004c76        0x2 
 .text.__libc_init_array
                0x0000000008004c78       0x48 C:/ST/STM32CubeIDE_1.14.1/STM32CubeIDE/plugins/com.st.stm32cube.ide.mcu.externaltools.gnu-tools-for-stm32.11.3.rel1.win32_1.1.100.202309141235/tools/bin/../lib/gcc/arm-none-eabi/11.3.1/../../../../arm-none-eabi/lib/thumb/v7e-m+fp/hard\libc_nano.a(libc_a-init.o)
                0x0000000008004c78                __libc_init_array
 *(.glue_7)
 .glue_7        0x0000000008004cc0        0x0 linker stubs
 *(.glue_7t)
 .glue_7t       0x0000000008004cc0        0x0 linker stubs
 *(.eh_frame)
 .eh_frame      0x0000000008004cc0        0x0 C:/ST/STM32CubeIDE_1.14.1/STM32CubeIDE/plugins/com.st.stm32cube.ide.mcu.externaltools.gnu-tools-for-stm32.11.3.rel1.win32_1.1.100.202309141235/tools/bin/../lib/gcc/arm-none-eabi/11.3.1/thumb/v7e-m+fp/hard/crtbegin.o
 *(.init)
 .init          0x0000000008004cc0        0x4 C:/ST/STM32CubeIDE_1.14.1/STM32CubeIDE/plugins/com.st.stm32cube.ide.mcu.externaltools.gnu-tools-for-stm32.11.3.rel1.win32_1.1.100.202309141235/tools/bin/../lib/gcc/arm-none-eabi/11.3.1/thumb/v7e-m+fp/hard/crti.o
                0x0000000008004cc0                _init
 .init          0x0000000008004cc4        0x8 C:/ST/STM32CubeIDE_1.14.1/STM32CubeIDE/plugins/com.st.stm32cube.ide.mcu.externaltools.gnu-tools-for-stm32.11.3.rel1.win32_1.1.100.202309141235/tools/bin/../lib/gcc/arm-none-eabi/11.3.1/thumb/v7e-m+fp/hard/crtn.o
 *(.fini)
 .fini          0x0000000008004ccc        0x4 C:/ST/STM32CubeIDE_1.14.1/STM32CubeIDE/plugins/com.st.stm32cube.ide.mcu.externaltools.gnu-tools-for-stm32.11.3.rel1.win32_1.1.100.202309141235/tools/bin/../lib/gcc/arm-none-eabi/11.3.1/thumb/v7e-m+fp/hard/crti.o
                0x0000000008004ccc                _fini
 .fini          0x0000000008004cd0        0x8 C:/ST/STM32CubeIDE_1.14.1/STM32CubeIDE/plugins/com.st.stm32cube.ide.mcu.externaltools.gnu-tools-for-stm32.11.3.rel1.win32_1.1.100.202309141235/tools/bin/../lib/gcc/arm-none-eabi/11.3.1/thumb/v7e-m+fp/hard/crtn.o
                0x0000000008004cd8                . = ALIGN (0x4)
                0x0000000008004cd8                _etext = .

.vfp11_veneer   0x0000000008004cd8        0x0
 .vfp11_veneer  0x0000000008004cd8        0x0 linker stubs

.v4_bx          0x0000000008004cd8        0x0
 .v4_bx         0x0000000008004cd8        0x0 linker stubs

.iplt           0x0000000008004cd8        0x0
 .iplt          0x0000000008004cd8        0x0 C:/ST/STM32CubeIDE_1.14.1/STM32CubeIDE/plugins/com.st.stm32cube.ide.mcu.externaltools.gnu-tools-for-stm32.11.3.rel1.win32_1.1.100.202309141235/tools/bin/../lib/gcc/arm-none-eabi/11.3.1/thumb/v7e-m+fp/hard/crtbegin.o

.rodata         0x0000000008004cd8       0xf4
                0x0000000008004cd8                . = ALIGN (0x4)
 *(.rodata)
 .rodata        0x0000000008004cd8       0x2c ./Drivers/STM32WBxx_HAL_Driver/Src/stm32wbxx_hal_rcc.o
 *(.rodata*)
 .rodata.AHBPrescTable
                0x0000000008004d04       0x40 ./Core/Src/system_stm32wbxx.o
                0x0000000008004d04                AHBPrescTable
 .rodata.APBPrescTable
                0x0000000008004d44       0x20 ./Core/Src/system_stm32wbxx.o
                0x0000000008004d44                APBPrescTable
 .rodata.MSIRangeTable
                0x0000000008004d64       0x40 ./Core/Src/system_stm32wbxx.o
                0x0000000008004d64                MSIRangeTable
 .rodata.UARTPrescTable
                0x0000000008004da4       0x18 ./Drivers/STM32WBxx_HAL_Driver/Src/stm32wbxx_hal_uart.o
                0x0000000008004da4                UARTPrescTable
 .rodata.numerator.1
                0x0000000008004dbc        0x8 ./Drivers/STM32WBxx_HAL_Driver/Src/stm32wbxx_hal_uart_ex.o
 .rodata.denominator.0
                0x0000000008004dc4        0x8 ./Drivers/STM32WBxx_HAL_Driver/Src/stm32wbxx_hal_uart_ex.o
                0x0000000008004dcc                . = ALIGN (0x4)

.ARM.extab
 *(.ARM.extab* .gnu.linkonce.armextab.*)

.ARM            0x0000000008004dcc        0x8
                0x0000000008004dcc                __exidx_start = .
 *(.ARM.exidx*)
 .ARM.exidx     0x0000000008004dcc        0x8 C:/ST/STM32CubeIDE_1.14.1/STM32CubeIDE/plugins/com.st.stm32cube.ide.mcu.externaltools.gnu-tools-for-stm32.11.3.rel1.win32_1.1.100.202309141235/tools/bin/../lib/gcc/arm-none-eabi/11.3.1/thumb/v7e-m+fp/hard\libgcc.a(_udivmoddi4.o)
                0x0000000008004dd4                __exidx_end = .

.rel.dyn        0x0000000008004dd4        0x0
 .rel.iplt      0x0000000008004dd4        0x0 C:/ST/STM32CubeIDE_1.14.1/STM32CubeIDE/plugins/com.st.stm32cube.ide.mcu.externaltools.gnu-tools-for-stm32.11.3.rel1.win32_1.1.100.202309141235/tools/bin/../lib/gcc/arm-none-eabi/11.3.1/thumb/v7e-m+fp/hard/crtbegin.o

.preinit_array  0x0000000008004dd4        0x0
                0x0000000008004dd4                PROVIDE (__preinit_array_start = .)
 *(.preinit_array*)
                0x0000000008004dd4                PROVIDE (__preinit_array_end = .)

.init_array     0x0000000008004dd4        0x4
                0x0000000008004dd4                PROVIDE (__init_array_start = .)
 *(SORT_BY_NAME(.init_array.*))
 *(.init_array*)
 .init_array    0x0000000008004dd4        0x4 C:/ST/STM32CubeIDE_1.14.1/STM32CubeIDE/plugins/com.st.stm32cube.ide.mcu.externaltools.gnu-tools-for-stm32.11.3.rel1.win32_1.1.100.202309141235/tools/bin/../lib/gcc/arm-none-eabi/11.3.1/thumb/v7e-m+fp/hard/crtbegin.o
                0x0000000008004dd8                PROVIDE (__init_array_end = .)

.fini_array     0x0000000008004dd8        0x4
                [!provide]                        PROVIDE (__fini_array_start = .)
 *(SORT_BY_NAME(.fini_array.*))
 *(.fini_array*)
 .fini_array    0x0000000008004dd8        0x4 C:/ST/STM32CubeIDE_1.14.1/STM32CubeIDE/plugins/com.st.stm32cube.ide.mcu.externaltools.gnu-tools-for-stm32.11.3.rel1.win32_1.1.100.202309141235/tools/bin/../lib/gcc/arm-none-eabi/11.3.1/thumb/v7e-m+fp/hard/crtbegin.o
                [!provide]                        PROVIDE (__fini_array_end = .)
                0x0000000008004ddc                _sidata = LOADADDR (.data)

.data           0x0000000020000008        0xc load address 0x0000000008004ddc
                0x0000000020000008                . = ALIGN (0x4)
                0x0000000020000008                _sdata = .
 *(.data)
 *(.data*)
 .data.SystemCoreClock
                0x0000000020000008        0x4 ./Core/Src/system_stm32wbxx.o
                0x0000000020000008                SystemCoreClock
 .data.uwTickPrio
                0x000000002000000c        0x4 ./Drivers/STM32WBxx_HAL_Driver/Src/stm32wbxx_hal.o
                0x000000002000000c                uwTickPrio
 .data.uwTickFreq
                0x0000000020000010        0x1 ./Drivers/STM32WBxx_HAL_Driver/Src/stm32wbxx_hal.o
                0x0000000020000010                uwTickFreq
 *(.RamFunc)
 *(.RamFunc*)
                0x0000000020000014                . = ALIGN (0x4)
 *fill*         0x0000000020000011        0x3 
                0x0000000020000014                _edata = .

.igot.plt       0x0000000020000014        0x0 load address 0x0000000008004de8
 .igot.plt      0x0000000020000014        0x0 C:/ST/STM32CubeIDE_1.14.1/STM32CubeIDE/plugins/com.st.stm32cube.ide.mcu.externaltools.gnu-tools-for-stm32.11.3.rel1.win32_1.1.100.202309141235/tools/bin/../lib/gcc/arm-none-eabi/11.3.1/thumb/v7e-m+fp/hard/crtbegin.o
                0x0000000020000014                . = ALIGN (0x4)

.bss            0x0000000020000014      0x3dc load address 0x0000000008004de8
                0x0000000020000014                _sbss = .
                0x0000000020000014                __bss_start__ = _sbss
 *(.bss)
 .bss           0x0000000020000014       0x1c C:/ST/STM32CubeIDE_1.14.1/STM32CubeIDE/plugins/com.st.stm32cube.ide.mcu.externaltools.gnu-tools-for-stm32.11.3.rel1.win32_1.1.100.202309141235/tools/bin/../lib/gcc/arm-none-eabi/11.3.1/thumb/v7e-m+fp/hard/crtbegin.o
 *(.bss*)
 .bss.htim2     0x0000000020000030       0x4c ./Core/Src/tim.o
                0x0000000020000030                htim2
 .bss.huart1    0x000000002000007c       0x94 ./Core/Src/usart.o
                0x000000002000007c                huart1
 .bss.hpcd_USB_FS
                0x0000000020000110      0x2dc ./Core/Src/usb.o
                0x0000000020000110                hpcd_USB_FS
 .bss.uwTick    0x00000000200003ec        0x4 ./Drivers/STM32WBxx_HAL_Driver/Src/stm32wbxx_hal.o
                0x00000000200003ec                uwTick
 *(COMMON)
                0x00000000200003f0                . = ALIGN (0x4)
                0x00000000200003f0                _ebss = .
                0x00000000200003f0                __bss_end__ = _ebss

._user_heap_stack
                0x00000000200003f0      0x600 load address 0x0000000008004de8
                0x00000000200003f0                . = ALIGN (0x8)
                [!provide]                        PROVIDE (end = .)
                0x00000000200003f0                PROVIDE (_end = .)
                0x00000000200005f0                . = (. + _Min_Heap_Size)
 *fill*         0x00000000200003f0      0x200 
                0x00000000200009f0                . = (. + _Min_Stack_Size)
 *fill*         0x00000000200005f0      0x400 
                0x00000000200009f0                . = ALIGN (0x8)

/DISCARD/
 libc.a(*)
 libm.a(*)
 libgcc.a(*)

.ARM.attributes
                0x0000000000000000       0x30
 *(.ARM.attributes)
 .ARM.attributes
                0x0000000000000000       0x1e C:/ST/STM32CubeIDE_1.14.1/STM32CubeIDE/plugins/com.st.stm32cube.ide.mcu.externaltools.gnu-tools-for-stm32.11.3.rel1.win32_1.1.100.202309141235/tools/bin/../lib/gcc/arm-none-eabi/11.3.1/thumb/v7e-m+fp/hard/crti.o
 .ARM.attributes
                0x000000000000001e       0x34 C:/ST/STM32CubeIDE_1.14.1/STM32CubeIDE/plugins/com.st.stm32cube.ide.mcu.externaltools.gnu-tools-for-stm32.11.3.rel1.win32_1.1.100.202309141235/tools/bin/../lib/gcc/arm-none-eabi/11.3.1/thumb/v7e-m+fp/hard/crtbegin.o
 .ARM.attributes
                0x0000000000000052       0x34 ./Core/Src/gpio.o
 .ARM.attributes
                0x0000000000000086       0x34 ./Core/Src/main.o
 .ARM.attributes
                0x00000000000000ba       0x34 ./Core/Src/stm32wbxx_hal_msp.o
 .ARM.attributes
                0x00000000000000ee       0x34 ./Core/Src/stm32wbxx_it.o
 .ARM.attributes
                0x0000000000000122       0x34 ./Core/Src/system_stm32wbxx.o
 .ARM.attributes
                0x0000000000000156       0x34 ./Core/Src/tim.o
 .ARM.attributes
                0x000000000000018a       0x34 ./Core/Src/usart.o
 .ARM.attributes
                0x00000000000001be       0x34 ./Core/Src/usb.o
 .ARM.attributes
                0x00000000000001f2       0x21 ./Core/Startup/startup_stm32wb55rgvx.o
 .ARM.attributes
                0x0000000000000213       0x34 ./Drivers/STM32WBxx_HAL_Driver/Src/stm32wbxx_hal.o
 .ARM.attributes
                0x0000000000000247       0x34 ./Drivers/STM32WBxx_HAL_Driver/Src/stm32wbxx_hal_cortex.o
 .ARM.attributes
                0x000000000000027b       0x34 ./Drivers/STM32WBxx_HAL_Driver/Src/stm32wbxx_hal_gpio.o
 .ARM.attributes
                0x00000000000002af       0x34 ./Drivers/STM32WBxx_HAL_Driver/Src/stm32wbxx_hal_pcd.o
 .ARM.attributes
                0x00000000000002e3       0x34 ./Drivers/STM32WBxx_HAL_Driver/Src/stm32wbxx_hal_pcd_ex.o
 .ARM.attributes
                0x0000000000000317       0x34 ./Drivers/STM32WBxx_HAL_Driver/Src/stm32wbxx_hal_pwr.o
 .ARM.attributes
                0x000000000000034b       0x34 ./Drivers/STM32WBxx_HAL_Driver/Src/stm32wbxx_hal_pwr_ex.o
 .ARM.attributes
                0x000000000000037f       0x34 ./Drivers/STM32WBxx_HAL_Driver/Src/stm32wbxx_hal_rcc.o
 .ARM.attributes
                0x00000000000003b3       0x34 ./Drivers/STM32WBxx_HAL_Driver/Src/stm32wbxx_hal_rcc_ex.o
 .ARM.attributes
                0x00000000000003e7       0x34 ./Drivers/STM32WBxx_HAL_Driver/Src/stm32wbxx_hal_tim.o
 .ARM.attributes
                0x000000000000041b       0x34 ./Drivers/STM32WBxx_HAL_Driver/Src/stm32wbxx_hal_tim_ex.o
 .ARM.attributes
                0x000000000000044f       0x34 ./Drivers/STM32WBxx_HAL_Driver/Src/stm32wbxx_hal_uart.o
 .ARM.attributes
                0x0000000000000483       0x34 ./Drivers/STM32WBxx_HAL_Driver/Src/stm32wbxx_hal_uart_ex.o
 .ARM.attributes
                0x00000000000004b7       0x34 ./Drivers/STM32WBxx_HAL_Driver/Src/stm32wbxx_ll_usb.o
 .ARM.attributes
                0x00000000000004eb       0x34 C:/ST/STM32CubeIDE_1.14.1/STM32CubeIDE/plugins/com.st.stm32cube.ide.mcu.externaltools.gnu-tools-for-stm32.11.3.rel1.win32_1.1.100.202309141235/tools/bin/../lib/gcc/arm-none-eabi/11.3.1/../../../../arm-none-eabi/lib/thumb/v7e-m+fp/hard\libc_nano.a(libc_a-memset.o)
 .ARM.attributes
                0x000000000000051f       0x34 C:/ST/STM32CubeIDE_1.14.1/STM32CubeIDE/plugins/com.st.stm32cube.ide.mcu.externaltools.gnu-tools-for-stm32.11.3.rel1.win32_1.1.100.202309141235/tools/bin/../lib/gcc/arm-none-eabi/11.3.1/../../../../arm-none-eabi/lib/thumb/v7e-m+fp/hard\libc_nano.a(libc_a-init.o)
 .ARM.attributes
                0x0000000000000553       0x1e C:/ST/STM32CubeIDE_1.14.1/STM32CubeIDE/plugins/com.st.stm32cube.ide.mcu.externaltools.gnu-tools-for-stm32.11.3.rel1.win32_1.1.100.202309141235/tools/bin/../lib/gcc/arm-none-eabi/11.3.1/thumb/v7e-m+fp/hard\libgcc.a(_aeabi_uldivmod.o)
 .ARM.attributes
                0x0000000000000571       0x34 C:/ST/STM32CubeIDE_1.14.1/STM32CubeIDE/plugins/com.st.stm32cube.ide.mcu.externaltools.gnu-tools-for-stm32.11.3.rel1.win32_1.1.100.202309141235/tools/bin/../lib/gcc/arm-none-eabi/11.3.1/thumb/v7e-m+fp/hard\libgcc.a(_udivmoddi4.o)
 .ARM.attributes
                0x00000000000005a5       0x1e C:/ST/STM32CubeIDE_1.14.1/STM32CubeIDE/plugins/com.st.stm32cube.ide.mcu.externaltools.gnu-tools-for-stm32.11.3.rel1.win32_1.1.100.202309141235/tools/bin/../lib/gcc/arm-none-eabi/11.3.1/thumb/v7e-m+fp/hard\libgcc.a(_dvmd_tls.o)
 .ARM.attributes
                0x00000000000005c3       0x1e C:/ST/STM32CubeIDE_1.14.1/STM32CubeIDE/plugins/com.st.stm32cube.ide.mcu.externaltools.gnu-tools-for-stm32.11.3.rel1.win32_1.1.100.202309141235/tools/bin/../lib/gcc/arm-none-eabi/11.3.1/thumb/v7e-m+fp/hard/crtn.o

MAPPING_TABLE
 *(MAPPING_TABLE)

MB_MEM1
 *(MB_MEM1)
                0x0000000008004de8                _siMB_MEM2 = LOADADDR (.MB_MEM2)

.MB_MEM2        0x0000000020030000        0x0 load address 0x0000000008004de8
                0x0000000020030000                _sMB_MEM2 = .
 *(MB_MEM2)
                0x0000000020030000                _eMB_MEM2 = .
OUTPUT(BE.elf elf32-littlearm)
LOAD linker stubs
LOAD C:/ST/STM32CubeIDE_1.14.1/STM32CubeIDE/plugins/com.st.stm32cube.ide.mcu.externaltools.gnu-tools-for-stm32.11.3.rel1.win32_1.1.100.202309141235/tools/bin/../lib/gcc/arm-none-eabi/11.3.1/../../../../arm-none-eabi/lib/thumb/v7e-m+fp/hard\libc.a
LOAD C:/ST/STM32CubeIDE_1.14.1/STM32CubeIDE/plugins/com.st.stm32cube.ide.mcu.externaltools.gnu-tools-for-stm32.11.3.rel1.win32_1.1.100.202309141235/tools/bin/../lib/gcc/arm-none-eabi/11.3.1/../../../../arm-none-eabi/lib/thumb/v7e-m+fp/hard\libm.a
LOAD C:/ST/STM32CubeIDE_1.14.1/STM32CubeIDE/plugins/com.st.stm32cube.ide.mcu.externaltools.gnu-tools-for-stm32.11.3.rel1.win32_1.1.100.202309141235/tools/bin/../lib/gcc/arm-none-eabi/11.3.1/thumb/v7e-m+fp/hard\libgcc.a

.comment        0x0000000000000000       0x43
 .comment       0x0000000000000000       0x43 C:/ST/STM32CubeIDE_1.14.1/STM32CubeIDE/plugins/com.st.stm32cube.ide.mcu.externaltools.gnu-tools-for-stm32.11.3.rel1.win32_1.1.100.202309141235/tools/bin/../lib/gcc/arm-none-eabi/11.3.1/thumb/v7e-m+fp/hard/crtbegin.o
                                         0x44 (size before relaxing)
 .comment       0x0000000000000043       0x44 ./Core/Src/gpio.o
 .comment       0x0000000000000043       0x44 ./Core/Src/main.o
 .comment       0x0000000000000043       0x44 ./Core/Src/stm32wbxx_hal_msp.o
 .comment       0x0000000000000043       0x44 ./Core/Src/stm32wbxx_it.o
 .comment       0x0000000000000043       0x44 ./Core/Src/system_stm32wbxx.o
 .comment       0x0000000000000043       0x44 ./Core/Src/tim.o
 .comment       0x0000000000000043       0x44 ./Core/Src/usart.o
 .comment       0x0000000000000043       0x44 ./Core/Src/usb.o
 .comment       0x0000000000000043       0x44 ./Drivers/STM32WBxx_HAL_Driver/Src/stm32wbxx_hal.o
 .comment       0x0000000000000043       0x44 ./Drivers/STM32WBxx_HAL_Driver/Src/stm32wbxx_hal_cortex.o
 .comment       0x0000000000000043       0x44 ./Drivers/STM32WBxx_HAL_Driver/Src/stm32wbxx_hal_gpio.o
 .comment       0x0000000000000043       0x44 ./Drivers/STM32WBxx_HAL_Driver/Src/stm32wbxx_hal_pcd.o
 .comment       0x0000000000000043       0x44 ./Drivers/STM32WBxx_HAL_Driver/Src/stm32wbxx_hal_pcd_ex.o
 .comment       0x0000000000000043       0x44 ./Drivers/STM32WBxx_HAL_Driver/Src/stm32wbxx_hal_pwr.o
 .comment       0x0000000000000043       0x44 ./Drivers/STM32WBxx_HAL_Driver/Src/stm32wbxx_hal_pwr_ex.o
 .comment       0x0000000000000043       0x44 ./Drivers/STM32WBxx_HAL_Driver/Src/stm32wbxx_hal_rcc.o
 .comment       0x0000000000000043       0x44 ./Drivers/STM32WBxx_HAL_Driver/Src/stm32wbxx_hal_rcc_ex.o
 .comment       0x0000000000000043       0x44 ./Drivers/STM32WBxx_HAL_Driver/Src/stm32wbxx_hal_tim.o
 .comment       0x0000000000000043       0x44 ./Drivers/STM32WBxx_HAL_Driver/Src/stm32wbxx_hal_tim_ex.o
 .comment       0x0000000000000043       0x44 ./Drivers/STM32WBxx_HAL_Driver/Src/stm32wbxx_hal_uart.o
 .comment       0x0000000000000043       0x44 ./Drivers/STM32WBxx_HAL_Driver/Src/stm32wbxx_hal_uart_ex.o
 .comment       0x0000000000000043       0x44 ./Drivers/STM32WBxx_HAL_Driver/Src/stm32wbxx_ll_usb.o

.debug_info     0x0000000000000000    0x18f4e
 .debug_info    0x0000000000000000      0x567 ./Core/Src/gpio.o
 .debug_info    0x0000000000000567     0x1256 ./Core/Src/main.o
 .debug_info    0x00000000000017bd       0x8a ./Core/Src/stm32wbxx_hal_msp.o
 .debug_info    0x0000000000001847      0x113 ./Core/Src/stm32wbxx_it.o
 .debug_info    0x000000000000195a      0x703 ./Core/Src/system_stm32wbxx.o
 .debug_info    0x000000000000205d      0xf46 ./Core/Src/tim.o
 .debug_info    0x0000000000002fa3      0xf4a ./Core/Src/usart.o
 .debug_info    0x0000000000003eed      0xd23 ./Core/Src/usb.o
 .debug_info    0x0000000000004c10       0x23 ./Core/Startup/startup_stm32wb55rgvx.o
 .debug_info    0x0000000000004c33     0x12ae ./Drivers/STM32WBxx_HAL_Driver/Src/stm32wbxx_hal.o
 .debug_info    0x0000000000005ee1      0xc81 ./Drivers/STM32WBxx_HAL_Driver/Src/stm32wbxx_hal_cortex.o
 .debug_info    0x0000000000006b62      0x6aa ./Drivers/STM32WBxx_HAL_Driver/Src/stm32wbxx_hal_gpio.o
 .debug_info    0x000000000000720c     0x161b ./Drivers/STM32WBxx_HAL_Driver/Src/stm32wbxx_hal_pcd.o
 .debug_info    0x0000000000008827      0x80a ./Drivers/STM32WBxx_HAL_Driver/Src/stm32wbxx_hal_pcd_ex.o
 .debug_info    0x0000000000009031      0x904 ./Drivers/STM32WBxx_HAL_Driver/Src/stm32wbxx_hal_pwr.o
 .debug_info    0x0000000000009935     0x105d ./Drivers/STM32WBxx_HAL_Driver/Src/stm32wbxx_hal_pwr_ex.o
 .debug_info    0x000000000000a992     0x14db ./Drivers/STM32WBxx_HAL_Driver/Src/stm32wbxx_hal_rcc.o
 .debug_info    0x000000000000be6d     0x1c40 ./Drivers/STM32WBxx_HAL_Driver/Src/stm32wbxx_hal_rcc_ex.o
 .debug_info    0x000000000000daad     0x2bc0 ./Drivers/STM32WBxx_HAL_Driver/Src/stm32wbxx_hal_tim.o
 .debug_info    0x000000000001066d     0x189e ./Drivers/STM32WBxx_HAL_Driver/Src/stm32wbxx_hal_tim_ex.o
 .debug_info    0x0000000000011f0b     0x49f4 ./Drivers/STM32WBxx_HAL_Driver/Src/stm32wbxx_hal_uart.o
 .debug_info    0x00000000000168ff      0xfe4 ./Drivers/STM32WBxx_HAL_Driver/Src/stm32wbxx_hal_uart_ex.o
 .debug_info    0x00000000000178e3     0x166b ./Drivers/STM32WBxx_HAL_Driver/Src/stm32wbxx_ll_usb.o

.debug_abbrev   0x0000000000000000     0x3390
 .debug_abbrev  0x0000000000000000      0x198 ./Core/Src/gpio.o
 .debug_abbrev  0x0000000000000198      0x278 ./Core/Src/main.o
 .debug_abbrev  0x0000000000000410       0x45 ./Core/Src/stm32wbxx_hal_msp.o
 .debug_abbrev  0x0000000000000455       0x73 ./Core/Src/stm32wbxx_it.o
 .debug_abbrev  0x00000000000004c8      0x13b ./Core/Src/system_stm32wbxx.o
 .debug_abbrev  0x0000000000000603      0x254 ./Core/Src/tim.o
 .debug_abbrev  0x0000000000000857      0x272 ./Core/Src/usart.o
 .debug_abbrev  0x0000000000000ac9      0x270 ./Core/Src/usb.o
 .debug_abbrev  0x0000000000000d39       0x12 ./Core/Startup/startup_stm32wb55rgvx.o
 .debug_abbrev  0x0000000000000d4b      0x367 ./Drivers/STM32WBxx_HAL_Driver/Src/stm32wbxx_hal.o
 .debug_abbrev  0x00000000000010b2      0x319 ./Drivers/STM32WBxx_HAL_Driver/Src/stm32wbxx_hal_cortex.o
 .debug_abbrev  0x00000000000013cb      0x1e5 ./Drivers/STM32WBxx_HAL_Driver/Src/stm32wbxx_hal_gpio.o
 .debug_abbrev  0x00000000000015b0      0x2b9 ./Drivers/STM32WBxx_HAL_Driver/Src/stm32wbxx_hal_pcd.o
 .debug_abbrev  0x0000000000001869      0x228 ./Drivers/STM32WBxx_HAL_Driver/Src/stm32wbxx_hal_pcd_ex.o
 .debug_abbrev  0x0000000000001a91      0x205 ./Drivers/STM32WBxx_HAL_Driver/Src/stm32wbxx_hal_pwr.o
 .debug_abbrev  0x0000000000001c96      0x31c ./Drivers/STM32WBxx_HAL_Driver/Src/stm32wbxx_hal_pwr_ex.o
 .debug_abbrev  0x0000000000001fb2      0x31b ./Drivers/STM32WBxx_HAL_Driver/Src/stm32wbxx_hal_rcc.o
 .debug_abbrev  0x00000000000022cd      0x35a ./Drivers/STM32WBxx_HAL_Driver/Src/stm32wbxx_hal_rcc_ex.o
 .debug_abbrev  0x0000000000002627      0x277 ./Drivers/STM32WBxx_HAL_Driver/Src/stm32wbxx_hal_tim.o
 .debug_abbrev  0x000000000000289e      0x295 ./Drivers/STM32WBxx_HAL_Driver/Src/stm32wbxx_hal_tim_ex.o
 .debug_abbrev  0x0000000000002b33      0x343 ./Drivers/STM32WBxx_HAL_Driver/Src/stm32wbxx_hal_uart.o
 .debug_abbrev  0x0000000000002e76      0x2d3 ./Drivers/STM32WBxx_HAL_Driver/Src/stm32wbxx_hal_uart_ex.o
 .debug_abbrev  0x0000000000003149      0x247 ./Drivers/STM32WBxx_HAL_Driver/Src/stm32wbxx_ll_usb.o

.debug_aranges  0x0000000000000000     0x1a28
 .debug_aranges
                0x0000000000000000       0x28 ./Core/Src/gpio.o
 .debug_aranges
                0x0000000000000028       0x40 ./Core/Src/main.o
 .debug_aranges
                0x0000000000000068       0x20 ./Core/Src/stm32wbxx_hal_msp.o
 .debug_aranges
                0x0000000000000088       0x60 ./Core/Src/stm32wbxx_it.o
 .debug_aranges
                0x00000000000000e8       0x28 ./Core/Src/system_stm32wbxx.o
 .debug_aranges
                0x0000000000000110       0x50 ./Core/Src/tim.o
 .debug_aranges
                0x0000000000000160       0x48 ./Core/Src/usart.o
 .debug_aranges
                0x00000000000001a8       0x48 ./Core/Src/usb.o
 .debug_aranges
                0x00000000000001f0       0x30 ./Core/Startup/startup_stm32wb55rgvx.o
 .debug_aranges
                0x0000000000000220      0x280 ./Drivers/STM32WBxx_HAL_Driver/Src/stm32wbxx_hal.o
 .debug_aranges
                0x00000000000004a0      0x108 ./Drivers/STM32WBxx_HAL_Driver/Src/stm32wbxx_hal_cortex.o
 .debug_aranges
                0x00000000000005a8       0x60 ./Drivers/STM32WBxx_HAL_Driver/Src/stm32wbxx_hal_gpio.o
 .debug_aranges
                0x0000000000000608      0x138 ./Drivers/STM32WBxx_HAL_Driver/Src/stm32wbxx_hal_pcd.o
 .debug_aranges
                0x0000000000000740       0x58 ./Drivers/STM32WBxx_HAL_Driver/Src/stm32wbxx_hal_pcd_ex.o
 .debug_aranges
                0x0000000000000798       0xd0 ./Drivers/STM32WBxx_HAL_Driver/Src/stm32wbxx_hal_pwr.o
 .debug_aranges
                0x0000000000000868      0x288 ./Drivers/STM32WBxx_HAL_Driver/Src/stm32wbxx_hal_pwr_ex.o
 .debug_aranges
                0x0000000000000af0      0x270 ./Drivers/STM32WBxx_HAL_Driver/Src/stm32wbxx_hal_rcc.o
 .debug_aranges
                0x0000000000000d60      0x390 ./Drivers/STM32WBxx_HAL_Driver/Src/stm32wbxx_hal_rcc_ex.o
 .debug_aranges
                0x00000000000010f0      0x3e0 ./Drivers/STM32WBxx_HAL_Driver/Src/stm32wbxx_hal_tim.o
 .debug_aranges
                0x00000000000014d0      0x190 ./Drivers/STM32WBxx_HAL_Driver/Src/stm32wbxx_hal_tim_ex.o
 .debug_aranges
                0x0000000000001660      0x258 ./Drivers/STM32WBxx_HAL_Driver/Src/stm32wbxx_hal_uart.o
 .debug_aranges
                0x00000000000018b8       0xa8 ./Drivers/STM32WBxx_HAL_Driver/Src/stm32wbxx_hal_uart_ex.o
 .debug_aranges
                0x0000000000001960       0xc8 ./Drivers/STM32WBxx_HAL_Driver/Src/stm32wbxx_ll_usb.o

.debug_rnglists
                0x0000000000000000     0x141d
 .debug_rnglists
                0x0000000000000000       0x1a ./Core/Src/gpio.o
 .debug_rnglists
                0x000000000000001a       0x2d ./Core/Src/main.o
 .debug_rnglists
                0x0000000000000047       0x13 ./Core/Src/stm32wbxx_hal_msp.o
 .debug_rnglists
                0x000000000000005a       0x43 ./Core/Src/stm32wbxx_it.o
 .debug_rnglists
                0x000000000000009d       0x1b ./Core/Src/system_stm32wbxx.o
 .debug_rnglists
                0x00000000000000b8       0x38 ./Core/Src/tim.o
 .debug_rnglists
                0x00000000000000f0       0x33 ./Core/Src/usart.o
 .debug_rnglists
                0x0000000000000123       0x32 ./Core/Src/usb.o
 .debug_rnglists
                0x0000000000000155       0x1f ./Core/Startup/startup_stm32wb55rgvx.o
 .debug_rnglists
                0x0000000000000174      0x1db ./Drivers/STM32WBxx_HAL_Driver/Src/stm32wbxx_hal.o
 .debug_rnglists
                0x000000000000034f       0xc2 ./Drivers/STM32WBxx_HAL_Driver/Src/stm32wbxx_hal_cortex.o
 .debug_rnglists
                0x0000000000000411       0x45 ./Drivers/STM32WBxx_HAL_Driver/Src/stm32wbxx_hal_gpio.o
 .debug_rnglists
                0x0000000000000456       0xee ./Drivers/STM32WBxx_HAL_Driver/Src/stm32wbxx_hal_pcd.o
 .debug_rnglists
                0x0000000000000544       0x3f ./Drivers/STM32WBxx_HAL_Driver/Src/stm32wbxx_hal_pcd_ex.o
 .debug_rnglists
                0x0000000000000583       0x99 ./Drivers/STM32WBxx_HAL_Driver/Src/stm32wbxx_hal_pwr.o
 .debug_rnglists
                0x000000000000061c      0x1e8 ./Drivers/STM32WBxx_HAL_Driver/Src/stm32wbxx_hal_pwr_ex.o
 .debug_rnglists
                0x0000000000000804      0x1d6 ./Drivers/STM32WBxx_HAL_Driver/Src/stm32wbxx_hal_rcc.o
 .debug_rnglists
                0x00000000000009da      0x2b6 ./Drivers/STM32WBxx_HAL_Driver/Src/stm32wbxx_hal_rcc_ex.o
 .debug_rnglists
                0x0000000000000c90      0x328 ./Drivers/STM32WBxx_HAL_Driver/Src/stm32wbxx_hal_tim.o
 .debug_rnglists
                0x0000000000000fb8      0x147 ./Drivers/STM32WBxx_HAL_Driver/Src/stm32wbxx_hal_tim_ex.o
 .debug_rnglists
                0x00000000000010ff      0x206 ./Drivers/STM32WBxx_HAL_Driver/Src/stm32wbxx_hal_uart.o
 .debug_rnglists
                0x0000000000001305       0x7f ./Drivers/STM32WBxx_HAL_Driver/Src/stm32wbxx_hal_uart_ex.o
 .debug_rnglists
                0x0000000000001384       0x99 ./Drivers/STM32WBxx_HAL_Driver/Src/stm32wbxx_ll_usb.o

.debug_macro    0x0000000000000000    0x22b91
 .debug_macro   0x0000000000000000      0x25f ./Core/Src/gpio.o
 .debug_macro   0x000000000000025f      0xaa8 ./Core/Src/gpio.o
 .debug_macro   0x0000000000000d07      0x136 ./Core/Src/gpio.o
 .debug_macro   0x0000000000000e3d       0x2e ./Core/Src/gpio.o
 .debug_macro   0x0000000000000e6b       0x2e ./Core/Src/gpio.o
 .debug_macro   0x0000000000000e99       0x22 ./Core/Src/gpio.o
 .debug_macro   0x0000000000000ebb       0x8e ./Core/Src/gpio.o
 .debug_macro   0x0000000000000f49       0x51 ./Core/Src/gpio.o
 .debug_macro   0x0000000000000f9a      0x103 ./Core/Src/gpio.o
 .debug_macro   0x000000000000109d       0x6a ./Core/Src/gpio.o
 .debug_macro   0x0000000000001107      0x1df ./Core/Src/gpio.o
 .debug_macro   0x00000000000012e6       0x1c ./Core/Src/gpio.o
 .debug_macro   0x0000000000001302       0x22 ./Core/Src/gpio.o
 .debug_macro   0x0000000000001324       0xfb ./Core/Src/gpio.o
 .debug_macro   0x000000000000141f     0x1011 ./Core/Src/gpio.o
 .debug_macro   0x0000000000002430      0x11f ./Core/Src/gpio.o
 .debug_macro   0x000000000000254f    0x12adb ./Core/Src/gpio.o
 .debug_macro   0x000000000001502a       0x6c ./Core/Src/gpio.o
 .debug_macro   0x0000000000015096     0x34cc ./Core/Src/gpio.o
 .debug_macro   0x0000000000018562      0x174 ./Core/Src/gpio.o
 .debug_macro   0x00000000000186d6       0x5c ./Core/Src/gpio.o
 .debug_macro   0x0000000000018732      0x3f5 ./Core/Src/gpio.o
 .debug_macro   0x0000000000018b27      0x286 ./Core/Src/gpio.o
 .debug_macro   0x0000000000018dad      0x30d ./Core/Src/gpio.o
 .debug_macro   0x00000000000190ba      0x17e ./Core/Src/gpio.o
 .debug_macro   0x0000000000019238       0x43 ./Core/Src/gpio.o
 .debug_macro   0x000000000001927b      0x236 ./Core/Src/gpio.o
 .debug_macro   0x00000000000194b1      0x24a ./Core/Src/gpio.o
 .debug_macro   0x00000000000196fb      0x57b ./Core/Src/gpio.o
 .debug_macro   0x0000000000019c76       0x2e ./Core/Src/gpio.o
 .debug_macro   0x0000000000019ca4      0x100 ./Core/Src/gpio.o
 .debug_macro   0x0000000000019da4      0x1ba ./Core/Src/gpio.o
 .debug_macro   0x0000000000019f5e      0x1cd ./Core/Src/gpio.o
 .debug_macro   0x000000000001a12b       0x73 ./Core/Src/gpio.o
 .debug_macro   0x000000000001a19e      0x22d ./Core/Src/gpio.o
 .debug_macro   0x000000000001a3cb      0x381 ./Core/Src/gpio.o
 .debug_macro   0x000000000001a74c      0x13d ./Core/Src/gpio.o
 .debug_macro   0x000000000001a889      0x141 ./Core/Src/gpio.o
 .debug_macro   0x000000000001a9ca      0x4ff ./Core/Src/gpio.o
 .debug_macro   0x000000000001aec9      0x874 ./Core/Src/gpio.o
 .debug_macro   0x000000000001b73d      0x259 ./Core/Src/gpio.o
 .debug_macro   0x000000000001b996     0x1bb1 ./Core/Src/gpio.o
 .debug_macro   0x000000000001d547       0xe4 ./Core/Src/gpio.o
 .debug_macro   0x000000000001d62b      0x5e7 ./Core/Src/gpio.o
 .debug_macro   0x000000000001dc12      0xac9 ./Core/Src/gpio.o
 .debug_macro   0x000000000001e6db      0x110 ./Core/Src/gpio.o
 .debug_macro   0x000000000001e7eb      0x693 ./Core/Src/gpio.o
 .debug_macro   0x000000000001ee7e       0xa6 ./Core/Src/gpio.o
 .debug_macro   0x000000000001ef24      0x557 ./Core/Src/gpio.o
 .debug_macro   0x000000000001f47b      0x433 ./Core/Src/gpio.o
 .debug_macro   0x000000000001f8ae       0xa0 ./Core/Src/gpio.o
 .debug_macro   0x000000000001f94e      0x28b ./Core/Src/main.o
 .debug_macro   0x000000000001fbd9      0x255 ./Core/Src/stm32wbxx_hal_msp.o
 .debug_macro   0x000000000001fe2e      0x25f ./Core/Src/stm32wbxx_it.o
 .debug_macro   0x000000000002008d      0x246 ./Core/Src/system_stm32wbxx.o
 .debug_macro   0x00000000000202d3      0x25f ./Core/Src/tim.o
 .debug_macro   0x0000000000020532      0x25f ./Core/Src/usart.o
 .debug_macro   0x0000000000020791      0x25f ./Core/Src/usb.o
 .debug_macro   0x00000000000209f0      0x26a ./Drivers/STM32WBxx_HAL_Driver/Src/stm32wbxx_hal.o
 .debug_macro   0x0000000000020c5a      0x246 ./Drivers/STM32WBxx_HAL_Driver/Src/stm32wbxx_hal_cortex.o
 .debug_macro   0x0000000000020ea0      0x24d ./Drivers/STM32WBxx_HAL_Driver/Src/stm32wbxx_hal_gpio.o
 .debug_macro   0x00000000000210ed      0x252 ./Drivers/STM32WBxx_HAL_Driver/Src/stm32wbxx_hal_pcd.o
 .debug_macro   0x000000000002133f      0x246 ./Drivers/STM32WBxx_HAL_Driver/Src/stm32wbxx_hal_pcd_ex.o
 .debug_macro   0x0000000000021585      0x2b8 ./Drivers/STM32WBxx_HAL_Driver/Src/stm32wbxx_hal_pwr.o
 .debug_macro   0x000000000002183d      0x258 ./Drivers/STM32WBxx_HAL_Driver/Src/stm32wbxx_hal_pwr_ex.o
 .debug_macro   0x0000000000021a95      0x2b8 ./Drivers/STM32WBxx_HAL_Driver/Src/stm32wbxx_hal_rcc.o
 .debug_macro   0x0000000000021d4d      0x29b ./Drivers/STM32WBxx_HAL_Driver/Src/stm32wbxx_hal_rcc_ex.o
 .debug_macro   0x0000000000021fe8      0x24e ./Drivers/STM32WBxx_HAL_Driver/Src/stm32wbxx_hal_tim.o
 .debug_macro   0x0000000000022236      0x252 ./Drivers/STM32WBxx_HAL_Driver/Src/stm32wbxx_hal_tim_ex.o
 .debug_macro   0x0000000000022488      0x271 ./Drivers/STM32WBxx_HAL_Driver/Src/stm32wbxx_hal_uart.o
 .debug_macro   0x00000000000226f9      0x252 ./Drivers/STM32WBxx_HAL_Driver/Src/stm32wbxx_hal_uart_ex.o
 .debug_macro   0x000000000002294b      0x246 ./Drivers/STM32WBxx_HAL_Driver/Src/stm32wbxx_ll_usb.o

.debug_line     0x0000000000000000    0x19b50
 .debug_line    0x0000000000000000      0x8a8 ./Core/Src/gpio.o
 .debug_line    0x00000000000008a8      0x952 ./Core/Src/main.o
 .debug_line    0x00000000000011fa      0x843 ./Core/Src/stm32wbxx_hal_msp.o
 .debug_line    0x0000000000001a3d      0x909 ./Core/Src/stm32wbxx_it.o
 .debug_line    0x0000000000002346      0x8e7 ./Core/Src/system_stm32wbxx.o
 .debug_line    0x0000000000002c2d      0x96d ./Core/Src/tim.o
 .debug_line    0x000000000000359a      0x945 ./Core/Src/usart.o
 .debug_line    0x0000000000003edf      0x927 ./Core/Src/usb.o
 .debug_line    0x0000000000004806       0x83 ./Core/Startup/startup_stm32wb55rgvx.o
 .debug_line    0x0000000000004889     0x10cc ./Drivers/STM32WBxx_HAL_Driver/Src/stm32wbxx_hal.o
 .debug_line    0x0000000000005955      0xd96 ./Drivers/STM32WBxx_HAL_Driver/Src/stm32wbxx_hal_cortex.o
 .debug_line    0x00000000000066eb      0xc77 ./Drivers/STM32WBxx_HAL_Driver/Src/stm32wbxx_hal_gpio.o
 .debug_line    0x0000000000007362     0x1479 ./Drivers/STM32WBxx_HAL_Driver/Src/stm32wbxx_hal_pcd.o
 .debug_line    0x00000000000087db      0x9af ./Drivers/STM32WBxx_HAL_Driver/Src/stm32wbxx_hal_pcd_ex.o
 .debug_line    0x000000000000918a      0xaf1 ./Drivers/STM32WBxx_HAL_Driver/Src/stm32wbxx_hal_pwr.o
 .debug_line    0x0000000000009c7b     0x1235 ./Drivers/STM32WBxx_HAL_Driver/Src/stm32wbxx_hal_pwr_ex.o
 .debug_line    0x000000000000aeb0     0x18e4 ./Drivers/STM32WBxx_HAL_Driver/Src/stm32wbxx_hal_rcc.o
 .debug_line    0x000000000000c794     0x1d6e ./Drivers/STM32WBxx_HAL_Driver/Src/stm32wbxx_hal_rcc_ex.o
 .debug_line    0x000000000000e502     0x3ca3 ./Drivers/STM32WBxx_HAL_Driver/Src/stm32wbxx_hal_tim.o
 .debug_line    0x00000000000121a5     0x1d1d ./Drivers/STM32WBxx_HAL_Driver/Src/stm32wbxx_hal_tim_ex.o
 .debug_line    0x0000000000013ec2     0x3ced ./Drivers/STM32WBxx_HAL_Driver/Src/stm32wbxx_hal_uart.o
 .debug_line    0x0000000000017baf      0xe92 ./Drivers/STM32WBxx_HAL_Driver/Src/stm32wbxx_hal_uart_ex.o
 .debug_line    0x0000000000018a41     0x110f ./Drivers/STM32WBxx_HAL_Driver/Src/stm32wbxx_ll_usb.o

.debug_str      0x0000000000000000    0xdfac6
 .debug_str     0x0000000000000000    0xd83ea ./Core/Src/gpio.o
                                      0xd8e4c (size before relaxing)
 .debug_str     0x00000000000d83ea      0xa56 ./Core/Src/main.o
                                      0xd98f9 (size before relaxing)
 .debug_str     0x00000000000d8e40       0x2c ./Core/Src/stm32wbxx_hal_msp.o
                                      0xd8b27 (size before relaxing)
 .debug_str     0x00000000000d8e6c       0xc9 ./Core/Src/stm32wbxx_it.o
                                      0xd8bc4 (size before relaxing)
 .debug_str     0x00000000000d8f35      0x10f ./Core/Src/system_stm32wbxx.o
                                      0xd8bee (size before relaxing)
 .debug_str     0x00000000000d9044      0x232 ./Core/Src/tim.o
                                      0xd9695 (size before relaxing)
 .debug_str     0x00000000000d9276      0x321 ./Core/Src/usart.o
                                      0xd9648 (size before relaxing)
 .debug_str     0x00000000000d9597      0x325 ./Core/Src/usb.o
                                      0xd93ce (size before relaxing)
 .debug_str     0x00000000000d98bc       0x34 ./Core/Startup/startup_stm32wb55rgvx.o
                                         0x5e (size before relaxing)
 .debug_str     0x00000000000d98f0      0xe4b ./Drivers/STM32WBxx_HAL_Driver/Src/stm32wbxx_hal.o
                                      0xd9ad4 (size before relaxing)
 .debug_str     0x00000000000da73b      0x331 ./Drivers/STM32WBxx_HAL_Driver/Src/stm32wbxx_hal_cortex.o
                                      0xd9254 (size before relaxing)
 .debug_str     0x00000000000daa6c      0x14c ./Drivers/STM32WBxx_HAL_Driver/Src/stm32wbxx_hal_gpio.o
                                      0xd8bc8 (size before relaxing)
 .debug_str     0x00000000000dabb8      0x563 ./Drivers/STM32WBxx_HAL_Driver/Src/stm32wbxx_hal_pcd.o
                                      0xd9274 (size before relaxing)
 .debug_str     0x00000000000db11b      0x186 ./Drivers/STM32WBxx_HAL_Driver/Src/stm32wbxx_hal_pcd_ex.o
                                      0xd8eb0 (size before relaxing)
 .debug_str     0x00000000000db2a1      0x5b7 ./Drivers/STM32WBxx_HAL_Driver/Src/stm32wbxx_hal_pwr.o
                                      0xd905e (size before relaxing)
 .debug_str     0x00000000000db858      0x826 ./Drivers/STM32WBxx_HAL_Driver/Src/stm32wbxx_hal_pwr_ex.o
                                      0xd955f (size before relaxing)
 .debug_str     0x00000000000dc07e      0xb3f ./Drivers/STM32WBxx_HAL_Driver/Src/stm32wbxx_hal_rcc.o
                                      0xd9a4c (size before relaxing)
 .debug_str     0x00000000000dcbbd      0xc7d ./Drivers/STM32WBxx_HAL_Driver/Src/stm32wbxx_hal_rcc_ex.o
                                      0xd9e75 (size before relaxing)
 .debug_str     0x00000000000dd83a      0xe30 ./Drivers/STM32WBxx_HAL_Driver/Src/stm32wbxx_hal_tim.o
                                      0xd9f6a (size before relaxing)
 .debug_str     0x00000000000de66a      0x74b ./Drivers/STM32WBxx_HAL_Driver/Src/stm32wbxx_hal_tim_ex.o
                                      0xd99dc (size before relaxing)
 .debug_str     0x00000000000dedb5      0x9d5 ./Drivers/STM32WBxx_HAL_Driver/Src/stm32wbxx_hal_uart.o
                                      0xd9bce (size before relaxing)
 .debug_str     0x00000000000df78a      0x264 ./Drivers/STM32WBxx_HAL_Driver/Src/stm32wbxx_hal_uart_ex.o
                                      0xd92ba (size before relaxing)
 .debug_str     0x00000000000df9ee       0xd8 ./Drivers/STM32WBxx_HAL_Driver/Src/stm32wbxx_ll_usb.o
                                      0xd8db1 (size before relaxing)

.debug_frame    0x0000000000000000     0x6ea8
 .debug_frame   0x0000000000000000       0x5c ./Core/Src/gpio.o
 .debug_frame   0x000000000000005c       0xb4 ./Core/Src/main.o
 .debug_frame   0x0000000000000110       0x30 ./Core/Src/stm32wbxx_hal_msp.o
 .debug_frame   0x0000000000000140      0x104 ./Core/Src/stm32wbxx_it.o
 .debug_frame   0x0000000000000244       0x58 ./Core/Src/system_stm32wbxx.o
 .debug_frame   0x000000000000029c      0x118 ./Core/Src/tim.o
 .debug_frame   0x00000000000003b4       0xec ./Core/Src/usart.o
 .debug_frame   0x00000000000004a0       0xec ./Core/Src/usb.o
 .debug_frame   0x000000000000058c      0xa34 ./Drivers/STM32WBxx_HAL_Driver/Src/stm32wbxx_hal.o
 .debug_frame   0x0000000000000fc0      0x44c ./Drivers/STM32WBxx_HAL_Driver/Src/stm32wbxx_hal_cortex.o
 .debug_frame   0x000000000000140c      0x174 ./Drivers/STM32WBxx_HAL_Driver/Src/stm32wbxx_hal_gpio.o
 .debug_frame   0x0000000000001580      0x56c ./Drivers/STM32WBxx_HAL_Driver/Src/stm32wbxx_hal_pcd.o
 .debug_frame   0x0000000000001aec      0x14c ./Drivers/STM32WBxx_HAL_Driver/Src/stm32wbxx_hal_pcd_ex.o
 .debug_frame   0x0000000000001c38      0x344 ./Drivers/STM32WBxx_HAL_Driver/Src/stm32wbxx_hal_pwr.o
 .debug_frame   0x0000000000001f7c      0xb00 ./Drivers/STM32WBxx_HAL_Driver/Src/stm32wbxx_hal_pwr_ex.o
 .debug_frame   0x0000000000002a7c      0xa0c ./Drivers/STM32WBxx_HAL_Driver/Src/stm32wbxx_hal_rcc.o
 .debug_frame   0x0000000000003488      0xf38 ./Drivers/STM32WBxx_HAL_Driver/Src/stm32wbxx_hal_rcc_ex.o
 .debug_frame   0x00000000000043c0     0x121c ./Drivers/STM32WBxx_HAL_Driver/Src/stm32wbxx_hal_tim.o
 .debug_frame   0x00000000000055dc      0x6fc ./Drivers/STM32WBxx_HAL_Driver/Src/stm32wbxx_hal_tim_ex.o
 .debug_frame   0x0000000000005cd8      0xae4 ./Drivers/STM32WBxx_HAL_Driver/Src/stm32wbxx_hal_uart.o
 .debug_frame   0x00000000000067bc      0x2c0 ./Drivers/STM32WBxx_HAL_Driver/Src/stm32wbxx_hal_uart_ex.o
 .debug_frame   0x0000000000006a7c      0x380 ./Drivers/STM32WBxx_HAL_Driver/Src/stm32wbxx_ll_usb.o
 .debug_frame   0x0000000000006dfc       0x20 C:/ST/STM32CubeIDE_1.14.1/STM32CubeIDE/plugins/com.st.stm32cube.ide.mcu.externaltools.gnu-tools-for-stm32.11.3.rel1.win32_1.1.100.202309141235/tools/bin/../lib/gcc/arm-none-eabi/11.3.1/../../../../arm-none-eabi/lib/thumb/v7e-m+fp/hard\libc_nano.a(libc_a-memset.o)
 .debug_frame   0x0000000000006e1c       0x2c C:/ST/STM32CubeIDE_1.14.1/STM32CubeIDE/plugins/com.st.stm32cube.ide.mcu.externaltools.gnu-tools-for-stm32.11.3.rel1.win32_1.1.100.202309141235/tools/bin/../lib/gcc/arm-none-eabi/11.3.1/../../../../arm-none-eabi/lib/thumb/v7e-m+fp/hard\libc_nano.a(libc_a-init.o)
 .debug_frame   0x0000000000006e48       0x2c C:/ST/STM32CubeIDE_1.14.1/STM32CubeIDE/plugins/com.st.stm32cube.ide.mcu.externaltools.gnu-tools-for-stm32.11.3.rel1.win32_1.1.100.202309141235/tools/bin/../lib/gcc/arm-none-eabi/11.3.1/thumb/v7e-m+fp/hard\libgcc.a(_aeabi_uldivmod.o)
 .debug_frame   0x0000000000006e74       0x34 C:/ST/STM32CubeIDE_1.14.1/STM32CubeIDE/plugins/com.st.stm32cube.ide.mcu.externaltools.gnu-tools-for-stm32.11.3.rel1.win32_1.1.100.202309141235/tools/bin/../lib/gcc/arm-none-eabi/11.3.1/thumb/v7e-m+fp/hard\libgcc.a(_udivmoddi4.o)

.debug_line_str
                0x0000000000000000       0x52
 .debug_line_str
                0x0000000000000000       0x52 ./Core/Startup/startup_stm32wb55rgvx.o
                                         0x6a (size before relaxing)
