Archive member included to satisfy reference by file (symbol)

C:/ST/STM32CubeIDE_1.14.1/STM32CubeIDE/plugins/com.st.stm32cube.ide.mcu.externaltools.gnu-tools-for-stm32.11.3.rel1.win32_1.1.100.202309141235/tools/bin/../lib/gcc/arm-none-eabi/11.3.1/../../../../arm-none-eabi/lib/thumb/v7e-m+fp/hard\libc_nano.a(libc_a-exit.o)
                              C:/ST/STM32CubeIDE_1.14.1/STM32CubeIDE/plugins/com.st.stm32cube.ide.mcu.externaltools.gnu-tools-for-stm32.11.3.rel1.win32_1.1.100.202309141235/tools/bin/../lib/gcc/arm-none-eabi/11.3.1/../../../../arm-none-eabi/lib/thumb/v7e-m+fp/hard/crt0.o (exit)
C:/ST/STM32CubeIDE_1.14.1/STM32CubeIDE/plugins/com.st.stm32cube.ide.mcu.externaltools.gnu-tools-for-stm32.11.3.rel1.win32_1.1.100.202309141235/tools/bin/../lib/gcc/arm-none-eabi/11.3.1/../../../../arm-none-eabi/lib/thumb/v7e-m+fp/hard\libc_nano.a(libc_a-findfp.o)
                              C:/ST/STM32CubeIDE_1.14.1/STM32CubeIDE/plugins/com.st.stm32cube.ide.mcu.externaltools.gnu-tools-for-stm32.11.3.rel1.win32_1.1.100.202309141235/tools/bin/../lib/gcc/arm-none-eabi/11.3.1/../../../../arm-none-eabi/lib/thumb/v7e-m+fp/hard\libc_nano.a(libc_a-exit.o) (__stdio_exit_handler)
C:/ST/STM32CubeIDE_1.14.1/STM32CubeIDE/plugins/com.st.stm32cube.ide.mcu.externaltools.gnu-tools-for-stm32.11.3.rel1.win32_1.1.100.202309141235/tools/bin/../lib/gcc/arm-none-eabi/11.3.1/../../../../arm-none-eabi/lib/thumb/v7e-m+fp/hard\libc_nano.a(libc_a-fwalk.o)
                              C:/ST/STM32CubeIDE_1.14.1/STM32CubeIDE/plugins/com.st.stm32cube.ide.mcu.externaltools.gnu-tools-for-stm32.11.3.rel1.win32_1.1.100.202309141235/tools/bin/../lib/gcc/arm-none-eabi/11.3.1/../../../../arm-none-eabi/lib/thumb/v7e-m+fp/hard\libc_nano.a(libc_a-findfp.o) (_fwalk_sglue)
C:/ST/STM32CubeIDE_1.14.1/STM32CubeIDE/plugins/com.st.stm32cube.ide.mcu.externaltools.gnu-tools-for-stm32.11.3.rel1.win32_1.1.100.202309141235/tools/bin/../lib/gcc/arm-none-eabi/11.3.1/../../../../arm-none-eabi/lib/thumb/v7e-m+fp/hard\libc_nano.a(libc_a-stdio.o)
                              C:/ST/STM32CubeIDE_1.14.1/STM32CubeIDE/plugins/com.st.stm32cube.ide.mcu.externaltools.gnu-tools-for-stm32.11.3.rel1.win32_1.1.100.202309141235/tools/bin/../lib/gcc/arm-none-eabi/11.3.1/../../../../arm-none-eabi/lib/thumb/v7e-m+fp/hard\libc_nano.a(libc_a-findfp.o) (__sread)
C:/ST/STM32CubeIDE_1.14.1/STM32CubeIDE/plugins/com.st.stm32cube.ide.mcu.externaltools.gnu-tools-for-stm32.11.3.rel1.win32_1.1.100.202309141235/tools/bin/../lib/gcc/arm-none-eabi/11.3.1/../../../../arm-none-eabi/lib/thumb/v7e-m+fp/hard\libc_nano.a(libc_a-memset.o)
                              C:/ST/STM32CubeIDE_1.14.1/STM32CubeIDE/plugins/com.st.stm32cube.ide.mcu.externaltools.gnu-tools-for-stm32.11.3.rel1.win32_1.1.100.202309141235/tools/bin/../lib/gcc/arm-none-eabi/11.3.1/../../../../arm-none-eabi/lib/thumb/v7e-m+fp/hard/crt0.o (memset)
C:/ST/STM32CubeIDE_1.14.1/STM32CubeIDE/plugins/com.st.stm32cube.ide.mcu.externaltools.gnu-tools-for-stm32.11.3.rel1.win32_1.1.100.202309141235/tools/bin/../lib/gcc/arm-none-eabi/11.3.1/../../../../arm-none-eabi/lib/thumb/v7e-m+fp/hard\libc_nano.a(libc_a-closer.o)
                              C:/ST/STM32CubeIDE_1.14.1/STM32CubeIDE/plugins/com.st.stm32cube.ide.mcu.externaltools.gnu-tools-for-stm32.11.3.rel1.win32_1.1.100.202309141235/tools/bin/../lib/gcc/arm-none-eabi/11.3.1/../../../../arm-none-eabi/lib/thumb/v7e-m+fp/hard\libc_nano.a(libc_a-stdio.o) (_close_r)
C:/ST/STM32CubeIDE_1.14.1/STM32CubeIDE/plugins/com.st.stm32cube.ide.mcu.externaltools.gnu-tools-for-stm32.11.3.rel1.win32_1.1.100.202309141235/tools/bin/../lib/gcc/arm-none-eabi/11.3.1/../../../../arm-none-eabi/lib/thumb/v7e-m+fp/hard\libc_nano.a(libc_a-reent.o)
                              C:/ST/STM32CubeIDE_1.14.1/STM32CubeIDE/plugins/com.st.stm32cube.ide.mcu.externaltools.gnu-tools-for-stm32.11.3.rel1.win32_1.1.100.202309141235/tools/bin/../lib/gcc/arm-none-eabi/11.3.1/../../../../arm-none-eabi/lib/thumb/v7e-m+fp/hard\libc_nano.a(libc_a-closer.o) (errno)
C:/ST/STM32CubeIDE_1.14.1/STM32CubeIDE/plugins/com.st.stm32cube.ide.mcu.externaltools.gnu-tools-for-stm32.11.3.rel1.win32_1.1.100.202309141235/tools/bin/../lib/gcc/arm-none-eabi/11.3.1/../../../../arm-none-eabi/lib/thumb/v7e-m+fp/hard\libc_nano.a(libc_a-impure.o)
                              C:/ST/STM32CubeIDE_1.14.1/STM32CubeIDE/plugins/com.st.stm32cube.ide.mcu.externaltools.gnu-tools-for-stm32.11.3.rel1.win32_1.1.100.202309141235/tools/bin/../lib/gcc/arm-none-eabi/11.3.1/../../../../arm-none-eabi/lib/thumb/v7e-m+fp/hard\libc_nano.a(libc_a-reent.o) (_impure_ptr)
C:/ST/STM32CubeIDE_1.14.1/STM32CubeIDE/plugins/com.st.stm32cube.ide.mcu.externaltools.gnu-tools-for-stm32.11.3.rel1.win32_1.1.100.202309141235/tools/bin/../lib/gcc/arm-none-eabi/11.3.1/../../../../arm-none-eabi/lib/thumb/v7e-m+fp/hard\libc_nano.a(libc_a-lseekr.o)
[...]
Memory Configuration

Name             Origin             Length             Attributes
FLASH            0x0000000008000000 0x0000000000080000 xr
RAM              0x0000000020000008 0x000000000002fff8 xrw
RAM_SHARED       0x0000000020030000 0x0000000000002800 xrw
*default*        0x0000000000000000 0xffffffffffffffff

Linker script and memory map

LOAD C:/ST/STM32CubeIDE_1.14.1/STM32CubeIDE/plugins/com.st.stm32cube.ide.mcu.externaltools.gnu-tools-for-stm32.11.3.rel1.win32_1.1.100.202309141235/tools/bin/../lib/gcc/arm-none-eabi/11.3.1/thumb/v7e-m+fp/hard/crti.o
LOAD C:/ST/STM32CubeIDE_1.14.1/STM32CubeIDE/plugins/com.st.stm32cube.ide.mcu.externaltools.gnu-tools-for-stm32.11.3.rel1.win32_1.1.100.202309141235/tools/bin/../lib/gcc/arm-none-eabi/11.3.1/thumb/v7e-m+fp/hard/crtbegin.o
LOAD C:/ST/STM32CubeIDE_1.14.1/STM32CubeIDE/plugins/com.st.stm32cube.ide.mcu.externaltools.gnu-tools-for-stm32.11.3.rel1.win32_1.1.100.202309141235/tools/bin/../lib/gcc/arm-none-eabi/11.3.1/../../../../arm-none-eabi/lib/thumb/v7e-m+fp/hard/crt0.o
LOAD ./Core/Src/gpio.o
LOAD ./Core/Src/infrarouge.o
LOAD ./Core/Src/main.o
LOAD ./Core/Src/memorymap.o
LOAD ./Core/Src/motor.o
LOAD ./Core/Src/spi.o
LOAD ./Core/Src/stm32wbxx_hal_msp.o
LOAD ./Core/Src/stm32wbxx_it.o
LOAD ./Core/Src/syscalls.o
LOAD ./Core/Src/sysmem.o
LOAD ./Core/Src/system_stm32wbxx.o
LOAD ./Core/Src/tim.o
LOAD ./Core/Src/ultrason.o
LOAD ./Core/Src/usart.o
LOAD ./Core/Src/usb.o
LOAD ./Core/Startup/startup_stm32wb55rgvx.o
LOAD ./Drivers/STM32WBxx_HAL_Driver/Src/stm32wbxx_hal.o
LOAD ./Drivers/STM32WBxx_HAL_Driver/Src/stm32wbxx_hal_cortex.o
LOAD ./Drivers/STM32WBxx_HAL_Driver/Src/stm32wbxx_hal_dma.o
LOAD ./Drivers/STM32WBxx_HAL_Driver/Src/stm32wbxx_hal_dma_ex.o
LOAD ./Drivers/STM32WBxx_HAL_Driver/Src/stm32wbxx_hal_exti.o
LOAD ./Drivers/STM32WBxx_HAL_Driver/Src/stm32wbxx_hal_flash.o
LOAD ./Drivers/STM32WBxx_HAL_Driver/Src/stm32wbxx_hal_flash_ex.o
LOAD ./Drivers/STM32WBxx_HAL_Driver/Src/stm32wbxx_hal_gpio.o
LOAD ./Drivers/STM32WBxx_HAL_Driver/Src/stm32wbxx_hal_hsem.o
LOAD ./Drivers/STM32WBxx_HAL_Driver/Src/stm32wbxx_hal_pcd.o
LOAD ./Drivers/STM32WBxx_HAL_Driver/Src/stm32wbxx_hal_pcd_ex.o
LOAD ./Drivers/STM32WBxx_HAL_Driver/Src/stm32wbxx_hal_pwr.o
LOAD ./Drivers/STM32WBxx_HAL_Driver/Src/stm32wbxx_hal_pwr_ex.o
LOAD ./Drivers/STM32WBxx_HAL_Driver/Src/stm32wbxx_hal_rcc.o
LOAD ./Drivers/STM32WBxx_HAL_Driver/Src/stm32wbxx_hal_rcc_ex.o
LOAD ./Drivers/STM32WBxx_HAL_Driver/Src/stm32wbxx_hal_spi.o
LOAD ./Drivers/STM32WBxx_HAL_Driver/Src/stm32wbxx_hal_spi_ex.o
LOAD ./Drivers/STM32WBxx_HAL_Driver/Src/stm32wbxx_hal_tim.o
LOAD ./Drivers/STM32WBxx_HAL_Driver/Src/stm32wbxx_hal_tim_ex.o
LOAD ./Drivers/STM32WBxx_HAL_Driver/Src/stm32wbxx_hal_uart.o
LOAD ./Drivers/STM32WBxx_HAL_Driver/Src/stm32wbxx_hal_uart_ex.o
LOAD ./Drivers/STM32WBxx_HAL_Driver/Src/stm32wbxx_ll_rcc.o
LOAD ./Drivers/STM32WBxx_HAL_Driver/Src/stm32wbxx_ll_usb.o
START GROUP
LOAD C:/ST/STM32CubeIDE_1.14.1/STM32CubeIDE/plugins/com.st.stm32cube.ide.mcu.externaltools.gnu-tools-for-stm32.11.3.rel1.win32_1.1.100.202309141235/tools/bin/../lib/gcc/arm-none-eabi/11.3.1/../../../../arm-none-eabi/lib/thumb/v7e-m+fp/hard\libc_nano.a
LOAD C:/ST/STM32CubeIDE_1.14.1/STM32CubeIDE/plugins/com.st.stm32cube.ide.mcu.externaltools.gnu-tools-for-stm32.11.3.rel1.win32_1.1.100.202309141235/tools/bin/../lib/gcc/arm-none-eabi/11.3.1/../../../../arm-none-eabi/lib/thumb/v7e-m+fp/hard\libm.a
END GROUP
START GROUP
LOAD C:/ST/STM32CubeIDE_1.14.1/STM32CubeIDE/plugins/com.st.stm32cube.ide.mcu.externaltools.gnu-tools-for-stm32.11.3.rel1.win32_1.1.100.202309141235/tools/bin/../lib/gcc/arm-none-eabi/11.3.1/thumb/v7e-m+fp/hard\libgcc.a
LOAD C:/ST/STM32CubeIDE_1.14.1/STM32CubeIDE/plugins/com.st.stm32cube.ide.mcu.externaltools.gnu-tools-for-stm32.11.3.rel1.win32_1.1.100.202309141235/tools/bin/../lib/gcc/arm-none-eabi/11.3.1/../../../../arm-none-eabi/lib/thumb/v7e-m+fp/hard\libc_nano.a
END GROUP
START GROUP
LOAD C:/ST/STM32CubeIDE_1.14.1/STM32CubeIDE/plugins/com.st.stm32cube.ide.mcu.externaltools.gnu-tools-for-stm32.11.3.rel1.win32_1.1.100.202309141235/tools/bin/../lib/gcc/arm-none-eabi/11.3.1/thumb/v7e-m+fp/hard\libgcc.a
LOAD C:/ST/STM32CubeIDE_1.14.1/STM32CubeIDE/plugins/com.st.stm32cube.ide.mcu.externaltools.gnu-tools-for-stm32.11.3.rel1.win32_1.1.100.202309141235/tools/bin/../lib/gcc/arm-none-eabi/11.3.1/../../../../arm-none-eabi/lib/thumb/v7e-m+fp/hard\libc_nano.a
LOAD C:/ST/STM32CubeIDE_1.14.1/STM32CubeIDE/plugins/com.st.stm32cube.ide.mcu.externaltools.gnu-tools-for-stm32.11.3.rel1.win32_1.1.100.202309141235/tools/bin/../lib/gcc/arm-none-eabi/11.3.1/../../../../arm-none-eabi/lib/thumb/v7e-m+fp/hard\libnosys.a
END GROUP
START GROUP
LOAD C:/ST/STM32CubeIDE_1.14.1/STM32CubeIDE/plugins/com.st.stm32cube.ide.mcu.externaltools.gnu-tools-for-stm32.11.3.rel1.win32_1.1.100.202309141235/tools/bin/../lib/gcc/arm-none-eabi/11.3.1/thumb/v7e-m+fp/hard\libgcc.a
LOAD C:/ST/STM32CubeIDE_1.14.1/STM32CubeIDE/plugins/com.st.stm32cube.ide.mcu.externaltools.gnu-tools-for-stm32.11.3.rel1.win32_1.1.100.202309141235/tools/bin/../lib/gcc/arm-none-eabi/11.3.1/../../../../arm-none-eabi/lib/thumb/v7e-m+fp/hard\libc_nano.a
LOAD C:/ST/STM32CubeIDE_1.14.1/STM32CubeIDE/plugins/com.st.stm32cube.ide.mcu.externaltools.gnu-tools-for-stm32.11.3.rel1.win32_1.1.100.202309141235/tools/bin/../lib/gcc/arm-none-eabi/11.3.1/../../../../arm-none-eabi/lib/thumb/v7e-m+fp/hard\libnosys.a
END GROUP
LOAD C:/ST/STM32CubeIDE_1.14.1/STM32CubeIDE/plugins/com.st.stm32cube.ide.mcu.externaltools.gnu-tools-for-stm32.11.3.rel1.win32_1.1.100.202309141235/tools/bin/../lib/gcc/arm-none-eabi/11.3.1/thumb/v7e-m+fp/hard/crtend.o
LOAD C:/ST/STM32CubeIDE_1.14.1/STM32CubeIDE/plugins/com.st.stm32cube.ide.mcu.externaltools.gnu-tools-for-stm32.11.3.rel1.win32_1.1.100.202309141235/tools/bin/../lib/gcc/arm-none-eabi/11.3.1/thumb/v7e-m+fp/hard/crtn.o
                0x0000000020030000                _estack = (ORIGIN (RAM) + LENGTH (RAM))
                0x0000000000000200                _Min_Heap_Size = 0x200
                0x0000000000000400                _Min_Stack_Size = 0x400

.isr_vector     0x0000000008000000      0x13c
                0x0000000008000000                . = ALIGN (0x4)
 *(.isr_vector)
 .isr_vector    0x0000000008000000      0x13c ./Core/Startup/startup_stm32wb55rgvx.o
                0x0000000008000000                g_pfnVectors
                0x000000000800013c                . = ALIGN (0x4)

.text           0x000000000800013c     0x51b8
                0x000000000800013c                . = ALIGN (0x4)
 *(.text)
 .text          0x000000000800013c       0x40 C:/ST/STM32CubeIDE_1.14.1/STM32CubeIDE/plugins/com.st.stm32cube.ide.mcu.externaltools.gnu-tools-for-stm32.11.3.rel1.win32_1.1.100.202309141235/tools/bin/../lib/gcc/arm-none-eabi/11.3.1/thumb/v7e-m+fp/hard/crtbegin.o
 .text          0x000000000800017c       0x30 C:/ST/STM32CubeIDE_1.14.1/STM32CubeIDE/plugins/com.st.stm32cube.ide.mcu.externaltools.gnu-tools-for-stm32.11.3.rel1.win32_1.1.100.202309141235/tools/bin/../lib/gcc/arm-none-eabi/11.3.1/thumb/v7e-m+fp/hard\libgcc.a(_aeabi_uldivmod.o)
                0x000000000800017c                __aeabi_uldivmod
 .text          0x00000000080001ac      0x2c8 C:/ST/STM32CubeIDE_1.14.1/STM32CubeIDE/plugins/com.st.stm32cube.ide.mcu.externaltools.gnu-tools-for-stm32.11.3.rel1.win32_1.1.100.202309141235/tools/bin/../lib/gcc/arm-none-eabi/11.3.1/thumb/v7e-m+fp/hard\libgcc.a(_udivmoddi4.o)
                0x00000000080001ac                __udivmoddi4
 .text          0x0000000008000474        0x4 C:/ST/STM32CubeIDE_1.14.1/STM32CubeIDE/plugins/com.st.stm32cube.ide.mcu.externaltools.gnu-tools-for-stm32.11.3.rel1.win32_1.1.100.202309141235/tools/bin/../lib/gcc/arm-none-eabi/11.3.1/thumb/v7e-m+fp/hard\libgcc.a(_dvmd_tls.o)
                0x0000000008000474                __aeabi_idiv0
                0x0000000008000474                __aeabi_ldiv0
 *(.text*)
 .text.LL_AHB2_GRP1_EnableClock
                0x0000000008000478       0x32 ./Core/Src/gpio.o
 *fill*         0x00000000080004aa        0x2 
 .text.MX_GPIO_Init
                0x00000000080004ac      0x124 ./Core/Src/gpio.o
                0x00000000080004ac                MX_GPIO_Init
 .text.LL_RCC_LSE_SetDriveCapability
                0x00000000080005d0       0x2c ./Core/Src/main.o
 .text.main     0x00000000080005fc       0x8c ./Core/Src/main.o
                0x00000000080005fc                main
 .text.SystemClock_Config
                0x0000000008000688       0xe8 ./Core/Src/main.o
                0x0000000008000688                SystemClock_Config
 .text.PeriphCommonClock_Config
                0x0000000008000770       0x3a ./Core/Src/main.o
                0x0000000008000770                PeriphCommonClock_Config
 .text.Error_Handler
                0x00000000080007aa        0xa ./Core/Src/main.o
                0x00000000080007aa                Error_Handler
 .text.LL_AHB2_GRP1_EnableClock
                0x00000000080007b4       0x32 ./Core/Src/spi.o
 .text.LL_APB2_GRP1_EnableClock
                0x00000000080007e6       0x32 ./Core/Src/spi.o
 .text.MX_SPI1_Init
                0x0000000008000818       0x7c ./Core/Src/spi.o
                0x0000000008000818                MX_SPI1_Init
 .text.HAL_SPI_MspInit
                0x0000000008000894       0x60 ./Core/Src/spi.o
                0x0000000008000894                HAL_SPI_MspInit
 .text.HAL_MspInit
                0x00000000080008f4        0xe ./Core/Src/stm32wbxx_hal_msp.o
                0x00000000080008f4                HAL_MspInit
 .text.NMI_Handler
                0x0000000008000902        0x6 ./Core/Src/stm32wbxx_it.o
                0x0000000008000902                NMI_Handler
 .text.HardFault_Handler
                0x0000000008000908        0x6 ./Core/Src/stm32wbxx_it.o
                0x0000000008000908                HardFault_Handler
 .text.MemManage_Handler
                0x000000000800090e        0x6 ./Core/Src/stm32wbxx_it.o
                0x000000000800090e                MemManage_Handler
 .text.BusFault_Handler
                0x0000000008000914        0x6 ./Core/Src/stm32wbxx_it.o
                0x0000000008000914                BusFault_Handler
 .text.UsageFault_Handler
                0x000000000800091a        0x6 ./Core/Src/stm32wbxx_it.o
                0x000000000800091a                UsageFault_Handler
 .text.SVC_Handler
                0x0000000008000920        0xe ./Core/Src/stm32wbxx_it.o
                0x0000000008000920                SVC_Handler
 .text.DebugMon_Handler
                0x000000000800092e        0xe ./Core/Src/stm32wbxx_it.o
                0x000000000800092e                DebugMon_Handler
 .text.PendSV_Handler
                0x000000000800093c        0xe ./Core/Src/stm32wbxx_it.o
                0x000000000800093c                PendSV_Handler
 .text.SysTick_Handler
                0x000000000800094a        0xc ./Core/Src/stm32wbxx_it.o
                0x000000000800094a                SysTick_Handler
 *fill*         0x0000000008000956        0x2 
 .text.SystemInit
                0x0000000008000958       0xa4 ./Core/Src/system_stm32wbxx.o
                0x0000000008000958                SystemInit
 .text.LL_AHB2_GRP1_EnableClock
                0x00000000080009fc       0x32 ./Core/Src/tim.o
 .text.LL_APB1_GRP1_EnableClock
                0x0000000008000a2e       0x32 ./Core/Src/tim.o
 .text.LL_APB2_GRP1_EnableClock
                0x0000000008000a60       0x32 ./Core/Src/tim.o
 *fill*         0x0000000008000a92        0x2 
 .text.MX_TIM1_Init
                0x0000000008000a94      0x160 ./Core/Src/tim.o
                0x0000000008000a94                MX_TIM1_Init
 .text.MX_TIM2_Init
                0x0000000008000bf4       0xec ./Core/Src/tim.o
                0x0000000008000bf4                MX_TIM2_Init
 .text.MX_TIM16_Init
                0x0000000008000ce0       0x4c ./Core/Src/tim.o
                0x0000000008000ce0                MX_TIM16_Init
 .text.HAL_TIM_Base_MspInit
                0x0000000008000d2c       0x50 ./Core/Src/tim.o
                0x0000000008000d2c                HAL_TIM_Base_MspInit
 .text.HAL_TIM_MspPostInit
                0x0000000008000d7c       0x90 ./Core/Src/tim.o
                0x0000000008000d7c                HAL_TIM_MspPostInit
 .text.LL_AHB2_GRP1_EnableClock
                0x0000000008000e0c       0x32 ./Core/Src/usart.o
 .text.LL_APB2_GRP1_EnableClock
                0x0000000008000e3e       0x32 ./Core/Src/usart.o
 .text.MX_USART1_UART_Init
                0x0000000008000e70       0x9c ./Core/Src/usart.o
                0x0000000008000e70                MX_USART1_UART_Init
 .text.HAL_UART_MspInit
                0x0000000008000f0c       0x8c ./Core/Src/usart.o
                0x0000000008000f0c                HAL_UART_MspInit
 .text.LL_AHB2_GRP1_EnableClock
                0x0000000008000f98       0x32 ./Core/Src/usb.o
 .text.LL_APB1_GRP1_EnableClock
                0x0000000008000fca       0x32 ./Core/Src/usb.o
 .text.MX_USB_PCD_Init
                0x0000000008000ffc       0x50 ./Core/Src/usb.o
                0x0000000008000ffc                MX_USB_PCD_Init
 .text.HAL_PCD_MspInit
                0x000000000800104c       0xac ./Core/Src/usb.o
                0x000000000800104c                HAL_PCD_MspInit
 .text.data_initializers
                0x00000000080010f8       0x18 ./Core/Startup/startup_stm32wb55rgvx.o
 .text.Reset_Handler
                0x0000000008001110       0x58 ./Core/Startup/startup_stm32wb55rgvx.o
                0x0000000008001110                Reset_Handler
 .text.Default_Handler
                0x0000000008001168        0x2 ./Core/Startup/startup_stm32wb55rgvx.o
                0x0000000008001168                RTC_Alarm_IRQHandler
                0x0000000008001168                EXTI2_IRQHandler
                0x0000000008001168                TIM1_CC_IRQHandler
                0x0000000008001168                TSC_IRQHandler
                0x0000000008001168                USB_HP_IRQHandler
                0x0000000008001168                EXTI3_IRQHandler
                0x0000000008001168                LPTIM2_IRQHandler
                0x0000000008001168                I2C3_ER_IRQHandler
                0x0000000008001168                EXTI0_IRQHandler
                0x0000000008001168                FPU_IRQHandler
                0x0000000008001168                TIM1_UP_TIM16_IRQHandler
                0x0000000008001168                AES1_IRQHandler
                0x0000000008001168                SPI1_IRQHandler
                0x0000000008001168                PWR_SOTF_BLEACT_802ACT_RFPHASE_IRQHandler
                0x0000000008001168                DMA2_Channel2_IRQHandler
                0x0000000008001168                DMA1_Channel4_IRQHandler
                0x0000000008001168                ADC1_IRQHandler
                0x0000000008001168                PKA_IRQHandler
                0x0000000008001168                DMA1_Channel7_IRQHandler
                0x0000000008001168                LCD_IRQHandler
                0x0000000008001168                IPCC_C1_TX_IRQHandler
                0x0000000008001168                DMA2_Channel1_IRQHandler
                0x0000000008001168                QUADSPI_IRQHandler
                0x0000000008001168                I2C1_EV_IRQHandler
                0x0000000008001168                DMAMUX1_OVR_IRQHandler
                0x0000000008001168                DMA1_Channel6_IRQHandler
                0x0000000008001168                DMA2_Channel4_IRQHandler
                0x0000000008001168                RCC_IRQHandler
                0x0000000008001168                DMA1_Channel1_IRQHandler
                0x0000000008001168                Default_Handler
                0x0000000008001168                DMA2_Channel7_IRQHandler
                0x0000000008001168                EXTI15_10_IRQHandler
                0x0000000008001168                IPCC_C1_RX_IRQHandler
                0x0000000008001168                C2SEV_PWR_C2H_IRQHandler
                0x0000000008001168                AES2_IRQHandler
                0x0000000008001168                I2C3_EV_IRQHandler
                0x0000000008001168                EXTI9_5_IRQHandler
                0x0000000008001168                RTC_WKUP_IRQHandler
                0x0000000008001168                PVD_PVM_IRQHandler
                0x0000000008001168                SPI2_IRQHandler
                0x0000000008001168                DMA2_Channel5_IRQHandler
                0x0000000008001168                CRS_IRQHandler
                0x0000000008001168                DMA1_Channel5_IRQHandler
                0x0000000008001168                USB_LP_IRQHandler
                0x0000000008001168                EXTI4_IRQHandler
                0x0000000008001168                RNG_IRQHandler
                0x0000000008001168                TIM1_TRG_COM_TIM17_IRQHandler
                0x0000000008001168                TAMP_STAMP_LSECSS_IRQHandler
                0x0000000008001168                DMA1_Channel3_IRQHandler
                0x0000000008001168                COMP_IRQHandler
                0x0000000008001168                HSEM_IRQHandler
                0x0000000008001168                WWDG_IRQHandler
                0x0000000008001168                LPUART1_IRQHandler
                0x0000000008001168                DMA2_Channel6_IRQHandler
                0x0000000008001168                TIM2_IRQHandler
                0x0000000008001168                TIM1_BRK_IRQHandler
                0x0000000008001168                EXTI1_IRQHandler
                0x0000000008001168                DMA1_Channel2_IRQHandler
                0x0000000008001168                FLASH_IRQHandler
                0x0000000008001168                USART1_IRQHandler
                0x0000000008001168                I2C1_ER_IRQHandler
                0x0000000008001168                LPTIM1_IRQHandler
                0x0000000008001168                SAI1_IRQHandler
                0x0000000008001168                DMA2_Channel3_IRQHandler
 *fill*         0x000000000800116a        0x2 
 .text.HAL_Init
                0x000000000800116c       0x40 ./Drivers/STM32WBxx_HAL_Driver/Src/stm32wbxx_hal.o
                0x000000000800116c                HAL_Init
 .text.HAL_InitTick
                0x00000000080011ac       0x74 ./Drivers/STM32WBxx_HAL_Driver/Src/stm32wbxx_hal.o
                0x00000000080011ac                HAL_InitTick
 .text.HAL_IncTick
                0x0000000008001220       0x28 ./Drivers/STM32WBxx_HAL_Driver/Src/stm32wbxx_hal.o
                0x0000000008001220                HAL_IncTick
 .text.HAL_GetTick
                0x0000000008001248       0x18 ./Drivers/STM32WBxx_HAL_Driver/Src/stm32wbxx_hal.o
                0x0000000008001248                HAL_GetTick
 .text.HAL_GetTickPrio
                0x0000000008001260       0x18 ./Drivers/STM32WBxx_HAL_Driver/Src/stm32wbxx_hal.o
                0x0000000008001260                HAL_GetTickPrio
 .text.HAL_Delay
                0x0000000008001278       0x48 ./Drivers/STM32WBxx_HAL_Driver/Src/stm32wbxx_hal.o
                0x0000000008001278                HAL_Delay
 .text.__NVIC_SetPriorityGrouping
                0x00000000080012c0       0x48 ./Drivers/STM32WBxx_HAL_Driver/Src/stm32wbxx_hal_cortex.o
 .text.__NVIC_GetPriorityGrouping
                0x0000000008001308       0x1c ./Drivers/STM32WBxx_HAL_Driver/Src/stm32wbxx_hal_cortex.o
 .text.__NVIC_SetPriority
                0x0000000008001324       0x54 ./Drivers/STM32WBxx_HAL_Driver/Src/stm32wbxx_hal_cortex.o
 .text.NVIC_EncodePriority
                0x0000000008001378       0x66 ./Drivers/STM32WBxx_HAL_Driver/Src/stm32wbxx_hal_cortex.o
 *fill*         0x00000000080013de        0x2 
 .text.SysTick_Config
                0x00000000080013e0       0x44 ./Drivers/STM32WBxx_HAL_Driver/Src/stm32wbxx_hal_cortex.o
 .text.HAL_NVIC_SetPriorityGrouping
                0x0000000008001424       0x16 ./Drivers/STM32WBxx_HAL_Driver/Src/stm32wbxx_hal_cortex.o
                0x0000000008001424                HAL_NVIC_SetPriorityGrouping
 .text.HAL_NVIC_SetPriority
                0x000000000800143a       0x34 ./Drivers/STM32WBxx_HAL_Driver/Src/stm32wbxx_hal_cortex.o
                0x000000000800143a                HAL_NVIC_SetPriority
 .text.HAL_SYSTICK_Config
                0x000000000800146e       0x18 ./Drivers/STM32WBxx_HAL_Driver/Src/stm32wbxx_hal_cortex.o
                0x000000000800146e                HAL_SYSTICK_Config
 *fill*         0x0000000008001486        0x2 
 .text.HAL_GPIO_Init
                0x0000000008001488      0x2e0 ./Drivers/STM32WBxx_HAL_Driver/Src/stm32wbxx_hal_gpio.o
                0x0000000008001488                HAL_GPIO_Init
 .text.HAL_GPIO_WritePin
                0x0000000008001768       0x30 ./Drivers/STM32WBxx_HAL_Driver/Src/stm32wbxx_hal_gpio.o
                0x0000000008001768                HAL_GPIO_WritePin
 .text.HAL_PCD_Init
                0x0000000008001798      0x19c ./Drivers/STM32WBxx_HAL_Driver/Src/stm32wbxx_hal_pcd.o
                0x0000000008001798                HAL_PCD_Init
 .text.HAL_PCDEx_ActivateLPM
                0x0000000008001934       0x54 ./Drivers/STM32WBxx_HAL_Driver/Src/stm32wbxx_hal_pcd_ex.o
                0x0000000008001934                HAL_PCDEx_ActivateLPM
 .text.HAL_PWR_EnableBkUpAccess
                0x0000000008001988       0x20 ./Drivers/STM32WBxx_HAL_Driver/Src/stm32wbxx_hal_pwr.o
                0x0000000008001988                HAL_PWR_EnableBkUpAccess
 .text.HAL_PWREx_GetVoltageRange
                0x00000000080019a8       0x1c ./Drivers/STM32WBxx_HAL_Driver/Src/stm32wbxx_hal_pwr_ex.o
                0x00000000080019a8                HAL_PWREx_GetVoltageRange
 .text.LL_RCC_HSE_IsEnabledDiv2
                0x00000000080019c4       0x24 ./Drivers/STM32WBxx_HAL_Driver/Src/stm32wbxx_hal_rcc.o
 .text.LL_RCC_HSE_Enable
                0x00000000080019e8       0x1e ./Drivers/STM32WBxx_HAL_Driver/Src/stm32wbxx_hal_rcc.o
 .text.LL_RCC_HSE_Disable
                0x0000000008001a06       0x1e ./Drivers/STM32WBxx_HAL_Driver/Src/stm32wbxx_hal_rcc.o
 .text.LL_RCC_HSE_IsReady
                0x0000000008001a24       0x24 ./Drivers/STM32WBxx_HAL_Driver/Src/stm32wbxx_hal_rcc.o
 .text.LL_RCC_HSI_Enable
                0x0000000008001a48       0x1e ./Drivers/STM32WBxx_HAL_Driver/Src/stm32wbxx_hal_rcc.o
 .text.LL_RCC_HSI_Disable
                0x0000000008001a66       0x1e ./Drivers/STM32WBxx_HAL_Driver/Src/stm32wbxx_hal_rcc.o
 .text.LL_RCC_HSI_IsReady
                0x0000000008001a84       0x24 ./Drivers/STM32WBxx_HAL_Driver/Src/stm32wbxx_hal_rcc.o
 .text.LL_RCC_HSI_SetCalibTrimming
                0x0000000008001aa8       0x2a ./Drivers/STM32WBxx_HAL_Driver/Src/stm32wbxx_hal_rcc.o
 .text.LL_RCC_HSI48_Enable
                0x0000000008001ad2       0x22 ./Drivers/STM32WBxx_HAL_Driver/Src/stm32wbxx_hal_rcc.o
 .text.LL_RCC_HSI48_Disable
                0x0000000008001af4       0x22 ./Drivers/STM32WBxx_HAL_Driver/Src/stm32wbxx_hal_rcc.o
 .text.LL_RCC_HSI48_IsReady
                0x0000000008001b16       0x24 ./Drivers/STM32WBxx_HAL_Driver/Src/stm32wbxx_hal_rcc.o
 .text.LL_RCC_LSE_Enable
                0x0000000008001b3a       0x22 ./Drivers/STM32WBxx_HAL_Driver/Src/stm32wbxx_hal_rcc.o
 .text.LL_RCC_LSE_Disable
                0x0000000008001b5c       0x22 ./Drivers/STM32WBxx_HAL_Driver/Src/stm32wbxx_hal_rcc.o
 .text.LL_RCC_LSE_EnableBypass
                0x0000000008001b7e       0x22 ./Drivers/STM32WBxx_HAL_Driver/Src/stm32wbxx_hal_rcc.o
 .text.LL_RCC_LSE_DisableBypass
                0x0000000008001ba0       0x22 ./Drivers/STM32WBxx_HAL_Driver/Src/stm32wbxx_hal_rcc.o
 .text.LL_RCC_LSE_IsReady
                0x0000000008001bc2       0x24 ./Drivers/STM32WBxx_HAL_Driver/Src/stm32wbxx_hal_rcc.o
 .text.LL_RCC_LSI1_Enable
                0x0000000008001be6       0x22 ./Drivers/STM32WBxx_HAL_Driver/Src/stm32wbxx_hal_rcc.o
 .text.LL_RCC_LSI1_Disable
                0x0000000008001c08       0x22 ./Drivers/STM32WBxx_HAL_Driver/Src/stm32wbxx_hal_rcc.o
 .text.LL_RCC_LSI1_IsReady
                0x0000000008001c2a       0x24 ./Drivers/STM32WBxx_HAL_Driver/Src/stm32wbxx_hal_rcc.o
 .text.LL_RCC_LSI2_Enable
                0x0000000008001c4e       0x22 ./Drivers/STM32WBxx_HAL_Driver/Src/stm32wbxx_hal_rcc.o
 .text.LL_RCC_LSI2_Disable
                0x0000000008001c70       0x22 ./Drivers/STM32WBxx_HAL_Driver/Src/stm32wbxx_hal_rcc.o
 .text.LL_RCC_LSI2_IsReady
                0x0000000008001c92       0x24 ./Drivers/STM32WBxx_HAL_Driver/Src/stm32wbxx_hal_rcc.o
 .text.LL_RCC_LSI2_SetTrimming
                0x0000000008001cb6       0x2e ./Drivers/STM32WBxx_HAL_Driver/Src/stm32wbxx_hal_rcc.o
 .text.LL_RCC_MSI_Enable
                0x0000000008001ce4       0x1e ./Drivers/STM32WBxx_HAL_Driver/Src/stm32wbxx_hal_rcc.o
 .text.LL_RCC_MSI_Disable
                0x0000000008001d02       0x1e ./Drivers/STM32WBxx_HAL_Driver/Src/stm32wbxx_hal_rcc.o
 .text.LL_RCC_MSI_IsReady
                0x0000000008001d20       0x22 ./Drivers/STM32WBxx_HAL_Driver/Src/stm32wbxx_hal_rcc.o
 .text.LL_RCC_MSI_SetRange
                0x0000000008001d42       0x28 ./Drivers/STM32WBxx_HAL_Driver/Src/stm32wbxx_hal_rcc.o
 .text.LL_RCC_MSI_GetRange
                0x0000000008001d6a       0x2a ./Drivers/STM32WBxx_HAL_Driver/Src/stm32wbxx_hal_rcc.o
 .text.LL_RCC_MSI_SetCalibTrimming
                0x0000000008001d94       0x2a ./Drivers/STM32WBxx_HAL_Driver/Src/stm32wbxx_hal_rcc.o
 .text.LL_RCC_SetSysClkSource
                0x0000000008001dbe       0x28 ./Drivers/STM32WBxx_HAL_Driver/Src/stm32wbxx_hal_rcc.o
 .text.LL_RCC_GetSysClkSource
                0x0000000008001de6       0x18 ./Drivers/STM32WBxx_HAL_Driver/Src/stm32wbxx_hal_rcc.o
 .text.LL_RCC_SetAHBPrescaler
                0x0000000008001dfe       0x28 ./Drivers/STM32WBxx_HAL_Driver/Src/stm32wbxx_hal_rcc.o
 .text.LL_C2_RCC_SetAHBPrescaler
                0x0000000008001e26       0x2c ./Drivers/STM32WBxx_HAL_Driver/Src/stm32wbxx_hal_rcc.o
 .text.LL_RCC_SetAHB4Prescaler
                0x0000000008001e52       0x2e ./Drivers/STM32WBxx_HAL_Driver/Src/stm32wbxx_hal_rcc.o
 .text.LL_RCC_SetAPB1Prescaler
                0x0000000008001e80       0x28 ./Drivers/STM32WBxx_HAL_Driver/Src/stm32wbxx_hal_rcc.o
 .text.LL_RCC_SetAPB2Prescaler
                0x0000000008001ea8       0x28 ./Drivers/STM32WBxx_HAL_Driver/Src/stm32wbxx_hal_rcc.o
 .text.LL_RCC_GetAHBPrescaler
                0x0000000008001ed0       0x18 ./Drivers/STM32WBxx_HAL_Driver/Src/stm32wbxx_hal_rcc.o
 .text.LL_RCC_GetAHB4Prescaler
                0x0000000008001ee8       0x1c ./Drivers/STM32WBxx_HAL_Driver/Src/stm32wbxx_hal_rcc.o
 .text.LL_RCC_GetAPB1Prescaler
                0x0000000008001f04       0x18 ./Drivers/STM32WBxx_HAL_Driver/Src/stm32wbxx_hal_rcc.o
 .text.LL_RCC_GetAPB2Prescaler
                0x0000000008001f1c       0x18 ./Drivers/STM32WBxx_HAL_Driver/Src/stm32wbxx_hal_rcc.o
 .text.LL_RCC_PLL_Enable
                0x0000000008001f34       0x1e ./Drivers/STM32WBxx_HAL_Driver/Src/stm32wbxx_hal_rcc.o
 .text.LL_RCC_PLL_Disable
                0x0000000008001f52       0x1e ./Drivers/STM32WBxx_HAL_Driver/Src/stm32wbxx_hal_rcc.o
 .text.LL_RCC_PLL_IsReady
                0x0000000008001f70       0x24 ./Drivers/STM32WBxx_HAL_Driver/Src/stm32wbxx_hal_rcc.o
 .text.LL_RCC_PLL_GetN
                0x0000000008001f94       0x1a ./Drivers/STM32WBxx_HAL_Driver/Src/stm32wbxx_hal_rcc.o
 .text.LL_RCC_PLL_GetR
                0x0000000008001fae       0x18 ./Drivers/STM32WBxx_HAL_Driver/Src/stm32wbxx_hal_rcc.o
 .text.LL_RCC_PLL_GetDivider
                0x0000000008001fc6       0x18 ./Drivers/STM32WBxx_HAL_Driver/Src/stm32wbxx_hal_rcc.o
 .text.LL_RCC_PLL_GetMainSource
                0x0000000008001fde       0x18 ./Drivers/STM32WBxx_HAL_Driver/Src/stm32wbxx_hal_rcc.o
 .text.LL_RCC_IsActiveFlag_HPRE
                0x0000000008001ff6       0x24 ./Drivers/STM32WBxx_HAL_Driver/Src/stm32wbxx_hal_rcc.o
 .text.LL_RCC_IsActiveFlag_C2HPRE
                0x000000000800201a       0x26 ./Drivers/STM32WBxx_HAL_Driver/Src/stm32wbxx_hal_rcc.o
 .text.LL_RCC_IsActiveFlag_SHDHPRE
                0x0000000008002040       0x26 ./Drivers/STM32WBxx_HAL_Driver/Src/stm32wbxx_hal_rcc.o
 .text.LL_RCC_IsActiveFlag_PPRE1
                0x0000000008002066       0x24 ./Drivers/STM32WBxx_HAL_Driver/Src/stm32wbxx_hal_rcc.o
 .text.LL_RCC_IsActiveFlag_PPRE2
                0x000000000800208a       0x24 ./Drivers/STM32WBxx_HAL_Driver/Src/stm32wbxx_hal_rcc.o
 *fill*         0x00000000080020ae        0x2 
 .text.HAL_RCC_OscConfig
                0x00000000080020b0      0x6e8 ./Drivers/STM32WBxx_HAL_Driver/Src/stm32wbxx_hal_rcc.o
                0x00000000080020b0                HAL_RCC_OscConfig
 .text.HAL_RCC_ClockConfig
                0x0000000008002798      0x280 ./Drivers/STM32WBxx_HAL_Driver/Src/stm32wbxx_hal_rcc.o
                0x0000000008002798                HAL_RCC_ClockConfig
 .text.HAL_RCC_GetSysClockFreq
                0x0000000008002a18       0xd8 ./Drivers/STM32WBxx_HAL_Driver/Src/stm32wbxx_hal_rcc.o
                0x0000000008002a18                HAL_RCC_GetSysClockFreq
 .text.HAL_RCC_GetHCLKFreq
                0x0000000008002af0       0x28 ./Drivers/STM32WBxx_HAL_Driver/Src/stm32wbxx_hal_rcc.o
                0x0000000008002af0                HAL_RCC_GetHCLKFreq
 .text.HAL_RCC_GetPCLK1Freq
                0x0000000008002b18       0x2c ./Drivers/STM32WBxx_HAL_Driver/Src/stm32wbxx_hal_rcc.o
                0x0000000008002b18                HAL_RCC_GetPCLK1Freq
 .text.HAL_RCC_GetPCLK2Freq
                0x0000000008002b44       0x2c ./Drivers/STM32WBxx_HAL_Driver/Src/stm32wbxx_hal_rcc.o
                0x0000000008002b44                HAL_RCC_GetPCLK2Freq
 .text.RCC_SetFlashLatencyFromMSIRange
                0x0000000008002b70       0x70 ./Drivers/STM32WBxx_HAL_Driver/Src/stm32wbxx_hal_rcc.o
 .text.RCC_SetFlashLatency
                0x0000000008002be0       0xf8 ./Drivers/STM32WBxx_HAL_Driver/Src/stm32wbxx_hal_rcc.o
 .text.LL_RCC_LSE_IsEnabled
                0x0000000008002cd8       0x24 ./Drivers/STM32WBxx_HAL_Driver/Src/stm32wbxx_hal_rcc_ex.o
 .text.LL_RCC_LSE_IsReady
                0x0000000008002cfc       0x24 ./Drivers/STM32WBxx_HAL_Driver/Src/stm32wbxx_hal_rcc_ex.o
 .text.LL_RCC_MSI_EnablePLLMode
                0x0000000008002d20       0x1e ./Drivers/STM32WBxx_HAL_Driver/Src/stm32wbxx_hal_rcc_ex.o
 .text.LL_RCC_SetRFWKPClockSource
                0x0000000008002d3e       0x2c ./Drivers/STM32WBxx_HAL_Driver/Src/stm32wbxx_hal_rcc_ex.o
 .text.LL_RCC_SetSMPSClockSource
                0x0000000008002d6a       0x28 ./Drivers/STM32WBxx_HAL_Driver/Src/stm32wbxx_hal_rcc_ex.o
 .text.LL_RCC_SetSMPSPrescaler
                0x0000000008002d92       0x28 ./Drivers/STM32WBxx_HAL_Driver/Src/stm32wbxx_hal_rcc_ex.o
 .text.LL_RCC_SetUSARTClockSource
                0x0000000008002dba       0x2c ./Drivers/STM32WBxx_HAL_Driver/Src/stm32wbxx_hal_rcc_ex.o
 .text.LL_RCC_SetLPUARTClockSource
                0x0000000008002de6       0x2c ./Drivers/STM32WBxx_HAL_Driver/Src/stm32wbxx_hal_rcc_ex.o
 .text.LL_RCC_SetI2CClockSource
                0x0000000008002e12       0x3a ./Drivers/STM32WBxx_HAL_Driver/Src/stm32wbxx_hal_rcc_ex.o
 .text.LL_RCC_SetLPTIMClockSource
                0x0000000008002e4c       0x34 ./Drivers/STM32WBxx_HAL_Driver/Src/stm32wbxx_hal_rcc_ex.o
 .text.LL_RCC_SetSAIClockSource
                0x0000000008002e80       0x2c ./Drivers/STM32WBxx_HAL_Driver/Src/stm32wbxx_hal_rcc_ex.o
 .text.LL_RCC_SetRNGClockSource
                0x0000000008002eac       0x2c ./Drivers/STM32WBxx_HAL_Driver/Src/stm32wbxx_hal_rcc_ex.o
 .text.LL_RCC_SetCLK48ClockSource
                0x0000000008002ed8       0x2c ./Drivers/STM32WBxx_HAL_Driver/Src/stm32wbxx_hal_rcc_ex.o
 .text.LL_RCC_SetUSBClockSource
                0x0000000008002f04       0x16 ./Drivers/STM32WBxx_HAL_Driver/Src/stm32wbxx_hal_rcc_ex.o
 .text.LL_RCC_SetADCClockSource
                0x0000000008002f1a       0x2c ./Drivers/STM32WBxx_HAL_Driver/Src/stm32wbxx_hal_rcc_ex.o
 .text.LL_RCC_SetRTCClockSource
                0x0000000008002f46       0x2c ./Drivers/STM32WBxx_HAL_Driver/Src/stm32wbxx_hal_rcc_ex.o
 .text.LL_RCC_GetRTCClockSource
                0x0000000008002f72       0x1a ./Drivers/STM32WBxx_HAL_Driver/Src/stm32wbxx_hal_rcc_ex.o
 .text.LL_RCC_ForceBackupDomainReset
                0x0000000008002f8c       0x22 ./Drivers/STM32WBxx_HAL_Driver/Src/stm32wbxx_hal_rcc_ex.o
 .text.LL_RCC_ReleaseBackupDomainReset
                0x0000000008002fae       0x22 ./Drivers/STM32WBxx_HAL_Driver/Src/stm32wbxx_hal_rcc_ex.o
 .text.LL_RCC_PLLSAI1_Enable
                0x0000000008002fd0       0x1e ./Drivers/STM32WBxx_HAL_Driver/Src/stm32wbxx_hal_rcc_ex.o
 .text.LL_RCC_PLLSAI1_Disable
                0x0000000008002fee       0x1e ./Drivers/STM32WBxx_HAL_Driver/Src/stm32wbxx_hal_rcc_ex.o
 .text.LL_RCC_PLLSAI1_IsReady
                0x000000000800300c       0x24 ./Drivers/STM32WBxx_HAL_Driver/Src/stm32wbxx_hal_rcc_ex.o
 .text.HAL_RCCEx_PeriphCLKConfig
                0x0000000008003030      0x2ec ./Drivers/STM32WBxx_HAL_Driver/Src/stm32wbxx_hal_rcc_ex.o
                0x0000000008003030                HAL_RCCEx_PeriphCLKConfig
 .text.HAL_RCCEx_EnableMSIPLLMode
                0x000000000800331c        0xc ./Drivers/STM32WBxx_HAL_Driver/Src/stm32wbxx_hal_rcc_ex.o
                0x000000000800331c                HAL_RCCEx_EnableMSIPLLMode
 .text.RCCEx_PLLSAI1_ConfigNP
                0x0000000008003328       0xb6 ./Drivers/STM32WBxx_HAL_Driver/Src/stm32wbxx_hal_rcc_ex.o
 .text.RCCEx_PLLSAI1_ConfigNQ
                0x00000000080033de       0xb6 ./Drivers/STM32WBxx_HAL_Driver/Src/stm32wbxx_hal_rcc_ex.o
 .text.RCCEx_PLLSAI1_ConfigNR
                0x0000000008003494       0xb6 ./Drivers/STM32WBxx_HAL_Driver/Src/stm32wbxx_hal_rcc_ex.o
 .text.HAL_SPI_Init
                0x000000000800354a      0x146 ./Drivers/STM32WBxx_HAL_Driver/Src/stm32wbxx_hal_spi.o
                0x000000000800354a                HAL_SPI_Init
 .text.HAL_TIM_Base_Init
                0x0000000008003690       0xae ./Drivers/STM32WBxx_HAL_Driver/Src/stm32wbxx_hal_tim.o
                0x0000000008003690                HAL_TIM_Base_Init
 .text.HAL_TIM_PWM_Init
                0x000000000800373e       0xae ./Drivers/STM32WBxx_HAL_Driver/Src/stm32wbxx_hal_tim.o
                0x000000000800373e                HAL_TIM_PWM_Init
 .text.HAL_TIM_PWM_MspInit
                0x00000000080037ec       0x14 ./Drivers/STM32WBxx_HAL_Driver/Src/stm32wbxx_hal_tim.o
                0x00000000080037ec                HAL_TIM_PWM_MspInit
 .text.HAL_TIM_PWM_Start
                0x0000000008003800      0x1b4 ./Drivers/STM32WBxx_HAL_Driver/Src/stm32wbxx_hal_tim.o
                0x0000000008003800                HAL_TIM_PWM_Start
 .text.HAL_TIM_PWM_ConfigChannel
                0x00000000080039b4      0x228 ./Drivers/STM32WBxx_HAL_Driver/Src/stm32wbxx_hal_tim.o
                0x00000000080039b4                HAL_TIM_PWM_ConfigChannel
 .text.HAL_TIM_ConfigClockSource
                0x0000000008003bdc      0x192 ./Drivers/STM32WBxx_HAL_Driver/Src/stm32wbxx_hal_tim.o
                0x0000000008003bdc                HAL_TIM_ConfigClockSource
 *fill*         0x0000000008003d6e        0x2 
 .text.TIM_Base_SetConfig
                0x0000000008003d70       0xe0 ./Drivers/STM32WBxx_HAL_Driver/Src/stm32wbxx_hal_tim.o
                0x0000000008003d70                TIM_Base_SetConfig
 .text.TIM_OC1_SetConfig
                0x0000000008003e50       0xf8 ./Drivers/STM32WBxx_HAL_Driver/Src/stm32wbxx_hal_tim.o
 .text.TIM_OC2_SetConfig
                0x0000000008003f48       0xf4 ./Drivers/STM32WBxx_HAL_Driver/Src/stm32wbxx_hal_tim.o
                0x0000000008003f48                TIM_OC2_SetConfig
 .text.TIM_OC3_SetConfig
                0x000000000800403c       0xf0 ./Drivers/STM32WBxx_HAL_Driver/Src/stm32wbxx_hal_tim.o
 .text.TIM_OC4_SetConfig
                0x000000000800412c       0xbc ./Drivers/STM32WBxx_HAL_Driver/Src/stm32wbxx_hal_tim.o
 .text.TIM_OC5_SetConfig
                0x00000000080041e8       0xb0 ./Drivers/STM32WBxx_HAL_Driver/Src/stm32wbxx_hal_tim.o
 .text.TIM_OC6_SetConfig
                0x0000000008004298       0xb4 ./Drivers/STM32WBxx_HAL_Driver/Src/stm32wbxx_hal_tim.o
 .text.TIM_TI1_ConfigInputStage
                0x000000000800434c       0x5e ./Drivers/STM32WBxx_HAL_Driver/Src/stm32wbxx_hal_tim.o
 .text.TIM_TI2_ConfigInputStage
                0x00000000080043aa       0x60 ./Drivers/STM32WBxx_HAL_Driver/Src/stm32wbxx_hal_tim.o
 .text.TIM_ITRx_SetConfig
                0x000000000800440a       0x3a ./Drivers/STM32WBxx_HAL_Driver/Src/stm32wbxx_hal_tim.o
 .text.TIM_ETR_SetConfig
                0x0000000008004444       0x40 ./Drivers/STM32WBxx_HAL_Driver/Src/stm32wbxx_hal_tim.o
                0x0000000008004444                TIM_ETR_SetConfig
 .text.TIM_CCxChannelCmd
                0x0000000008004484       0x4a ./Drivers/STM32WBxx_HAL_Driver/Src/stm32wbxx_hal_tim.o
                0x0000000008004484                TIM_CCxChannelCmd
 *fill*         0x00000000080044ce        0x2 
 .text.HAL_TIMEx_MasterConfigSynchronization
                0x00000000080044d0       0xc0 ./Drivers/STM32WBxx_HAL_Driver/Src/stm32wbxx_hal_tim_ex.o
                0x00000000080044d0                HAL_TIMEx_MasterConfigSynchronization
 .text.HAL_TIMEx_ConfigBreakDeadTime
                0x0000000008004590      0x10c ./Drivers/STM32WBxx_HAL_Driver/Src/stm32wbxx_hal_tim_ex.o
                0x0000000008004590                HAL_TIMEx_ConfigBreakDeadTime
 .text.LL_RCC_GetUSARTClockSource
                0x000000000800469c       0x20 ./Drivers/STM32WBxx_HAL_Driver/Src/stm32wbxx_hal_uart.o
 .text.LL_RCC_GetLPUARTClockSource
                0x00000000080046bc       0x20 ./Drivers/STM32WBxx_HAL_Driver/Src/stm32wbxx_hal_uart.o
 .text.HAL_UART_Init
                0x00000000080046dc       0xa0 ./Drivers/STM32WBxx_HAL_Driver/Src/stm32wbxx_hal_uart.o
                0x00000000080046dc                HAL_UART_Init
 .text.UART_SetConfig
                0x000000000800477c      0x450 ./Drivers/STM32WBxx_HAL_Driver/Src/stm32wbxx_hal_uart.o
                0x000000000800477c                UART_SetConfig
 .text.UART_AdvFeatureConfig
                0x0000000008004bcc      0x144 ./Drivers/STM32WBxx_HAL_Driver/Src/stm32wbxx_hal_uart.o
                0x0000000008004bcc                UART_AdvFeatureConfig
 .text.UART_CheckIdleState
                0x0000000008004d10      0x154 ./Drivers/STM32WBxx_HAL_Driver/Src/stm32wbxx_hal_uart.o
                0x0000000008004d10                UART_CheckIdleState
 .text.UART_WaitOnFlagUntilTimeout
                0x0000000008004e64       0xda ./Drivers/STM32WBxx_HAL_Driver/Src/stm32wbxx_hal_uart.o
                0x0000000008004e64                UART_WaitOnFlagUntilTimeout
 .text.UART_EndRxTransfer
                0x0000000008004f3e       0xcc ./Drivers/STM32WBxx_HAL_Driver/Src/stm32wbxx_hal_uart.o
 .text.HAL_UARTEx_DisableFifoMode
                0x000000000800500a       0x72 ./Drivers/STM32WBxx_HAL_Driver/Src/stm32wbxx_hal_uart_ex.o
                0x000000000800500a                HAL_UARTEx_DisableFifoMode
 .text.HAL_UARTEx_SetTxFifoThreshold
                0x000000000800507c       0x7c ./Drivers/STM32WBxx_HAL_Driver/Src/stm32wbxx_hal_uart_ex.o
                0x000000000800507c                HAL_UARTEx_SetTxFifoThreshold
 .text.HAL_UARTEx_SetRxFifoThreshold
                0x00000000080050f8       0x7c ./Drivers/STM32WBxx_HAL_Driver/Src/stm32wbxx_hal_uart_ex.o
                0x00000000080050f8                HAL_UARTEx_SetRxFifoThreshold
 .text.UARTEx_SetNbDataToProcess
                0x0000000008005174       0x9c ./Drivers/STM32WBxx_HAL_Driver/Src/stm32wbxx_hal_uart_ex.o
 .text.USB_DisableGlobalInt
                0x0000000008005210       0x36 ./Drivers/STM32WBxx_HAL_Driver/Src/stm32wbxx_ll_usb.o
                0x0000000008005210                USB_DisableGlobalInt
 .text.USB_DevInit
                0x0000000008005246       0x3c ./Drivers/STM32WBxx_HAL_Driver/Src/stm32wbxx_ll_usb.o
                0x0000000008005246                USB_DevInit
 .text.memset   0x0000000008005282       0x10 C:/ST/STM32CubeIDE_1.14.1/STM32CubeIDE/plugins/com.st.stm32cube.ide.mcu.externaltools.gnu-tools-for-stm32.11.3.rel1.win32_1.1.100.202309141235/tools/bin/../lib/gcc/arm-none-eabi/11.3.1/../../../../arm-none-eabi/lib/thumb/v7e-m+fp/hard\libc_nano.a(libc_a-memset.o)
                0x0000000008005282                memset
 *fill*         0x0000000008005292        0x2 
 .text.__libc_init_array
                0x0000000008005294       0x48 C:/ST/STM32CubeIDE_1.14.1/STM32CubeIDE/plugins/com.st.stm32cube.ide.mcu.externaltools.gnu-tools-for-stm32.11.3.rel1.win32_1.1.100.202309141235/tools/bin/../lib/gcc/arm-none-eabi/11.3.1/../../../../arm-none-eabi/lib/thumb/v7e-m+fp/hard\libc_nano.a(libc_a-init.o)
                0x0000000008005294                __libc_init_array
 *(.glue_7)
 .glue_7        0x00000000080052dc        0x0 linker stubs
 *(.glue_7t)
 .glue_7t       0x00000000080052dc        0x0 linker stubs
 *(.eh_frame)
 .eh_frame      0x00000000080052dc        0x0 C:/ST/STM32CubeIDE_1.14.1/STM32CubeIDE/plugins/com.st.stm32cube.ide.mcu.externaltools.gnu-tools-for-stm32.11.3.rel1.win32_1.1.100.202309141235/tools/bin/../lib/gcc/arm-none-eabi/11.3.1/thumb/v7e-m+fp/hard/crtbegin.o
 *(.init)
 .init          0x00000000080052dc        0x4 C:/ST/STM32CubeIDE_1.14.1/STM32CubeIDE/plugins/com.st.stm32cube.ide.mcu.externaltools.gnu-tools-for-stm32.11.3.rel1.win32_1.1.100.202309141235/tools/bin/../lib/gcc/arm-none-eabi/11.3.1/thumb/v7e-m+fp/hard/crti.o
                0x00000000080052dc                _init
 .init          0x00000000080052e0        0x8 C:/ST/STM32CubeIDE_1.14.1/STM32CubeIDE/plugins/com.st.stm32cube.ide.mcu.externaltools.gnu-tools-for-stm32.11.3.rel1.win32_1.1.100.202309141235/tools/bin/../lib/gcc/arm-none-eabi/11.3.1/thumb/v7e-m+fp/hard/crtn.o
 *(.fini)
 .fini          0x00000000080052e8        0x4 C:/ST/STM32CubeIDE_1.14.1/STM32CubeIDE/plugins/com.st.stm32cube.ide.mcu.externaltools.gnu-tools-for-stm32.11.3.rel1.win32_1.1.100.202309141235/tools/bin/../lib/gcc/arm-none-eabi/11.3.1/thumb/v7e-m+fp/hard/crti.o
                0x00000000080052e8                _fini
 .fini          0x00000000080052ec        0x8 C:/ST/STM32CubeIDE_1.14.1/STM32CubeIDE/plugins/com.st.stm32cube.ide.mcu.externaltools.gnu-tools-for-stm32.11.3.rel1.win32_1.1.100.202309141235/tools/bin/../lib/gcc/arm-none-eabi/11.3.1/thumb/v7e-m+fp/hard/crtn.o
                0x00000000080052f4                . = ALIGN (0x4)
                0x00000000080052f4                _etext = .

.vfp11_veneer   0x00000000080052f4        0x0
 .vfp11_veneer  0x00000000080052f4        0x0 linker stubs

.v4_bx          0x00000000080052f4        0x0
 .v4_bx         0x00000000080052f4        0x0 linker stubs

.iplt           0x00000000080052f4        0x0
 .iplt          0x00000000080052f4        0x0 C:/ST/STM32CubeIDE_1.14.1/STM32CubeIDE/plugins/com.st.stm32cube.ide.mcu.externaltools.gnu-tools-for-stm32.11.3.rel1.win32_1.1.100.202309141235/tools/bin/../lib/gcc/arm-none-eabi/11.3.1/thumb/v7e-m+fp/hard/crtbegin.o

.rodata         0x00000000080052f4       0xf4
                0x00000000080052f4                . = ALIGN (0x4)
 *(.rodata)
 .rodata        0x00000000080052f4       0x2c ./Drivers/STM32WBxx_HAL_Driver/Src/stm32wbxx_hal_rcc.o
 *(.rodata*)
 .rodata.AHBPrescTable
                0x0000000008005320       0x40 ./Core/Src/system_stm32wbxx.o
                0x0000000008005320                AHBPrescTable
 .rodata.APBPrescTable
                0x0000000008005360       0x20 ./Core/Src/system_stm32wbxx.o
                0x0000000008005360                APBPrescTable
 .rodata.MSIRangeTable
                0x0000000008005380       0x40 ./Core/Src/system_stm32wbxx.o
                0x0000000008005380                MSIRangeTable
 .rodata.UARTPrescTable
                0x00000000080053c0       0x18 ./Drivers/STM32WBxx_HAL_Driver/Src/stm32wbxx_hal_uart.o
                0x00000000080053c0                UARTPrescTable
 .rodata.numerator.1
                0x00000000080053d8        0x8 ./Drivers/STM32WBxx_HAL_Driver/Src/stm32wbxx_hal_uart_ex.o
 .rodata.denominator.0
                0x00000000080053e0        0x8 ./Drivers/STM32WBxx_HAL_Driver/Src/stm32wbxx_hal_uart_ex.o
                0x00000000080053e8                . = ALIGN (0x4)

.ARM.extab
 *(.ARM.extab* .gnu.linkonce.armextab.*)

.ARM            0x00000000080053e8        0x8
                0x00000000080053e8                __exidx_start = .
 *(.ARM.exidx*)
 .ARM.exidx     0x00000000080053e8        0x8 C:/ST/STM32CubeIDE_1.14.1/STM32CubeIDE/plugins/com.st.stm32cube.ide.mcu.externaltools.gnu-tools-for-stm32.11.3.rel1.win32_1.1.100.202309141235/tools/bin/../lib/gcc/arm-none-eabi/11.3.1/thumb/v7e-m+fp/hard\libgcc.a(_udivmoddi4.o)
                0x00000000080053f0                __exidx_end = .

.rel.dyn        0x00000000080053f0        0x0
 .rel.iplt      0x00000000080053f0        0x0 C:/ST/STM32CubeIDE_1.14.1/STM32CubeIDE/plugins/com.st.stm32cube.ide.mcu.externaltools.gnu-tools-for-stm32.11.3.rel1.win32_1.1.100.202309141235/tools/bin/../lib/gcc/arm-none-eabi/11.3.1/thumb/v7e-m+fp/hard/crtbegin.o

.preinit_array  0x00000000080053f0        0x0
                0x00000000080053f0                PROVIDE (__preinit_array_start = .)
 *(.preinit_array*)
                0x00000000080053f0                PROVIDE (__preinit_array_end = .)

.init_array     0x00000000080053f0        0x4
                0x00000000080053f0                PROVIDE (__init_array_start = .)
 *(SORT_BY_NAME(.init_array.*))
 *(.init_array*)
 .init_array    0x00000000080053f0        0x4 C:/ST/STM32CubeIDE_1.14.1/STM32CubeIDE/plugins/com.st.stm32cube.ide.mcu.externaltools.gnu-tools-for-stm32.11.3.rel1.win32_1.1.100.202309141235/tools/bin/../lib/gcc/arm-none-eabi/11.3.1/thumb/v7e-m+fp/hard/crtbegin.o
                0x00000000080053f4                PROVIDE (__init_array_end = .)

.fini_array     0x00000000080053f4        0x4
                [!provide]                        PROVIDE (__fini_array_start = .)
 *(SORT_BY_NAME(.fini_array.*))
 *(.fini_array*)
 .fini_array    0x00000000080053f4        0x4 C:/ST/STM32CubeIDE_1.14.1/STM32CubeIDE/plugins/com.st.stm32cube.ide.mcu.externaltools.gnu-tools-for-stm32.11.3.rel1.win32_1.1.100.202309141235/tools/bin/../lib/gcc/arm-none-eabi/11.3.1/thumb/v7e-m+fp/hard/crtbegin.o
                [!provide]                        PROVIDE (__fini_array_end = .)
                0x00000000080053f8                _sidata = LOADADDR (.data)

.data           0x0000000020000008        0xc load address 0x00000000080053f8
                0x0000000020000008                . = ALIGN (0x4)
                0x0000000020000008                _sdata = .
 *(.data)
 *(.data*)
 .data.SystemCoreClock
                0x0000000020000008        0x4 ./Core/Src/system_stm32wbxx.o
                0x0000000020000008                SystemCoreClock
 .data.uwTickPrio
                0x000000002000000c        0x4 ./Drivers/STM32WBxx_HAL_Driver/Src/stm32wbxx_hal.o
                0x000000002000000c                uwTickPrio
 .data.uwTickFreq
                0x0000000020000010        0x1 ./Drivers/STM32WBxx_HAL_Driver/Src/stm32wbxx_hal.o
                0x0000000020000010                uwTickFreq
 *(.RamFunc)
 *(.RamFunc*)
                0x0000000020000014                . = ALIGN (0x4)
 *fill*         0x0000000020000011        0x3 
                0x0000000020000014                _edata = .

.igot.plt       0x0000000020000014        0x0 load address 0x0000000008005404
 .igot.plt      0x0000000020000014        0x0 C:/ST/STM32CubeIDE_1.14.1/STM32CubeIDE/plugins/com.st.stm32cube.ide.mcu.externaltools.gnu-tools-for-stm32.11.3.rel1.win32_1.1.100.202309141235/tools/bin/../lib/gcc/arm-none-eabi/11.3.1/thumb/v7e-m+fp/hard/crtbegin.o
                0x0000000020000014                . = ALIGN (0x4)

.bss            0x0000000020000014      0x4d8 load address 0x0000000008005404
                0x0000000020000014                _sbss = .
                0x0000000020000014                __bss_start__ = _sbss
 *(.bss)
 .bss           0x0000000020000014       0x1c C:/ST/STM32CubeIDE_1.14.1/STM32CubeIDE/plugins/com.st.stm32cube.ide.mcu.externaltools.gnu-tools-for-stm32.11.3.rel1.win32_1.1.100.202309141235/tools/bin/../lib/gcc/arm-none-eabi/11.3.1/thumb/v7e-m+fp/hard/crtbegin.o
 *(.bss*)
 .bss.hspi1     0x0000000020000030       0x64 ./Core/Src/spi.o
                0x0000000020000030                hspi1
 .bss.htim1     0x0000000020000094       0x4c ./Core/Src/tim.o
                0x0000000020000094                htim1
 .bss.htim2     0x00000000200000e0       0x4c ./Core/Src/tim.o
                0x00000000200000e0                htim2
 .bss.htim16    0x000000002000012c       0x4c ./Core/Src/tim.o
                0x000000002000012c                htim16
 .bss.huart1    0x0000000020000178       0x94 ./Core/Src/usart.o
                0x0000000020000178                huart1
 .bss.hpcd_USB_FS
                0x000000002000020c      0x2dc ./Core/Src/usb.o
                0x000000002000020c                hpcd_USB_FS
 .bss.uwTick    0x00000000200004e8        0x4 ./Drivers/STM32WBxx_HAL_Driver/Src/stm32wbxx_hal.o
                0x00000000200004e8                uwTick
 *(COMMON)
                0x00000000200004ec                . = ALIGN (0x4)
                0x00000000200004ec                _ebss = .
                0x00000000200004ec                __bss_end__ = _ebss

._user_heap_stack
                0x00000000200004ec      0x604 load address 0x0000000008005404
                0x00000000200004f0                . = ALIGN (0x8)
 *fill*         0x00000000200004ec        0x4 
                [!provide]                        PROVIDE (end = .)
                0x00000000200004f0                PROVIDE (_end = .)
                0x00000000200006f0                . = (. + _Min_Heap_Size)
 *fill*         0x00000000200004f0      0x200 
                0x0000000020000af0                . = (. + _Min_Stack_Size)
 *fill*         0x00000000200006f0      0x400 
                0x0000000020000af0                . = ALIGN (0x8)

/DISCARD/
 libc.a(*)
 libm.a(*)
 libgcc.a(*)

.ARM.attributes
                0x0000000000000000       0x30
 *(.ARM.attributes)
 .ARM.attributes
                0x0000000000000000       0x1e C:/ST/STM32CubeIDE_1.14.1/STM32CubeIDE/plugins/com.st.stm32cube.ide.mcu.externaltools.gnu-tools-for-stm32.11.3.rel1.win32_1.1.100.202309141235/tools/bin/../lib/gcc/arm-none-eabi/11.3.1/thumb/v7e-m+fp/hard/crti.o
 .ARM.attributes
                0x000000000000001e       0x34 C:/ST/STM32CubeIDE_1.14.1/STM32CubeIDE/plugins/com.st.stm32cube.ide.mcu.externaltools.gnu-tools-for-stm32.11.3.rel1.win32_1.1.100.202309141235/tools/bin/../lib/gcc/arm-none-eabi/11.3.1/thumb/v7e-m+fp/hard/crtbegin.o
 .ARM.attributes
                0x0000000000000052       0x34 ./Core/Src/gpio.o
 .ARM.attributes
                0x0000000000000086       0x34 ./Core/Src/main.o
 .ARM.attributes
                0x00000000000000ba       0x34 ./Core/Src/spi.o
 .ARM.attributes
                0x00000000000000ee       0x34 ./Core/Src/stm32wbxx_hal_msp.o
 .ARM.attributes
                0x0000000000000122       0x34 ./Core/Src/stm32wbxx_it.o
 .ARM.attributes
                0x0000000000000156       0x34 ./Core/Src/system_stm32wbxx.o
 .ARM.attributes
                0x000000000000018a       0x34 ./Core/Src/tim.o
 .ARM.attributes
                0x00000000000001be       0x34 ./Core/Src/usart.o
 .ARM.attributes
                0x00000000000001f2       0x34 ./Core/Src/usb.o
 .ARM.attributes
                0x0000000000000226       0x21 ./Core/Startup/startup_stm32wb55rgvx.o
 .ARM.attributes
                0x0000000000000247       0x34 ./Drivers/STM32WBxx_HAL_Driver/Src/stm32wbxx_hal.o
 .ARM.attributes
                0x000000000000027b       0x34 ./Drivers/STM32WBxx_HAL_Driver/Src/stm32wbxx_hal_cortex.o
 .ARM.attributes
                0x00000000000002af       0x34 ./Drivers/STM32WBxx_HAL_Driver/Src/stm32wbxx_hal_gpio.o
 .ARM.attributes
                0x00000000000002e3       0x34 ./Drivers/STM32WBxx_HAL_Driver/Src/stm32wbxx_hal_pcd.o
 .ARM.attributes
                0x0000000000000317       0x34 ./Drivers/STM32WBxx_HAL_Driver/Src/stm32wbxx_hal_pcd_ex.o
 .ARM.attributes
                0x000000000000034b       0x34 ./Drivers/STM32WBxx_HAL_Driver/Src/stm32wbxx_hal_pwr.o
 .ARM.attributes
                0x000000000000037f       0x34 ./Drivers/STM32WBxx_HAL_Driver/Src/stm32wbxx_hal_pwr_ex.o
 .ARM.attributes
                0x00000000000003b3       0x34 ./Drivers/STM32WBxx_HAL_Driver/Src/stm32wbxx_hal_rcc.o
 .ARM.attributes
                0x00000000000003e7       0x34 ./Drivers/STM32WBxx_HAL_Driver/Src/stm32wbxx_hal_rcc_ex.o
 .ARM.attributes
                0x000000000000041b       0x34 ./Drivers/STM32WBxx_HAL_Driver/Src/stm32wbxx_hal_spi.o
 .ARM.attributes
                0x000000000000044f       0x34 ./Drivers/STM32WBxx_HAL_Driver/Src/stm32wbxx_hal_tim.o
 .ARM.attributes
                0x0000000000000483       0x34 ./Drivers/STM32WBxx_HAL_Driver/Src/stm32wbxx_hal_tim_ex.o
 .ARM.attributes
                0x00000000000004b7       0x34 ./Drivers/STM32WBxx_HAL_Driver/Src/stm32wbxx_hal_uart.o
 .ARM.attributes
                0x00000000000004eb       0x34 ./Drivers/STM32WBxx_HAL_Driver/Src/stm32wbxx_hal_uart_ex.o
 .ARM.attributes
                0x000000000000051f       0x34 ./Drivers/STM32WBxx_HAL_Driver/Src/stm32wbxx_ll_usb.o
 .ARM.attributes
                0x0000000000000553       0x34 C:/ST/STM32CubeIDE_1.14.1/STM32CubeIDE/plugins/com.st.stm32cube.ide.mcu.externaltools.gnu-tools-for-stm32.11.3.rel1.win32_1.1.100.202309141235/tools/bin/../lib/gcc/arm-none-eabi/11.3.1/../../../../arm-none-eabi/lib/thumb/v7e-m+fp/hard\libc_nano.a(libc_a-memset.o)
 .ARM.attributes
                0x0000000000000587       0x34 C:/ST/STM32CubeIDE_1.14.1/STM32CubeIDE/plugins/com.st.stm32cube.ide.mcu.externaltools.gnu-tools-for-stm32.11.3.rel1.win32_1.1.100.202309141235/tools/bin/../lib/gcc/arm-none-eabi/11.3.1/../../../../arm-none-eabi/lib/thumb/v7e-m+fp/hard\libc_nano.a(libc_a-init.o)
 .ARM.attributes
                0x00000000000005bb       0x1e C:/ST/STM32CubeIDE_1.14.1/STM32CubeIDE/plugins/com.st.stm32cube.ide.mcu.externaltools.gnu-tools-for-stm32.11.3.rel1.win32_1.1.100.202309141235/tools/bin/../lib/gcc/arm-none-eabi/11.3.1/thumb/v7e-m+fp/hard\libgcc.a(_aeabi_uldivmod.o)
 .ARM.attributes
                0x00000000000005d9       0x34 C:/ST/STM32CubeIDE_1.14.1/STM32CubeIDE/plugins/com.st.stm32cube.ide.mcu.externaltools.gnu-tools-for-stm32.11.3.rel1.win32_1.1.100.202309141235/tools/bin/../lib/gcc/arm-none-eabi/11.3.1/thumb/v7e-m+fp/hard\libgcc.a(_udivmoddi4.o)
 .ARM.attributes
                0x000000000000060d       0x1e C:/ST/STM32CubeIDE_1.14.1/STM32CubeIDE/plugins/com.st.stm32cube.ide.mcu.externaltools.gnu-tools-for-stm32.11.3.rel1.win32_1.1.100.202309141235/tools/bin/../lib/gcc/arm-none-eabi/11.3.1/thumb/v7e-m+fp/hard\libgcc.a(_dvmd_tls.o)
 .ARM.attributes
                0x000000000000062b       0x1e C:/ST/STM32CubeIDE_1.14.1/STM32CubeIDE/plugins/com.st.stm32cube.ide.mcu.externaltools.gnu-tools-for-stm32.11.3.rel1.win32_1.1.100.202309141235/tools/bin/../lib/gcc/arm-none-eabi/11.3.1/thumb/v7e-m+fp/hard/crtn.o

MAPPING_TABLE
 *(MAPPING_TABLE)

MB_MEM1
 *(MB_MEM1)
                0x0000000008005404                _siMB_MEM2 = LOADADDR (.MB_MEM2)

.MB_MEM2        0x0000000020030000        0x0 load address 0x0000000008005404
                0x0000000020030000                _sMB_MEM2 = .
 *(MB_MEM2)
                0x0000000020030000                _eMB_MEM2 = .
OUTPUT(BE.elf elf32-littlearm)
LOAD linker stubs
LOAD C:/ST/STM32CubeIDE_1.14.1/STM32CubeIDE/plugins/com.st.stm32cube.ide.mcu.externaltools.gnu-tools-for-stm32.11.3.rel1.win32_1.1.100.202309141235/tools/bin/../lib/gcc/arm-none-eabi/11.3.1/../../../../arm-none-eabi/lib/thumb/v7e-m+fp/hard\libc.a
LOAD C:/ST/STM32CubeIDE_1.14.1/STM32CubeIDE/plugins/com.st.stm32cube.ide.mcu.externaltools.gnu-tools-for-stm32.11.3.rel1.win32_1.1.100.202309141235/tools/bin/../lib/gcc/arm-none-eabi/11.3.1/../../../../arm-none-eabi/lib/thumb/v7e-m+fp/hard\libm.a
LOAD C:/ST/STM32CubeIDE_1.14.1/STM32CubeIDE/plugins/com.st.stm32cube.ide.mcu.externaltools.gnu-tools-for-stm32.11.3.rel1.win32_1.1.100.202309141235/tools/bin/../lib/gcc/arm-none-eabi/11.3.1/thumb/v7e-m+fp/hard\libgcc.a

.comment        0x0000000000000000       0x43
 .comment       0x0000000000000000       0x43 C:/ST/STM32CubeIDE_1.14.1/STM32CubeIDE/plugins/com.st.stm32cube.ide.mcu.externaltools.gnu-tools-for-stm32.11.3.rel1.win32_1.1.100.202309141235/tools/bin/../lib/gcc/arm-none-eabi/11.3.1/thumb/v7e-m+fp/hard/crtbegin.o
                                         0x44 (size before relaxing)
 .comment       0x0000000000000043       0x44 ./Core/Src/gpio.o
 .comment       0x0000000000000043       0x44 ./Core/Src/main.o
 .comment       0x0000000000000043       0x44 ./Core/Src/spi.o
 .comment       0x0000000000000043       0x44 ./Core/Src/stm32wbxx_hal_msp.o
 .comment       0x0000000000000043       0x44 ./Core/Src/stm32wbxx_it.o
 .comment       0x0000000000000043       0x44 ./Core/Src/system_stm32wbxx.o
 .comment       0x0000000000000043       0x44 ./Core/Src/tim.o
 .comment       0x0000000000000043       0x44 ./Core/Src/usart.o
 .comment       0x0000000000000043       0x44 ./Core/Src/usb.o
 .comment       0x0000000000000043       0x44 ./Drivers/STM32WBxx_HAL_Driver/Src/stm32wbxx_hal.o
 .comment       0x0000000000000043       0x44 ./Drivers/STM32WBxx_HAL_Driver/Src/stm32wbxx_hal_cortex.o
 .comment       0x0000000000000043       0x44 ./Drivers/STM32WBxx_HAL_Driver/Src/stm32wbxx_hal_gpio.o
 .comment       0x0000000000000043       0x44 ./Drivers/STM32WBxx_HAL_Driver/Src/stm32wbxx_hal_pcd.o
 .comment       0x0000000000000043       0x44 ./Drivers/STM32WBxx_HAL_Driver/Src/stm32wbxx_hal_pcd_ex.o
 .comment       0x0000000000000043       0x44 ./Drivers/STM32WBxx_HAL_Driver/Src/stm32wbxx_hal_pwr.o
 .comment       0x0000000000000043       0x44 ./Drivers/STM32WBxx_HAL_Driver/Src/stm32wbxx_hal_pwr_ex.o
 .comment       0x0000000000000043       0x44 ./Drivers/STM32WBxx_HAL_Driver/Src/stm32wbxx_hal_rcc.o
 .comment       0x0000000000000043       0x44 ./Drivers/STM32WBxx_HAL_Driver/Src/stm32wbxx_hal_rcc_ex.o
 .comment       0x0000000000000043       0x44 ./Drivers/STM32WBxx_HAL_Driver/Src/stm32wbxx_hal_spi.o
 .comment       0x0000000000000043       0x44 ./Drivers/STM32WBxx_HAL_Driver/Src/stm32wbxx_hal_tim.o
 .comment       0x0000000000000043       0x44 ./Drivers/STM32WBxx_HAL_Driver/Src/stm32wbxx_hal_tim_ex.o
 .comment       0x0000000000000043       0x44 ./Drivers/STM32WBxx_HAL_Driver/Src/stm32wbxx_hal_uart.o
 .comment       0x0000000000000043       0x44 ./Drivers/STM32WBxx_HAL_Driver/Src/stm32wbxx_hal_uart_ex.o
 .comment       0x0000000000000043       0x44 ./Drivers/STM32WBxx_HAL_Driver/Src/stm32wbxx_ll_usb.o

.debug_info     0x0000000000000000    0x1b4ba
 .debug_info    0x0000000000000000      0x567 ./Core/Src/gpio.o
 .debug_info    0x0000000000000567     0x126b ./Core/Src/main.o
 .debug_info    0x00000000000017d2      0xc46 ./Core/Src/spi.o
 .debug_info    0x0000000000002418       0x8a ./Core/Src/stm32wbxx_hal_msp.o
 .debug_info    0x00000000000024a2      0x113 ./Core/Src/stm32wbxx_it.o
 .debug_info    0x00000000000025b5      0x703 ./Core/Src/system_stm32wbxx.o
 .debug_info    0x0000000000002cb8     0x1121 ./Core/Src/tim.o
 .debug_info    0x0000000000003dd9      0xf4a ./Core/Src/usart.o
 .debug_info    0x0000000000004d23      0xd23 ./Core/Src/usb.o
 .debug_info    0x0000000000005a46       0x23 ./Core/Startup/startup_stm32wb55rgvx.o
 .debug_info    0x0000000000005a69     0x12ae ./Drivers/STM32WBxx_HAL_Driver/Src/stm32wbxx_hal.o
 .debug_info    0x0000000000006d17      0xc81 ./Drivers/STM32WBxx_HAL_Driver/Src/stm32wbxx_hal_cortex.o
 .debug_info    0x0000000000007998      0x6aa ./Drivers/STM32WBxx_HAL_Driver/Src/stm32wbxx_hal_gpio.o
 .debug_info    0x0000000000008042     0x161b ./Drivers/STM32WBxx_HAL_Driver/Src/stm32wbxx_hal_pcd.o
 .debug_info    0x000000000000965d      0x80a ./Drivers/STM32WBxx_HAL_Driver/Src/stm32wbxx_hal_pcd_ex.o
 .debug_info    0x0000000000009e67      0x904 ./Drivers/STM32WBxx_HAL_Driver/Src/stm32wbxx_hal_pwr.o
 .debug_info    0x000000000000a76b     0x105d ./Drivers/STM32WBxx_HAL_Driver/Src/stm32wbxx_hal_pwr_ex.o
 .debug_info    0x000000000000b7c8     0x14db ./Drivers/STM32WBxx_HAL_Driver/Src/stm32wbxx_hal_rcc.o
 .debug_info    0x000000000000cca3     0x1c40 ./Drivers/STM32WBxx_HAL_Driver/Src/stm32wbxx_hal_rcc_ex.o
 .debug_info    0x000000000000e8e3     0x1736 ./Drivers/STM32WBxx_HAL_Driver/Src/stm32wbxx_hal_spi.o
 .debug_info    0x0000000000010019     0x2bc0 ./Drivers/STM32WBxx_HAL_Driver/Src/stm32wbxx_hal_tim.o
 .debug_info    0x0000000000012bd9     0x189e ./Drivers/STM32WBxx_HAL_Driver/Src/stm32wbxx_hal_tim_ex.o
 .debug_info    0x0000000000014477     0x49f4 ./Drivers/STM32WBxx_HAL_Driver/Src/stm32wbxx_hal_uart.o
 .debug_info    0x0000000000018e6b      0xfe4 ./Drivers/STM32WBxx_HAL_Driver/Src/stm32wbxx_hal_uart_ex.o
 .debug_info    0x0000000000019e4f     0x166b ./Drivers/STM32WBxx_HAL_Driver/Src/stm32wbxx_ll_usb.o

.debug_abbrev   0x0000000000000000     0x3882
 .debug_abbrev  0x0000000000000000      0x198 ./Core/Src/gpio.o
 .debug_abbrev  0x0000000000000198      0x278 ./Core/Src/main.o
 .debug_abbrev  0x0000000000000410      0x254 ./Core/Src/spi.o
 .debug_abbrev  0x0000000000000664       0x45 ./Core/Src/stm32wbxx_hal_msp.o
 .debug_abbrev  0x00000000000006a9       0x73 ./Core/Src/stm32wbxx_it.o
 .debug_abbrev  0x000000000000071c      0x13b ./Core/Src/system_stm32wbxx.o
 .debug_abbrev  0x0000000000000857      0x28b ./Core/Src/tim.o
 .debug_abbrev  0x0000000000000ae2      0x272 ./Core/Src/usart.o
 .debug_abbrev  0x0000000000000d54      0x270 ./Core/Src/usb.o
 .debug_abbrev  0x0000000000000fc4       0x12 ./Core/Startup/startup_stm32wb55rgvx.o
 .debug_abbrev  0x0000000000000fd6      0x367 ./Drivers/STM32WBxx_HAL_Driver/Src/stm32wbxx_hal.o
 .debug_abbrev  0x000000000000133d      0x319 ./Drivers/STM32WBxx_HAL_Driver/Src/stm32wbxx_hal_cortex.o
 .debug_abbrev  0x0000000000001656      0x1e5 ./Drivers/STM32WBxx_HAL_Driver/Src/stm32wbxx_hal_gpio.o
 .debug_abbrev  0x000000000000183b      0x2b9 ./Drivers/STM32WBxx_HAL_Driver/Src/stm32wbxx_hal_pcd.o
 .debug_abbrev  0x0000000000001af4      0x228 ./Drivers/STM32WBxx_HAL_Driver/Src/stm32wbxx_hal_pcd_ex.o
 .debug_abbrev  0x0000000000001d1c      0x205 ./Drivers/STM32WBxx_HAL_Driver/Src/stm32wbxx_hal_pwr.o
 .debug_abbrev  0x0000000000001f21      0x31c ./Drivers/STM32WBxx_HAL_Driver/Src/stm32wbxx_hal_pwr_ex.o
 .debug_abbrev  0x000000000000223d      0x31b ./Drivers/STM32WBxx_HAL_Driver/Src/stm32wbxx_hal_rcc.o
 .debug_abbrev  0x0000000000002558      0x35a ./Drivers/STM32WBxx_HAL_Driver/Src/stm32wbxx_hal_rcc_ex.o
 .debug_abbrev  0x00000000000028b2      0x267 ./Drivers/STM32WBxx_HAL_Driver/Src/stm32wbxx_hal_spi.o
 .debug_abbrev  0x0000000000002b19      0x277 ./Drivers/STM32WBxx_HAL_Driver/Src/stm32wbxx_hal_tim.o
 .debug_abbrev  0x0000000000002d90      0x295 ./Drivers/STM32WBxx_HAL_Driver/Src/stm32wbxx_hal_tim_ex.o
 .debug_abbrev  0x0000000000003025      0x343 ./Drivers/STM32WBxx_HAL_Driver/Src/stm32wbxx_hal_uart.o
 .debug_abbrev  0x0000000000003368      0x2d3 ./Drivers/STM32WBxx_HAL_Driver/Src/stm32wbxx_hal_uart_ex.o
 .debug_abbrev  0x000000000000363b      0x247 ./Drivers/STM32WBxx_HAL_Driver/Src/stm32wbxx_ll_usb.o

.debug_aranges  0x0000000000000000     0x1c68
 .debug_aranges
                0x0000000000000000       0x28 ./Core/Src/gpio.o
 .debug_aranges
                0x0000000000000028       0x40 ./Core/Src/main.o
 .debug_aranges
                0x0000000000000068       0x48 ./Core/Src/spi.o
 .debug_aranges
                0x00000000000000b0       0x20 ./Core/Src/stm32wbxx_hal_msp.o
 .debug_aranges
                0x00000000000000d0       0x60 ./Core/Src/stm32wbxx_it.o
 .debug_aranges
                0x0000000000000130       0x28 ./Core/Src/system_stm32wbxx.o
 .debug_aranges
                0x0000000000000158       0x70 ./Core/Src/tim.o
 .debug_aranges
                0x00000000000001c8       0x48 ./Core/Src/usart.o
 .debug_aranges
                0x0000000000000210       0x48 ./Core/Src/usb.o
 .debug_aranges
                0x0000000000000258       0x30 ./Core/Startup/startup_stm32wb55rgvx.o
 .debug_aranges
                0x0000000000000288      0x280 ./Drivers/STM32WBxx_HAL_Driver/Src/stm32wbxx_hal.o
 .debug_aranges
                0x0000000000000508      0x108 ./Drivers/STM32WBxx_HAL_Driver/Src/stm32wbxx_hal_cortex.o
 .debug_aranges
                0x0000000000000610       0x60 ./Drivers/STM32WBxx_HAL_Driver/Src/stm32wbxx_hal_gpio.o
 .debug_aranges
                0x0000000000000670      0x138 ./Drivers/STM32WBxx_HAL_Driver/Src/stm32wbxx_hal_pcd.o
 .debug_aranges
                0x00000000000007a8       0x58 ./Drivers/STM32WBxx_HAL_Driver/Src/stm32wbxx_hal_pcd_ex.o
 .debug_aranges
                0x0000000000000800       0xd0 ./Drivers/STM32WBxx_HAL_Driver/Src/stm32wbxx_hal_pwr.o
 .debug_aranges
                0x00000000000008d0      0x288 ./Drivers/STM32WBxx_HAL_Driver/Src/stm32wbxx_hal_pwr_ex.o
 .debug_aranges
                0x0000000000000b58      0x270 ./Drivers/STM32WBxx_HAL_Driver/Src/stm32wbxx_hal_rcc.o
 .debug_aranges
                0x0000000000000dc8      0x390 ./Drivers/STM32WBxx_HAL_Driver/Src/stm32wbxx_hal_rcc_ex.o
 .debug_aranges
                0x0000000000001158      0x1d8 ./Drivers/STM32WBxx_HAL_Driver/Src/stm32wbxx_hal_spi.o
 .debug_aranges
                0x0000000000001330      0x3e0 ./Drivers/STM32WBxx_HAL_Driver/Src/stm32wbxx_hal_tim.o
 .debug_aranges
                0x0000000000001710      0x190 ./Drivers/STM32WBxx_HAL_Driver/Src/stm32wbxx_hal_tim_ex.o
 .debug_aranges
                0x00000000000018a0      0x258 ./Drivers/STM32WBxx_HAL_Driver/Src/stm32wbxx_hal_uart.o
 .debug_aranges
                0x0000000000001af8       0xa8 ./Drivers/STM32WBxx_HAL_Driver/Src/stm32wbxx_hal_uart_ex.o
 .debug_aranges
                0x0000000000001ba0       0xc8 ./Drivers/STM32WBxx_HAL_Driver/Src/stm32wbxx_ll_usb.o

.debug_rnglists
                0x0000000000000000     0x15e0
 .debug_rnglists
                0x0000000000000000       0x1a ./Core/Src/gpio.o
 .debug_rnglists
                0x000000000000001a       0x2d ./Core/Src/main.o
 .debug_rnglists
                0x0000000000000047       0x31 ./Core/Src/spi.o
 .debug_rnglists
                0x0000000000000078       0x13 ./Core/Src/stm32wbxx_hal_msp.o
 .debug_rnglists
                0x000000000000008b       0x43 ./Core/Src/stm32wbxx_it.o
 .debug_rnglists
                0x00000000000000ce       0x1b ./Core/Src/system_stm32wbxx.o
 .debug_rnglists
                0x00000000000000e9       0x52 ./Core/Src/tim.o
 .debug_rnglists
                0x000000000000013b       0x33 ./Core/Src/usart.o
 .debug_rnglists
                0x000000000000016e       0x32 ./Core/Src/usb.o
 .debug_rnglists
                0x00000000000001a0       0x1f ./Core/Startup/startup_stm32wb55rgvx.o
 .debug_rnglists
                0x00000000000001bf      0x1db ./Drivers/STM32WBxx_HAL_Driver/Src/stm32wbxx_hal.o
 .debug_rnglists
                0x000000000000039a       0xc2 ./Drivers/STM32WBxx_HAL_Driver/Src/stm32wbxx_hal_cortex.o
 .debug_rnglists
                0x000000000000045c       0x45 ./Drivers/STM32WBxx_HAL_Driver/Src/stm32wbxx_hal_gpio.o
 .debug_rnglists
                0x00000000000004a1       0xee ./Drivers/STM32WBxx_HAL_Driver/Src/stm32wbxx_hal_pcd.o
 .debug_rnglists
                0x000000000000058f       0x3f ./Drivers/STM32WBxx_HAL_Driver/Src/stm32wbxx_hal_pcd_ex.o
 .debug_rnglists
                0x00000000000005ce       0x99 ./Drivers/STM32WBxx_HAL_Driver/Src/stm32wbxx_hal_pwr.o
 .debug_rnglists
                0x0000000000000667      0x1e8 ./Drivers/STM32WBxx_HAL_Driver/Src/stm32wbxx_hal_pwr_ex.o
 .debug_rnglists
                0x000000000000084f      0x1d6 ./Drivers/STM32WBxx_HAL_Driver/Src/stm32wbxx_hal_rcc.o
 .debug_rnglists
                0x0000000000000a25      0x2b6 ./Drivers/STM32WBxx_HAL_Driver/Src/stm32wbxx_hal_rcc_ex.o
 .debug_rnglists
                0x0000000000000cdb      0x178 ./Drivers/STM32WBxx_HAL_Driver/Src/stm32wbxx_hal_spi.o
 .debug_rnglists
                0x0000000000000e53      0x328 ./Drivers/STM32WBxx_HAL_Driver/Src/stm32wbxx_hal_tim.o
 .debug_rnglists
                0x000000000000117b      0x147 ./Drivers/STM32WBxx_HAL_Driver/Src/stm32wbxx_hal_tim_ex.o
 .debug_rnglists
                0x00000000000012c2      0x206 ./Drivers/STM32WBxx_HAL_Driver/Src/stm32wbxx_hal_uart.o
 .debug_rnglists
                0x00000000000014c8       0x7f ./Drivers/STM32WBxx_HAL_Driver/Src/stm32wbxx_hal_uart_ex.o
 .debug_rnglists
                0x0000000000001547       0x99 ./Drivers/STM32WBxx_HAL_Driver/Src/stm32wbxx_ll_usb.o

.debug_macro    0x0000000000000000    0x23568
 .debug_macro   0x0000000000000000      0x274 ./Core/Src/gpio.o
 .debug_macro   0x0000000000000274      0xaa8 ./Core/Src/gpio.o
 .debug_macro   0x0000000000000d1c      0x13c ./Core/Src/gpio.o
 .debug_macro   0x0000000000000e58       0x2e ./Core/Src/gpio.o
 .debug_macro   0x0000000000000e86       0x2e ./Core/Src/gpio.o
 .debug_macro   0x0000000000000eb4       0x22 ./Core/Src/gpio.o
 .debug_macro   0x0000000000000ed6       0x8e ./Core/Src/gpio.o
 .debug_macro   0x0000000000000f64       0x51 ./Core/Src/gpio.o
 .debug_macro   0x0000000000000fb5      0x103 ./Core/Src/gpio.o
 .debug_macro   0x00000000000010b8       0x6a ./Core/Src/gpio.o
 .debug_macro   0x0000000000001122      0x1df ./Core/Src/gpio.o
 .debug_macro   0x0000000000001301       0x1c ./Core/Src/gpio.o
 .debug_macro   0x000000000000131d       0x22 ./Core/Src/gpio.o
 .debug_macro   0x000000000000133f       0xfb ./Core/Src/gpio.o
 .debug_macro   0x000000000000143a     0x1011 ./Core/Src/gpio.o
 .debug_macro   0x000000000000244b      0x11f ./Core/Src/gpio.o
 .debug_macro   0x000000000000256a    0x12adb ./Core/Src/gpio.o
 .debug_macro   0x0000000000015045       0x6c ./Core/Src/gpio.o
 .debug_macro   0x00000000000150b1     0x34cc ./Core/Src/gpio.o
 .debug_macro   0x000000000001857d      0x174 ./Core/Src/gpio.o
 .debug_macro   0x00000000000186f1       0x5c ./Core/Src/gpio.o
 .debug_macro   0x000000000001874d      0x3f5 ./Core/Src/gpio.o
 .debug_macro   0x0000000000018b42      0x286 ./Core/Src/gpio.o
 .debug_macro   0x0000000000018dc8      0x30d ./Core/Src/gpio.o
 .debug_macro   0x00000000000190d5      0x17e ./Core/Src/gpio.o
 .debug_macro   0x0000000000019253       0x43 ./Core/Src/gpio.o
 .debug_macro   0x0000000000019296      0x236 ./Core/Src/gpio.o
 .debug_macro   0x00000000000194cc      0x24a ./Core/Src/gpio.o
 .debug_macro   0x0000000000019716      0x57b ./Core/Src/gpio.o
 .debug_macro   0x0000000000019c91       0x2e ./Core/Src/gpio.o
 .debug_macro   0x0000000000019cbf      0x100 ./Core/Src/gpio.o
 .debug_macro   0x0000000000019dbf      0x1ba ./Core/Src/gpio.o
 .debug_macro   0x0000000000019f79      0x1cd ./Core/Src/gpio.o
 .debug_macro   0x000000000001a146       0x73 ./Core/Src/gpio.o
 .debug_macro   0x000000000001a1b9      0x22d ./Core/Src/gpio.o
 .debug_macro   0x000000000001a3e6      0x381 ./Core/Src/gpio.o
 .debug_macro   0x000000000001a767      0x13d ./Core/Src/gpio.o
 .debug_macro   0x000000000001a8a4      0x141 ./Core/Src/gpio.o
 .debug_macro   0x000000000001a9e5      0x4ff ./Core/Src/gpio.o
 .debug_macro   0x000000000001aee4      0x874 ./Core/Src/gpio.o
 .debug_macro   0x000000000001b758      0x259 ./Core/Src/gpio.o
 .debug_macro   0x000000000001b9b1     0x1bb1 ./Core/Src/gpio.o
 .debug_macro   0x000000000001d562       0xe4 ./Core/Src/gpio.o
 .debug_macro   0x000000000001d646      0x5e7 ./Core/Src/gpio.o
 .debug_macro   0x000000000001dc2d      0x2fe ./Core/Src/gpio.o
 .debug_macro   0x000000000001df2b      0xac9 ./Core/Src/gpio.o
 .debug_macro   0x000000000001e9f4      0x110 ./Core/Src/gpio.o
 .debug_macro   0x000000000001eb04      0x693 ./Core/Src/gpio.o
 .debug_macro   0x000000000001f197       0xa6 ./Core/Src/gpio.o
 .debug_macro   0x000000000001f23d      0x557 ./Core/Src/gpio.o
 .debug_macro   0x000000000001f794      0x433 ./Core/Src/gpio.o
 .debug_macro   0x000000000001fbc7       0xc4 ./Core/Src/gpio.o
 .debug_macro   0x000000000001fc8b      0x2aa ./Core/Src/main.o
 .debug_macro   0x000000000001ff35      0x274 ./Core/Src/spi.o
 .debug_macro   0x00000000000201a9      0x26a ./Core/Src/stm32wbxx_hal_msp.o
 .debug_macro   0x0000000000020413      0x274 ./Core/Src/stm32wbxx_it.o
 .debug_macro   0x0000000000020687      0x25b ./Core/Src/system_stm32wbxx.o
 .debug_macro   0x00000000000208e2      0x274 ./Core/Src/tim.o
 .debug_macro   0x0000000000020b56      0x274 ./Core/Src/usart.o
 .debug_macro   0x0000000000020dca      0x274 ./Core/Src/usb.o
 .debug_macro   0x000000000002103e      0x27f ./Drivers/STM32WBxx_HAL_Driver/Src/stm32wbxx_hal.o
 .debug_macro   0x00000000000212bd      0x25b ./Drivers/STM32WBxx_HAL_Driver/Src/stm32wbxx_hal_cortex.o
 .debug_macro   0x0000000000021518      0x262 ./Drivers/STM32WBxx_HAL_Driver/Src/stm32wbxx_hal_gpio.o
 .debug_macro   0x000000000002177a      0x267 ./Drivers/STM32WBxx_HAL_Driver/Src/stm32wbxx_hal_pcd.o
 .debug_macro   0x00000000000219e1      0x25b ./Drivers/STM32WBxx_HAL_Driver/Src/stm32wbxx_hal_pcd_ex.o
 .debug_macro   0x0000000000021c3c      0x2cd ./Drivers/STM32WBxx_HAL_Driver/Src/stm32wbxx_hal_pwr.o
 .debug_macro   0x0000000000021f09      0x26d ./Drivers/STM32WBxx_HAL_Driver/Src/stm32wbxx_hal_pwr_ex.o
 .debug_macro   0x0000000000022176      0x2cd ./Drivers/STM32WBxx_HAL_Driver/Src/stm32wbxx_hal_rcc.o
 .debug_macro   0x0000000000022443      0x2b0 ./Drivers/STM32WBxx_HAL_Driver/Src/stm32wbxx_hal_rcc_ex.o
 .debug_macro   0x00000000000226f3      0x263 ./Drivers/STM32WBxx_HAL_Driver/Src/stm32wbxx_hal_spi.o
 .debug_macro   0x0000000000022956      0x263 ./Drivers/STM32WBxx_HAL_Driver/Src/stm32wbxx_hal_tim.o
 .debug_macro   0x0000000000022bb9      0x267 ./Drivers/STM32WBxx_HAL_Driver/Src/stm32wbxx_hal_tim_ex.o
 .debug_macro   0x0000000000022e20      0x286 ./Drivers/STM32WBxx_HAL_Driver/Src/stm32wbxx_hal_uart.o
 .debug_macro   0x00000000000230a6      0x267 ./Drivers/STM32WBxx_HAL_Driver/Src/stm32wbxx_hal_uart_ex.o
 .debug_macro   0x000000000002330d      0x25b ./Drivers/STM32WBxx_HAL_Driver/Src/stm32wbxx_ll_usb.o

.debug_line     0x0000000000000000    0x1cb48
 .debug_line    0x0000000000000000      0x8f5 ./Core/Src/gpio.o
 .debug_line    0x00000000000008f5      0x98f ./Core/Src/main.o
 .debug_line    0x0000000000001284      0x950 ./Core/Src/spi.o
 .debug_line    0x0000000000001bd4      0x874 ./Core/Src/stm32wbxx_hal_msp.o
 .debug_line    0x0000000000002448      0x93a ./Core/Src/stm32wbxx_it.o
 .debug_line    0x0000000000002d82      0x918 ./Core/Src/system_stm32wbxx.o
 .debug_line    0x000000000000369a      0xb14 ./Core/Src/tim.o
 .debug_line    0x00000000000041ae      0x976 ./Core/Src/usart.o
 .debug_line    0x0000000000004b24      0x958 ./Core/Src/usb.o
 .debug_line    0x000000000000547c       0x83 ./Core/Startup/startup_stm32wb55rgvx.o
 .debug_line    0x00000000000054ff     0x10fd ./Drivers/STM32WBxx_HAL_Driver/Src/stm32wbxx_hal.o
 .debug_line    0x00000000000065fc      0xdc7 ./Drivers/STM32WBxx_HAL_Driver/Src/stm32wbxx_hal_cortex.o
 .debug_line    0x00000000000073c3      0xca8 ./Drivers/STM32WBxx_HAL_Driver/Src/stm32wbxx_hal_gpio.o
 .debug_line    0x000000000000806b     0x14aa ./Drivers/STM32WBxx_HAL_Driver/Src/stm32wbxx_hal_pcd.o
 .debug_line    0x0000000000009515      0x9e0 ./Drivers/STM32WBxx_HAL_Driver/Src/stm32wbxx_hal_pcd_ex.o
 .debug_line    0x0000000000009ef5      0xb22 ./Drivers/STM32WBxx_HAL_Driver/Src/stm32wbxx_hal_pwr.o
 .debug_line    0x000000000000aa17     0x1266 ./Drivers/STM32WBxx_HAL_Driver/Src/stm32wbxx_hal_pwr_ex.o
 .debug_line    0x000000000000bc7d     0x1915 ./Drivers/STM32WBxx_HAL_Driver/Src/stm32wbxx_hal_rcc.o
 .debug_line    0x000000000000d592     0x1d9f ./Drivers/STM32WBxx_HAL_Driver/Src/stm32wbxx_hal_rcc_ex.o
 .debug_line    0x000000000000f331     0x20d4 ./Drivers/STM32WBxx_HAL_Driver/Src/stm32wbxx_hal_spi.o
 .debug_line    0x0000000000011405     0x3cd4 ./Drivers/STM32WBxx_HAL_Driver/Src/stm32wbxx_hal_tim.o
 .debug_line    0x00000000000150d9     0x1d4e ./Drivers/STM32WBxx_HAL_Driver/Src/stm32wbxx_hal_tim_ex.o
 .debug_line    0x0000000000016e27     0x3d1e ./Drivers/STM32WBxx_HAL_Driver/Src/stm32wbxx_hal_uart.o
 .debug_line    0x000000000001ab45      0xec3 ./Drivers/STM32WBxx_HAL_Driver/Src/stm32wbxx_hal_uart_ex.o
 .debug_line    0x000000000001ba08     0x1140 ./Drivers/STM32WBxx_HAL_Driver/Src/stm32wbxx_ll_usb.o

.debug_str      0x0000000000000000    0xe1e64
 .debug_str     0x0000000000000000    0xda057 ./Core/Src/gpio.o
                                      0xdaab9 (size before relaxing)
 .debug_str     0x00000000000da057      0xa89 ./Core/Src/main.o
                                      0xdb599 (size before relaxing)
 .debug_str     0x00000000000daae0      0x25d ./Core/Src/spi.o
                                      0xdb01c (size before relaxing)
 .debug_str     0x00000000000dad3d       0x2c ./Core/Src/stm32wbxx_hal_msp.o
                                      0xda794 (size before relaxing)
 .debug_str     0x00000000000dad69       0xc9 ./Core/Src/stm32wbxx_it.o
                                      0xda831 (size before relaxing)
 .debug_str     0x00000000000dae32      0x105 ./Core/Src/system_stm32wbxx.o
                                      0xda7de (size before relaxing)
 .debug_str     0x00000000000daf37      0x332 ./Core/Src/tim.o
                                      0xdb459 (size before relaxing)
 .debug_str     0x00000000000db269      0x280 ./Core/Src/usart.o
                                      0xdb2b5 (size before relaxing)
 .debug_str     0x00000000000db4e9      0x325 ./Core/Src/usb.o
                                      0xdb03b (size before relaxing)
 .debug_str     0x00000000000db80e       0x34 ./Core/Startup/startup_stm32wb55rgvx.o
                                         0x5e (size before relaxing)
 .debug_str     0x00000000000db842      0xe41 ./Drivers/STM32WBxx_HAL_Driver/Src/stm32wbxx_hal.o
                                      0xdb6c4 (size before relaxing)
 .debug_str     0x00000000000dc683      0x331 ./Drivers/STM32WBxx_HAL_Driver/Src/stm32wbxx_hal_cortex.o
                                      0xdae44 (size before relaxing)
 .debug_str     0x00000000000dc9b4      0x14c ./Drivers/STM32WBxx_HAL_Driver/Src/stm32wbxx_hal_gpio.o
                                      0xda7b8 (size before relaxing)
 .debug_str     0x00000000000dcb00      0x563 ./Drivers/STM32WBxx_HAL_Driver/Src/stm32wbxx_hal_pcd.o
                                      0xdae64 (size before relaxing)
 .debug_str     0x00000000000dd063      0x186 ./Drivers/STM32WBxx_HAL_Driver/Src/stm32wbxx_hal_pcd_ex.o
                                      0xdaaa0 (size before relaxing)
 .debug_str     0x00000000000dd1e9      0x5b7 ./Drivers/STM32WBxx_HAL_Driver/Src/stm32wbxx_hal_pwr.o
                                      0xdac4e (size before relaxing)
 .debug_str     0x00000000000dd7a0      0x826 ./Drivers/STM32WBxx_HAL_Driver/Src/stm32wbxx_hal_pwr_ex.o
                                      0xdb14f (size before relaxing)
 .debug_str     0x00000000000ddfc6      0xb3f ./Drivers/STM32WBxx_HAL_Driver/Src/stm32wbxx_hal_rcc.o
                                      0xdb63c (size before relaxing)
 .debug_str     0x00000000000deb05      0xc7d ./Drivers/STM32WBxx_HAL_Driver/Src/stm32wbxx_hal_rcc_ex.o
                                      0xdba65 (size before relaxing)
 .debug_str     0x00000000000df782      0x5ac ./Drivers/STM32WBxx_HAL_Driver/Src/stm32wbxx_hal_spi.o
                                      0xdb01b (size before relaxing)
 .debug_str     0x00000000000dfd2e      0xdfe ./Drivers/STM32WBxx_HAL_Driver/Src/stm32wbxx_hal_tim.o
                                      0xdbb5a (size before relaxing)
 .debug_str     0x00000000000e0b2c      0x658 ./Drivers/STM32WBxx_HAL_Driver/Src/stm32wbxx_hal_tim_ex.o
                                      0xdb5cc (size before relaxing)
 .debug_str     0x00000000000e1184      0x9a9 ./Drivers/STM32WBxx_HAL_Driver/Src/stm32wbxx_hal_uart.o
                                      0xdb7be (size before relaxing)
 .debug_str     0x00000000000e1b2d      0x264 ./Drivers/STM32WBxx_HAL_Driver/Src/stm32wbxx_hal_uart_ex.o
                                      0xdaeaa (size before relaxing)
 .debug_str     0x00000000000e1d91       0xd3 ./Drivers/STM32WBxx_HAL_Driver/Src/stm32wbxx_ll_usb.o
                                      0xda9a1 (size before relaxing)

.debug_frame    0x0000000000000000     0x7884
 .debug_frame   0x0000000000000000       0x5c ./Core/Src/gpio.o
 .debug_frame   0x000000000000005c       0xb4 ./Core/Src/main.o
 .debug_frame   0x0000000000000110       0xec ./Core/Src/spi.o
 .debug_frame   0x00000000000001fc       0x30 ./Core/Src/stm32wbxx_hal_msp.o
 .debug_frame   0x000000000000022c      0x104 ./Core/Src/stm32wbxx_it.o
 .debug_frame   0x0000000000000330       0x58 ./Core/Src/system_stm32wbxx.o
 .debug_frame   0x0000000000000388      0x1a8 ./Core/Src/tim.o
 .debug_frame   0x0000000000000530       0xec ./Core/Src/usart.o
 .debug_frame   0x000000000000061c       0xec ./Core/Src/usb.o
 .debug_frame   0x0000000000000708      0xa34 ./Drivers/STM32WBxx_HAL_Driver/Src/stm32wbxx_hal.o
 .debug_frame   0x000000000000113c      0x44c ./Drivers/STM32WBxx_HAL_Driver/Src/stm32wbxx_hal_cortex.o
 .debug_frame   0x0000000000001588      0x174 ./Drivers/STM32WBxx_HAL_Driver/Src/stm32wbxx_hal_gpio.o
 .debug_frame   0x00000000000016fc      0x56c ./Drivers/STM32WBxx_HAL_Driver/Src/stm32wbxx_hal_pcd.o
 .debug_frame   0x0000000000001c68      0x14c ./Drivers/STM32WBxx_HAL_Driver/Src/stm32wbxx_hal_pcd_ex.o
 .debug_frame   0x0000000000001db4      0x344 ./Drivers/STM32WBxx_HAL_Driver/Src/stm32wbxx_hal_pwr.o
 .debug_frame   0x00000000000020f8      0xb00 ./Drivers/STM32WBxx_HAL_Driver/Src/stm32wbxx_hal_pwr_ex.o
 .debug_frame   0x0000000000002bf8      0xa0c ./Drivers/STM32WBxx_HAL_Driver/Src/stm32wbxx_hal_rcc.o
 .debug_frame   0x0000000000003604      0xf38 ./Drivers/STM32WBxx_HAL_Driver/Src/stm32wbxx_hal_rcc_ex.o
 .debug_frame   0x000000000000453c      0x860 ./Drivers/STM32WBxx_HAL_Driver/Src/stm32wbxx_hal_spi.o
 .debug_frame   0x0000000000004d9c     0x121c ./Drivers/STM32WBxx_HAL_Driver/Src/stm32wbxx_hal_tim.o
 .debug_frame   0x0000000000005fb8      0x6fc ./Drivers/STM32WBxx_HAL_Driver/Src/stm32wbxx_hal_tim_ex.o
 .debug_frame   0x00000000000066b4      0xae4 ./Drivers/STM32WBxx_HAL_Driver/Src/stm32wbxx_hal_uart.o
 .debug_frame   0x0000000000007198      0x2c0 ./Drivers/STM32WBxx_HAL_Driver/Src/stm32wbxx_hal_uart_ex.o
 .debug_frame   0x0000000000007458      0x380 ./Drivers/STM32WBxx_HAL_Driver/Src/stm32wbxx_ll_usb.o
 .debug_frame   0x00000000000077d8       0x20 C:/ST/STM32CubeIDE_1.14.1/STM32CubeIDE/plugins/com.st.stm32cube.ide.mcu.externaltools.gnu-tools-for-stm32.11.3.rel1.win32_1.1.100.202309141235/tools/bin/../lib/gcc/arm-none-eabi/11.3.1/../../../../arm-none-eabi/lib/thumb/v7e-m+fp/hard\libc_nano.a(libc_a-memset.o)
 .debug_frame   0x00000000000077f8       0x2c C:/ST/STM32CubeIDE_1.14.1/STM32CubeIDE/plugins/com.st.stm32cube.ide.mcu.externaltools.gnu-tools-for-stm32.11.3.rel1.win32_1.1.100.202309141235/tools/bin/../lib/gcc/arm-none-eabi/11.3.1/../../../../arm-none-eabi/lib/thumb/v7e-m+fp/hard\libc_nano.a(libc_a-init.o)
 .debug_frame   0x0000000000007824       0x2c C:/ST/STM32CubeIDE_1.14.1/STM32CubeIDE/plugins/com.st.stm32cube.ide.mcu.externaltools.gnu-tools-for-stm32.11.3.rel1.win32_1.1.100.202309141235/tools/bin/../lib/gcc/arm-none-eabi/11.3.1/thumb/v7e-m+fp/hard\libgcc.a(_aeabi_uldivmod.o)
 .debug_frame   0x0000000000007850       0x34 C:/ST/STM32CubeIDE_1.14.1/STM32CubeIDE/plugins/com.st.stm32cube.ide.mcu.externaltools.gnu-tools-for-stm32.11.3.rel1.win32_1.1.100.202309141235/tools/bin/../lib/gcc/arm-none-eabi/11.3.1/thumb/v7e-m+fp/hard\libgcc.a(_udivmoddi4.o)

.debug_line_str
                0x0000000000000000       0x52
 .debug_line_str
                0x0000000000000000       0x52 ./Core/Startup/startup_stm32wb55rgvx.o
                                         0x6a (size before relaxing)
